fsl_gpio.h:182:20:GPIO_PortSet	16	static
fsl_gpio.h:193:20:GPIO_PortClear	16	static
CDK66_OLED.c:208:6:OLED_WrDat	24	static
CDK66_OLED.c:225:6:OLED_Wr6Dat	24	static
CDK66_OLED.c:241:6:OLED_WrCmd	24	static
CDK66_OLED.c:260:6:OLED_Delay_ms	24	static
CDK66_OLED.c:269:6:OLED_Set_Pos	16	static
CDK66_OLED.c:276:6:OLED_Fill	24	static
CDK66_OLED.c:289:6:OLED_Init	8	static
CDK66_OLED.c:330:6:OLED_PutPixel	24	static
CDK66_OLED.c:342:6:OLED_ClrPixel	24	static
CDK66_OLED.c:354:6:OLED_P6x8Str	24	static
CDK66_OLED.c:368:6:OLED_P8x16Str	24	static
CDK66_OLED.c:388:6:OLED_HEXACSII	24	static
CDK66_OLED.c:404:6:OLED_Print_Num	32	static
CDK66_OLED.c:418:6:OLED_Print_Num1	32	static
CDK66_OLED.c:434:6:dis_bmp	40	static
