fsl_gpio.h:182:20:GPIO_PortSet	16	static
fsl_gpio.h:193:20:GPIO_PortClear	16	static
CDK66_OLED.c:239:6:OLED_WrDat	24	static
CDK66_OLED.c:256:6:OLED_Wr6Dat	24	static
CDK66_OLED.c:272:6:OLED_WrCmd	24	static
CDK66_OLED.c:291:6:OLED_Delay_ms	40	static
CDK66_OLED.c:300:6:OLED_Set_Pos	16	static
CDK66_OLED.c:307:6:OLED_Fill	24	static
CDK66_OLED.c:320:6:OLED_Init	8	static
CDK66_OLED.c:367:6:OLED_PutPixel	24	static
CDK66_OLED.c:385:6:OLED_ClrPixel	24	static
CDK66_OLED.c:403:6:OLED_P6x8Str	24	static
CDK66_OLED.c:423:6:OLED_P8x16Str	24	static
CDK66_OLED.c:444:6:OLED_P14x16Str	24	static
CDK66_OLED.c:502:6:OLED_HEXACSII	24	static
CDK66_OLED.c:518:6:OLED_Print_Num	32	static
CDK66_OLED.c:532:6:OLED_Print_Num1	32	static
CDK66_OLED.c:556:6:OLED_Rectangle	32	static
CDK66_OLED.c:581:6:OLED_Show_BMP	32	static
CDK66_OLED.c:598:6:dis_bmp	40	static
