fsl_clock.h:725:20:CLOCK_EnableClock	24	static
fsl_clock.h:736:20:CLOCK_DisableClock	24	static
fsl_clock.h:1045:20:CLOCK_SetSimSafeDivs	4	static
fsl_clock.h:1428:20:CLOCK_SetXtal0Freq	16	static
fsl_clock.h:1438:20:CLOCK_SetXtal32Freq	16	static
fsl_smc.h:256:20:SMC_SetPowerModeProtection	16	static
fsl_smc.h:275:33:SMC_GetPowerModeState	16	static
fsl_rtc.h:389:20:RTC_SetOscCapLoad	24	static
clock_config.c:78:13:CLOCK_CONFIG_SetRtcClock	16	static
clock_config.c:112:13:CLOCK_CONFIG_SetFllExtRefDiv	16	static
clock_config.c:120:6:BOARD_InitBootClocks	8	static
clock_config.c:206:6:BOARD_BootClockRUN	8	static
