core_cm4.h:1679:22:__NVIC_EnableIRQ	16	static
core_cm4.h:1809:22:__NVIC_SetPriority	16	static
fsl_common.h:484:28:EnableIRQ	16	static
fsl_edma.h:462:20:EDMA_EnableAutoStopRequest	24	static
fsl_edma.h:644:20:EDMA_EnableChannelRequest	16	static
fsl_dmamux.h:75:20:DMAMUX_EnableChannel	16	static
fsl_dmamux.h:105:20:DMAMUX_SetSource	24	static
fsl_adc16.h:363:20:ADC16_EnableHardwareTrigger	16	static
fsl_ftm.h:671:20:FTM_StartTimer	24	static
peripherals.c:148:13:DMA_init	8	static
peripherals.c:293:13:ADC0_init	8	static
peripherals.c:410:13:ADC1_init	8	static
peripherals.c:535:13:FTM0_init	16	static
peripherals.c:627:13:FTM3_init	16	static
peripherals.c:659:13:GPIOB_init	8	static
peripherals.c:724:13:UART0_init	8	static
peripherals.c:734:6:BOARD_InitPeripherals	8	static
peripherals.c:753:6:BOARD_InitBootPeripherals	8	static
