fsl_gpio.h:182:20:GPIO_PortSet	16	static
fsl_gpio.h:193:20:GPIO_PortClear	16	static
CDK66_OLED.c:239:6:OLED_WrDat	24	static
CDK66_OLED.c:256:6:OLED_Wr6Dat	24	static
CDK66_OLED.c:272:6:OLED_WrCmd	24	static
CDK66_OLED.c:291:6:OLED_Delay_ms	40	static
CDK66_OLED.c:300:6:OLED_Set_Pos	16	static
CDK66_OLED.c:307:6:OLED_Fill	24	static
CDK66_OLED.c:320:6:OLED_Init	8	static
CDK66_OLED.c:367:6:OLED_PutPixel	24	static
CDK66_OLED.c:388:6:OLED_ClrPixel	24	static
CDK66_OLED.c:409:6:OLED_P6x8Str	24	static
CDK66_OLED.c:429:6:OLED_P8x16Str	24	static
CDK66_OLED.c:450:6:OLED_P14x16Str	24	static
CDK66_OLED.c:508:6:OLED_HEXACSII	24	static
CDK66_OLED.c:524:6:OLED_Print_Num	32	static
CDK66_OLED.c:538:6:OLED_Print_Num1	32	static
CDK66_OLED.c:562:6:OLED_Rectangle	32	static
CDK66_OLED.c:587:6:OLED_Show_BMP	32	static
CDK66_OLED.c:604:6:dis_bmp	40	static
