fsl_port.h:346:20:PORT_SetPinMux	24	static
fsl_gpio.h:162:20:GPIO_PinWrite	32	static
fsl_gpio.h:223:24:GPIO_PinRead	16	static
CDK66_MT9V034.c:51:6:MT9V034_Init	24	static
CDK66_MT9V034.c:115:6:MT9V034_SetFrameRate	24	static
CDK66_MT9V034.c:159:13:MT9V034_SetFrameResolution	24	static
CDK66_MT9V034.c:204:6:MT9V034_SetAutoExposure	24	static
CDK66_MT9V034.c:243:6:MT9V034_Default_Settings	8	static
CDK66_MT9V034.c:391:6:MTV_IICWriteReg16	16	static
CDK66_MT9V034.c:404:6:SCCB_Init	8	static
CDK66_MT9V034.c:422:6:SCCB_Wait	16	static
CDK66_MT9V034.c:439:6:SCCB_Star	8	static
CDK66_MT9V034.c:461:6:SCCB_Stop	8	static
CDK66_MT9V034.c:482:9:SCCB_SendByte	24	static
CDK66_MT9V034.c:527:9:SCCB_ReadByte	24	static
CDK66_MT9V034.c:557:13:SCCB_Ack	8	static
CDK66_MT9V034.c:578:13:SCCB_NAck	8	static
CDK66_MT9V034.c:600:6:SCCB_RegWrite	24	static
CDK66_MT9V034.c:640:9:SCCB_RegRead	24	static
CDK66_MT9V034.c:672:9:SCCB_Probe	24	static
