Archive member included to satisfy reference by file (symbol)

c:/nxp/mcuxpressoide_11.2.0_4120/ide/plugins/com.nxp.mcuxpresso.tools.win32_11.2.0.202001021529/tools/bin/../lib/gcc/arm-none-eabi/9.2.1/../../../../arm-none-eabi/lib/thumb/v7e-m+fp/hard\libcr_semihost_nf.a(_cr__main.o)
                              ./startup/startup_mk66f18.o (__main)
c:/nxp/mcuxpressoide_11.2.0_4120/ide/plugins/com.nxp.mcuxpresso.tools.win32_11.2.0.202001021529/tools/bin/../lib/gcc/arm-none-eabi/9.2.1/../../../../arm-none-eabi/lib/thumb/v7e-m+fp/hard\libcr_semihost_nf.a(_cr_assert.o)
                              ./source/CDK66_Ref1.o (__assertion_failed)
c:/nxp/mcuxpressoide_11.2.0_4120/ide/plugins/com.nxp.mcuxpresso.tools.win32_11.2.0.202001021529/tools/bin/../lib/gcc/arm-none-eabi/9.2.1/../../../../arm-none-eabi/lib/thumb/v7e-m+fp/hard\libcr_semihost_nf.a(__ciob.o)
                              c:/nxp/mcuxpressoide_11.2.0_4120/ide/plugins/com.nxp.mcuxpresso.tools.win32_11.2.0.202001021529/tools/bin/../lib/gcc/arm-none-eabi/9.2.1/../../../../arm-none-eabi/lib/thumb/v7e-m+fp/hard\libcr_semihost_nf.a(_cr_assert.o) (__Ciob)
c:/nxp/mcuxpressoide_11.2.0_4120/ide/plugins/com.nxp.mcuxpresso.tools.win32_11.2.0.202001021529/tools/bin/../lib/gcc/arm-none-eabi/9.2.1/../../../../arm-none-eabi/lib/thumb/v7e-m+fp/hard\libcr_semihost_nf.a(__sys_appexit.o)
                              c:/nxp/mcuxpressoide_11.2.0_4120/ide/plugins/com.nxp.mcuxpresso.tools.win32_11.2.0.202001021529/tools/bin/../lib/gcc/arm-none-eabi/9.2.1/../../../../arm-none-eabi/lib/thumb/v7e-m+fp/hard\libcr_semihost_nf.a(_cr_assert.o) (__sys_appexit)
c:/nxp/mcuxpressoide_11.2.0_4120/ide/plugins/com.nxp.mcuxpresso.tools.win32_11.2.0.202001021529/tools/bin/../lib/gcc/arm-none-eabi/9.2.1/../../../../arm-none-eabi/lib/thumb/v7e-m+fp/hard\libcr_c.a(memcpy.o)
                              ./drivers/fsl_ftfx_cache.o (memcpy)
c:/nxp/mcuxpressoide_11.2.0_4120/ide/plugins/com.nxp.mcuxpresso.tools.win32_11.2.0.202001021529/tools/bin/../lib/gcc/arm-none-eabi/9.2.1/../../../../arm-none-eabi/lib/thumb/v7e-m+fp/hard\libcr_c.a(memset.o)
                              ./drivers/fsl_adc16.o (memset)
c:/nxp/mcuxpressoide_11.2.0_4120/ide/plugins/com.nxp.mcuxpresso.tools.win32_11.2.0.202001021529/tools/bin/../lib/gcc/arm-none-eabi/9.2.1/../../../../arm-none-eabi/lib/thumb/v7e-m+fp/hard\libcr_c.a(_deferredlazyseek.o)
                              c:/nxp/mcuxpressoide_11.2.0_4120/ide/plugins/com.nxp.mcuxpresso.tools.win32_11.2.0.202001021529/tools/bin/../lib/gcc/arm-none-eabi/9.2.1/../../../../arm-none-eabi/lib/thumb/v7e-m+fp/hard\libcr_semihost_nf.a(_cr_assert.o) (__flsbuf)
c:/nxp/mcuxpressoide_11.2.0_4120/ide/plugins/com.nxp.mcuxpresso.tools.win32_11.2.0.202001021529/tools/bin/../lib/gcc/arm-none-eabi/9.2.1/../../../../arm-none-eabi/lib/thumb/v7e-m+fp/hard\libcr_c.a(_fflush.o)
                              c:/nxp/mcuxpressoide_11.2.0_4120/ide/plugins/com.nxp.mcuxpresso.tools.win32_11.2.0.202001021529/tools/bin/../lib/gcc/arm-none-eabi/9.2.1/../../../../arm-none-eabi/lib/thumb/v7e-m+fp/hard\libcr_c.a(_deferredlazyseek.o) (_fflush)
c:/nxp/mcuxpressoide_11.2.0_4120/ide/plugins/com.nxp.mcuxpresso.tools.win32_11.2.0.202001021529/tools/bin/../lib/gcc/arm-none-eabi/9.2.1/../../../../arm-none-eabi/lib/thumb/v7e-m+fp/hard\libcr_c.a(_writebuf.o)
                              c:/nxp/mcuxpressoide_11.2.0_4120/ide/plugins/com.nxp.mcuxpresso.tools.win32_11.2.0.202001021529/tools/bin/../lib/gcc/arm-none-eabi/9.2.1/../../../../arm-none-eabi/lib/thumb/v7e-m+fp/hard\libcr_c.a(_deferredlazyseek.o) (_Cwritebuf)
c:/nxp/mcuxpressoide_11.2.0_4120/ide/plugins/com.nxp.mcuxpresso.tools.win32_11.2.0.202001021529/tools/bin/../lib/gcc/arm-none-eabi/9.2.1/../../../../arm-none-eabi/lib/thumb/v7e-m+fp/hard\libcr_c.a(alloc.o)
                              ./drivers/fsl_common.o (malloc)
c:/nxp/mcuxpressoide_11.2.0_4120/ide/plugins/com.nxp.mcuxpresso.tools.win32_11.2.0.202001021529/tools/bin/../lib/gcc/arm-none-eabi/9.2.1/../../../../arm-none-eabi/lib/thumb/v7e-m+fp/hard\libcr_c.a(fputs.o)
                              c:/nxp/mcuxpressoide_11.2.0_4120/ide/plugins/com.nxp.mcuxpresso.tools.win32_11.2.0.202001021529/tools/bin/../lib/gcc/arm-none-eabi/9.2.1/../../../../arm-none-eabi/lib/thumb/v7e-m+fp/hard\libcr_semihost_nf.a(_cr_assert.o) (fputs)
c:/nxp/mcuxpressoide_11.2.0_4120/ide/plugins/com.nxp.mcuxpresso.tools.win32_11.2.0.202001021529/tools/bin/../lib/gcc/arm-none-eabi/9.2.1/../../../../arm-none-eabi/lib/thumb/v7e-m+fp/hard\libcr_c.a(fseek.o)
                              c:/nxp/mcuxpressoide_11.2.0_4120/ide/plugins/com.nxp.mcuxpresso.tools.win32_11.2.0.202001021529/tools/bin/../lib/gcc/arm-none-eabi/9.2.1/../../../../arm-none-eabi/lib/thumb/v7e-m+fp/hard\libcr_c.a(_deferredlazyseek.o) (fseek)
c:/nxp/mcuxpressoide_11.2.0_4120/ide/plugins/com.nxp.mcuxpresso.tools.win32_11.2.0.202001021529/tools/bin/../lib/gcc/arm-none-eabi/9.2.1/../../../../arm-none-eabi/lib/thumb/v7e-m+fp/hard\libcr_c.a(ftell.o)
[...]
Memory Configuration

Name             Origin             Length             Attributes
PROGRAM_FLASH    0x00000000         0x00200000         xr
SRAM_UPPER       0x20000000         0x00030000         xrw
SRAM_LOWER       0x1fff0000         0x00010000         xrw
FLEX_RAM         0x14000000         0x00001000         xrw
*default*        0x00000000         0xffffffff

Linker script and memory map

LOAD ./startup/startup_mk66f18.o
LOAD ./source/CDK66_Ref1.o
LOAD ./source/semihost_hardfault.o
LOAD ./drivers/fsl_adc16.o
LOAD ./drivers/fsl_clock.o
LOAD ./drivers/fsl_cmp.o
LOAD ./drivers/fsl_cmt.o
LOAD ./drivers/fsl_common.o
LOAD ./drivers/fsl_crc.o
LOAD ./drivers/fsl_dac.o
LOAD ./drivers/fsl_dmamux.o
LOAD ./drivers/fsl_dspi.o
LOAD ./drivers/fsl_edma.o
LOAD ./drivers/fsl_ewm.o
LOAD ./drivers/fsl_flexcan.o
LOAD ./drivers/fsl_ftfx_cache.o
LOAD ./drivers/fsl_ftfx_controller.o
LOAD ./drivers/fsl_ftfx_flash.o
LOAD ./drivers/fsl_ftfx_flexnvm.o
LOAD ./drivers/fsl_ftm.o
LOAD ./drivers/fsl_gpio.o
LOAD ./drivers/fsl_i2c.o
LOAD ./drivers/fsl_llwu.o
LOAD ./drivers/fsl_lmem_cache.o
LOAD ./drivers/fsl_lptmr.o
LOAD ./drivers/fsl_lpuart.o
LOAD ./drivers/fsl_pdb.o
LOAD ./drivers/fsl_pit.o
LOAD ./drivers/fsl_pmc.o
LOAD ./drivers/fsl_rcm.o
LOAD ./drivers/fsl_rnga.o
LOAD ./drivers/fsl_rtc.o
LOAD ./drivers/fsl_sai.o
LOAD ./drivers/fsl_sai_edma.o
LOAD ./drivers/fsl_sdhc.o
LOAD ./drivers/fsl_sdramc.o
LOAD ./drivers/fsl_sim.o
LOAD ./drivers/fsl_smc.o
LOAD ./drivers/fsl_sysmpu.o
LOAD ./drivers/fsl_tpm.o
LOAD ./drivers/fsl_uart.o
LOAD ./drivers/fsl_vref.o
LOAD ./drivers/fsl_wdog.o
LOAD ./device/system_MK66F18.o
LOAD ./component/lists/generic_list.o
LOAD ./board/board.o
LOAD ./board/clock_config.o
LOAD ./board/peripherals.o
LOAD ./board/pin_mux.o
LOAD ./CDK66/CDK66_MT9V034.o
LOAD ./CDK66/CDK66_OLED.o
START GROUP
LOAD c:/nxp/mcuxpressoide_11.2.0_4120/ide/plugins/com.nxp.mcuxpresso.tools.win32_11.2.0.202001021529/tools/bin/../lib/gcc/arm-none-eabi/9.2.1/../../../../arm-none-eabi/lib/thumb/v7e-m+fp/hard\libcr_semihost_nf.a
LOAD c:/nxp/mcuxpressoide_11.2.0_4120/ide/plugins/com.nxp.mcuxpresso.tools.win32_11.2.0.202001021529/tools/bin/../lib/gcc/arm-none-eabi/9.2.1/../../../../arm-none-eabi/lib/thumb/v7e-m+fp/hard\libcr_c.a
LOAD c:/nxp/mcuxpressoide_11.2.0_4120/ide/plugins/com.nxp.mcuxpresso.tools.win32_11.2.0.202001021529/tools/bin/../lib/gcc/arm-none-eabi/9.2.1/thumb/v7e-m+fp/hard\libcr_eabihelpers.a
LOAD c:/nxp/mcuxpressoide_11.2.0_4120/ide/plugins/com.nxp.mcuxpresso.tools.win32_11.2.0.202001021529/tools/bin/../lib/gcc/arm-none-eabi/9.2.1/thumb/v7e-m+fp/hard\libgcc.a
END GROUP
                0x00000000                __base_PROGRAM_FLASH = 0x0
                0x00000000                __base_Flash = 0x0
                0x00200000                __top_PROGRAM_FLASH = 0x200000
                0x00200000                __top_Flash = 0x200000
                0x20000000                __base_SRAM_UPPER = 0x20000000
                0x20000000                __base_RAM = 0x20000000
                0x20030000                __top_SRAM_UPPER = 0x20030000
                0x20030000                __top_RAM = 0x20030000
                0x1fff0000                __base_SRAM_LOWER = 0x1fff0000
                0x1fff0000                __base_RAM2 = 0x1fff0000
                0x20000000                __top_SRAM_LOWER = 0x20000000
                0x20000000                __top_RAM2 = 0x20000000
                0x14000000                __base_FLEX_RAM = 0x14000000
                0x14000000                __base_RAM3 = 0x14000000
                0x14001000                __top_FLEX_RAM = 0x14001000
                0x14001000                __top_RAM3 = 0x14001000

.text           0x00000000     0x8268
 FILL mask 0xff
                0x00000000                __vectors_start__ = ABSOLUTE (.)
 *(SORT_BY_ALIGNMENT(.isr_vector))
 .isr_vector    0x00000000      0x1d0 ./startup/startup_mk66f18.o
                0x00000000                g_pfnVectors
                0x00000000                __Vectors
                0x000001d0                . = ALIGN (0x4)
                0x000001d0                __section_table_start = .
                0x000001d0                __data_section_table = .
                0x000001d0        0x4 LONG 0x8268 LOADADDR (.data)
                0x000001d4        0x4 LONG 0x20000000 ADDR (.data)
                0x000001d8        0x4 LONG 0x28 SIZEOF (.data)
                0x000001dc        0x4 LONG 0x8268 LOADADDR (.data_RAM2)
                0x000001e0        0x4 LONG 0x1fff0000 ADDR (.data_RAM2)
                0x000001e4        0x4 LONG 0x0 SIZEOF (.data_RAM2)
                0x000001e8        0x4 LONG 0x8268 LOADADDR (.data_RAM3)
                0x000001ec        0x4 LONG 0x14000000 ADDR (.data_RAM3)
                0x000001f0        0x4 LONG 0x0 SIZEOF (.data_RAM3)
                0x000001f4                __data_section_table_end = .
                0x000001f4                __bss_section_table = .
                0x000001f4        0x4 LONG 0x20000028 ADDR (.bss)
                0x000001f8        0x4 LONG 0x2d0 SIZEOF (.bss)
                0x000001fc        0x4 LONG 0x1fff0000 ADDR (.bss_RAM2)
                0x00000200        0x4 LONG 0x0 SIZEOF (.bss_RAM2)
                0x00000204        0x4 LONG 0x14000000 ADDR (.bss_RAM3)
                0x00000208        0x4 LONG 0x0 SIZEOF (.bss_RAM3)
                0x0000020c                __bss_section_table_end = .
                0x0000020c                __section_table_end = .
 *(SORT_BY_ALIGNMENT(.after_vectors*))
 .after_vectors.reset
                0x0000020c       0x4c ./startup/startup_mk66f18.o
                0x0000020c                ResetISR
 .after_vectors.init_data
                0x00000258       0x1e ./startup/startup_mk66f18.o
                0x00000258                data_init
 .after_vectors.init_bss
                0x00000276       0x12 ./startup/startup_mk66f18.o
                0x00000276                bss_init
 .after_vectors
                0x00000288       0x14 ./startup/startup_mk66f18.o
                0x00000288                NMI_Handler
                0x0000028c                MemManage_Handler
                0x0000028e                BusFault_Handler
                0x00000290                UsageFault_Handler
                0x00000292                SVC_Handler
                0x00000294                DebugMon_Handler
                0x00000296                PendSV_Handler
                0x00000298                SysTick_Handler
                0x0000029a                FTM2_DriverIRQHandler
                0x0000029a                PIT2_DriverIRQHandler
                0x0000029a                TPM2_DriverIRQHandler
                0x0000029a                TSI0_DriverIRQHandler
                0x0000029a                RTC_Seconds_DriverIRQHandler
                0x0000029a                FTM1_DriverIRQHandler
                0x0000029a                LLWU_DriverIRQHandler
                0x0000029a                MCM_DriverIRQHandler
                0x0000029a                MCG_DriverIRQHandler
                0x0000029a                ENET_1588_Timer_DriverIRQHandler
                0x0000029a                DAC1_DriverIRQHandler
                0x0000029a                CMP3_DriverIRQHandler
                0x0000029a                CMP1_DriverIRQHandler
                0x0000029a                USBHSDCD_DriverIRQHandler
                0x0000029a                FTM0_DriverIRQHandler
                0x0000029a                IntDefaultHandler
                0x0000029a                USB0_DriverIRQHandler
                0x0000029a                PORTC_DriverIRQHandler
                0x0000029a                DAC0_DriverIRQHandler
                0x0000029a                CMP2_DriverIRQHandler
                0x0000029a                UART2_ERR_DriverIRQHandler
                0x0000029a                DMA_Error_DriverIRQHandler
                0x0000029a                Reserved84_DriverIRQHandler
                0x0000029a                PIT0_DriverIRQHandler
                0x0000029a                RNG_DriverIRQHandler
                0x0000029a                USBDCD_DriverIRQHandler
                0x0000029a                UART3_ERR_DriverIRQHandler
                0x0000029a                UART0_ERR_DriverIRQHandler
                0x0000029a                CMT_DriverIRQHandler
                0x0000029a                Reserved71_DriverIRQHandler
                0x0000029a                ADC1_DriverIRQHandler
                0x0000029a                PORTA_DriverIRQHandler
                0x0000029a                PIT3_DriverIRQHandler
                0x0000029a                PIT1_DriverIRQHandler
                0x0000029a                TPM1_DriverIRQHandler
                0x0000029a                WDOG_EWM_DriverIRQHandler
                0x0000029a                PDB0_DriverIRQHandler
                0x0000029a                RTC_DriverIRQHandler
                0x0000029a                Read_Collision_DriverIRQHandler
                0x0000029a                SWI_DriverIRQHandler
                0x0000029a                UART4_ERR_DriverIRQHandler
                0x0000029a                LPTMR0_DriverIRQHandler
                0x0000029a                PORTB_DriverIRQHandler
                0x0000029a                ENET_Receive_DriverIRQHandler
                0x0000029a                ENET_Error_DriverIRQHandler
                0x0000029a                Reserved85_DriverIRQHandler
                0x0000029a                ADC0_DriverIRQHandler
                0x0000029a                USBHS_DriverIRQHandler
                0x0000029a                CMP0_DriverIRQHandler
                0x0000029a                FTM3_DriverIRQHandler
                0x0000029a                LVD_LVW_DriverIRQHandler
                0x0000029a                UART1_ERR_DriverIRQHandler
                0x0000029a                ENET_Transmit_DriverIRQHandler
                0x0000029a                PORTD_DriverIRQHandler
                0x0000029a                Reserved46_DriverIRQHandler
                0x0000029a                PORTE_DriverIRQHandler
                0x0000029a                FTFE_DriverIRQHandler
                0x00000400                . = 0x400
 *fill*         0x0000029c      0x164 ff
                0x00000400                PROVIDE (__FLASH_CONFIG_START__ = .)
 *(SORT_BY_ALIGNMENT(.FlashConfig))
 .FlashConfig   0x00000400       0x10 ./startup/startup_mk66f18.o
                0x00000400                Flash_Config
                0x00000410                PROVIDE (__FLASH_CONFIG_END__ = .)
                0x00000001                ASSERT (! ((__FLASH_CONFIG_START__ == __FLASH_CONFIG_END__)), Linker Flash Config Support Enabled, but no .FlashConfig section provided within application)
 *(SORT_BY_ALIGNMENT(.text*))
 .text.vfscanf  0x00000410      0x9a8 c:/nxp/mcuxpressoide_11.2.0_4120/ide/plugins/com.nxp.mcuxpresso.tools.win32_11.2.0.202001021529/tools/bin/../lib/gcc/arm-none-eabi/9.2.1/../../../../arm-none-eabi/lib/thumb/v7e-m+fp/hard\libcr_c.a(scanf.o)
                0x00000410                vfscanf
 .text._frexpl  0x00000db8       0x68 c:/nxp/mcuxpressoide_11.2.0_4120/ide/plugins/com.nxp.mcuxpresso.tools.win32_11.2.0.202001021529/tools/bin/../lib/gcc/arm-none-eabi/9.2.1/../../../../arm-none-eabi/lib/thumb/v7e-m+fp/hard\libcr_c.a(_frexpl.o)
                0x00000db8                _frexpl
 .text._ldexpl  0x00000e20       0x5c c:/nxp/mcuxpressoide_11.2.0_4120/ide/plugins/com.nxp.mcuxpresso.tools.win32_11.2.0.202001021529/tools/bin/../lib/gcc/arm-none-eabi/9.2.1/../../../../arm-none-eabi/lib/thumb/v7e-m+fp/hard\libcr_c.a(_ldexpl.o)
                0x00000e20                _ldexpl
 .text.__NVIC_EnableIRQ
                0x00000e7c       0x3c ./source/CDK66_Ref1.o
 .text.PIT_GetDefaultConfig
                0x00000eb8       0x28 ./source/CDK66_Ref1.o
 .text.PORTB_IRQHandler
                0x00000ee0       0x9c ./source/CDK66_Ref1.o
                0x00000ee0                PORTB_IRQHandler
 .text.PcCmdProcess
                0x00000f7c       0x84 ./source/CDK66_Ref1.o
                0x00000f7c                PcCmdProcess
 .text.UART0_RX_TX_IRQHandler
                0x00001000       0xec ./source/CDK66_Ref1.o
                0x00001000                UART0_RX_TX_IRQHandler
 .text.InitPITs
                0x000010ec       0xe8 ./source/CDK66_Ref1.o
                0x000010ec                InitPITs
 .text.ShowNumDEC
                0x000011d4       0x58 ./source/CDK66_Ref1.o
                0x000011d4                ShowNumDEC
 .text.ShowNumOFF
                0x0000122c       0x18 ./source/CDK66_Ref1.o
                0x0000122c                ShowNumOFF
 .text.PIT0_IRQHandler
                0x00001244       0x38 ./source/CDK66_Ref1.o
                0x00001244                PIT0_IRQHandler
 .text.main     0x0000127c       0xc4 ./source/CDK66_Ref1.o
                0x0000127c                main
 .text.CLOCK_SetEr32kClock
                0x00001340       0x30 ./drivers/fsl_clock.o
 .text.CLOCK_SetPllFllSelClock
                0x00001370       0x58 ./drivers/fsl_clock.o
 .text.CLOCK_GetMcgExtClkFreq
                0x000013c8       0x7c ./drivers/fsl_clock.o
 .text.CLOCK_GetFllExtRefClkFreq
                0x00001444       0xb0 ./drivers/fsl_clock.o
 .text.CLOCK_GetInternalRefClkSelectFreq
                0x000014f4       0x4c ./drivers/fsl_clock.o
 .text.CLOCK_GetFllRefClkFreq
                0x00001540       0x34 ./drivers/fsl_clock.o
 .text.CLOCK_GetOscRangeFromFreq
                0x00001574       0x3c ./drivers/fsl_clock.o
 .text.CLOCK_GetOsc0ErClkUndivFreq
                0x000015b0       0x44 ./drivers/fsl_clock.o
                0x000015b0                CLOCK_GetOsc0ErClkUndivFreq
 .text.CLOCK_GetOsc0ErClkDivFreq
                0x000015f4       0x58 ./drivers/fsl_clock.o
                0x000015f4                CLOCK_GetOsc0ErClkDivFreq
 .text.CLOCK_GetEr32kClkFreq
                0x0000164c       0x74 ./drivers/fsl_clock.o
                0x0000164c                CLOCK_GetEr32kClkFreq
 .text.CLOCK_GetPllFllSelClkFreq
                0x000016c0       0x94 ./drivers/fsl_clock.o
                0x000016c0                CLOCK_GetPllFllSelClkFreq
 .text.CLOCK_GetFreq
                0x00001754      0x150 ./drivers/fsl_clock.o
                0x00001754                CLOCK_GetFreq
 .text.CLOCK_SetSimConfig
                0x000018a4       0x44 ./drivers/fsl_clock.o
                0x000018a4                CLOCK_SetSimConfig
 .text.CLOCK_GetOutClkFreq
                0x000018e8       0x90 ./drivers/fsl_clock.o
                0x000018e8                CLOCK_GetOutClkFreq
 .text.CLOCK_GetFllFreq
                0x00001978       0x84 ./drivers/fsl_clock.o
                0x00001978                CLOCK_GetFllFreq
 .text.CLOCK_GetInternalRefClkFreq
                0x000019fc       0x30 ./drivers/fsl_clock.o
                0x000019fc                CLOCK_GetInternalRefClkFreq
 .text.CLOCK_GetPll0Freq
                0x00001a2c       0x7c ./drivers/fsl_clock.o
                0x00001a2c                CLOCK_GetPll0Freq
 .text.CLOCK_GetExtPllFreq
                0x00001aa8       0x18 ./drivers/fsl_clock.o
                0x00001aa8                CLOCK_GetExtPllFreq
 .text.CLOCK_SetExternalRefClkConfig
                0x00001ac0       0x6c ./drivers/fsl_clock.o
                0x00001ac0                CLOCK_SetExternalRefClkConfig
 .text.CLOCK_EnablePll0
                0x00001b2c       0x88 ./drivers/fsl_clock.o
                0x00001b2c                CLOCK_EnablePll0
 .text.CLOCK_InitOsc0
                0x00001bb4       0x8c ./drivers/fsl_clock.o
                0x00001bb4                CLOCK_InitOsc0
 .text.CLOCK_SetPbeMode
                0x00001c40       0xe8 ./drivers/fsl_clock.o
                0x00001c40                CLOCK_SetPbeMode
 .text.CLOCK_BootToPeeMode
                0x00001d28       0x68 ./drivers/fsl_clock.o
                0x00001d28                CLOCK_BootToPeeMode
 .text.DSPI_CommonIRQHandler
                0x00001d90       0x44 ./drivers/fsl_dspi.o
 .text.SPI0_DriverIRQHandler
                0x00001dd4       0x30 ./drivers/fsl_dspi.o
                0x00001dd4                SPI0_DriverIRQHandler
 .text.SPI1_DriverIRQHandler
                0x00001e04       0x30 ./drivers/fsl_dspi.o
                0x00001e04                SPI1_DriverIRQHandler
 .text.SPI2_DriverIRQHandler
                0x00001e34       0x30 ./drivers/fsl_dspi.o
                0x00001e34                SPI2_DriverIRQHandler
 .text.EDMA_GetChannelStatusFlags
                0x00001e64       0x74 ./drivers/fsl_edma.o
                0x00001e64                EDMA_GetChannelStatusFlags
 .text.EDMA_HandleIRQ
                0x00001ed8      0x160 ./drivers/fsl_edma.o
                0x00001ed8                EDMA_HandleIRQ
 .text.DMA0_DMA16_DriverIRQHandler
                0x00002038       0x50 ./drivers/fsl_edma.o
                0x00002038                DMA0_DMA16_DriverIRQHandler
 .text.DMA1_DMA17_DriverIRQHandler
                0x00002088       0x50 ./drivers/fsl_edma.o
                0x00002088                DMA1_DMA17_DriverIRQHandler
 .text.DMA2_DMA18_DriverIRQHandler
                0x000020d8       0x50 ./drivers/fsl_edma.o
                0x000020d8                DMA2_DMA18_DriverIRQHandler
 .text.DMA3_DMA19_DriverIRQHandler
                0x00002128       0x50 ./drivers/fsl_edma.o
                0x00002128                DMA3_DMA19_DriverIRQHandler
 .text.DMA4_DMA20_DriverIRQHandler
                0x00002178       0x50 ./drivers/fsl_edma.o
                0x00002178                DMA4_DMA20_DriverIRQHandler
 .text.DMA5_DMA21_DriverIRQHandler
                0x000021c8       0x50 ./drivers/fsl_edma.o
                0x000021c8                DMA5_DMA21_DriverIRQHandler
 .text.DMA6_DMA22_DriverIRQHandler
                0x00002218       0x50 ./drivers/fsl_edma.o
                0x00002218                DMA6_DMA22_DriverIRQHandler
 .text.DMA7_DMA23_DriverIRQHandler
                0x00002268       0x50 ./drivers/fsl_edma.o
                0x00002268                DMA7_DMA23_DriverIRQHandler
 .text.DMA8_DMA24_DriverIRQHandler
                0x000022b8       0x50 ./drivers/fsl_edma.o
                0x000022b8                DMA8_DMA24_DriverIRQHandler
 .text.DMA9_DMA25_DriverIRQHandler
                0x00002308       0x50 ./drivers/fsl_edma.o
                0x00002308                DMA9_DMA25_DriverIRQHandler
 .text.DMA10_DMA26_DriverIRQHandler
                0x00002358       0x50 ./drivers/fsl_edma.o
                0x00002358                DMA10_DMA26_DriverIRQHandler
 .text.DMA11_DMA27_DriverIRQHandler
                0x000023a8       0x50 ./drivers/fsl_edma.o
                0x000023a8                DMA11_DMA27_DriverIRQHandler
 .text.DMA12_DMA28_DriverIRQHandler
                0x000023f8       0x50 ./drivers/fsl_edma.o
                0x000023f8                DMA12_DMA28_DriverIRQHandler
 .text.DMA13_DMA29_DriverIRQHandler
                0x00002448       0x50 ./drivers/fsl_edma.o
                0x00002448                DMA13_DMA29_DriverIRQHandler
 .text.DMA14_DMA30_DriverIRQHandler
                0x00002498       0x50 ./drivers/fsl_edma.o
                0x00002498                DMA14_DMA30_DriverIRQHandler
 .text.DMA15_DMA31_DriverIRQHandler
                0x000024e8       0x50 ./drivers/fsl_edma.o
                0x000024e8                DMA15_DMA31_DriverIRQHandler
 .text.CAN0_DriverIRQHandler
                0x00002538       0x3c ./drivers/fsl_flexcan.o
                0x00002538                CAN0_DriverIRQHandler
 .text.CAN1_DriverIRQHandler
                0x00002574       0x3c ./drivers/fsl_flexcan.o
                0x00002574                CAN1_DriverIRQHandler
 .text.GPIO_GetInstance
                0x000025b0       0x4c ./drivers/fsl_gpio.o
 .text.GPIO_PinInit
                0x000025fc       0x68 ./drivers/fsl_gpio.o
                0x000025fc                GPIO_PinInit
 .text.GPIO_PortGetInterruptFlags
                0x00002664       0x30 ./drivers/fsl_gpio.o
                0x00002664                GPIO_PortGetInterruptFlags
 .text.GPIO_PortClearInterruptFlags
                0x00002694       0x34 ./drivers/fsl_gpio.o
                0x00002694                GPIO_PortClearInterruptFlags
 .text.I2C_GetInstance
                0x000026c8       0x4c ./drivers/fsl_i2c.o
                0x000026c8                I2C_GetInstance
 .text.I2C_TransferCommonIRQHandler
                0x00002714       0x58 ./drivers/fsl_i2c.o
 .text.I2C_MasterInit
                0x0000276c       0xe4 ./drivers/fsl_i2c.o
                0x0000276c                I2C_MasterInit
 .text.I2C_MasterGetDefaultConfig
                0x00002850       0x48 ./drivers/fsl_i2c.o
                0x00002850                I2C_MasterGetDefaultConfig
 .text.I2C_MasterSetBaudRate
                0x00002898       0xe8 ./drivers/fsl_i2c.o
                0x00002898                I2C_MasterSetBaudRate
 .text.I2C_MasterTransferBlocking
                0x00002980      0x24c ./drivers/fsl_i2c.o
                0x00002980                I2C_MasterTransferBlocking
 .text.I2C0_DriverIRQHandler
                0x00002bcc       0x1c ./drivers/fsl_i2c.o
                0x00002bcc                I2C0_DriverIRQHandler
 .text.I2C1_DriverIRQHandler
                0x00002be8       0x1c ./drivers/fsl_i2c.o
                0x00002be8                I2C1_DriverIRQHandler
 .text.I2C2_DriverIRQHandler
                0x00002c04       0x1c ./drivers/fsl_i2c.o
                0x00002c04                I2C2_DriverIRQHandler
 .text.I2C3_DriverIRQHandler
                0x00002c20       0x1c ./drivers/fsl_i2c.o
                0x00002c20                I2C3_DriverIRQHandler
 .text.LPUART0_DriverIRQHandler
                0x00002c3c       0x28 ./drivers/fsl_lpuart.o
                0x00002c3c                LPUART0_DriverIRQHandler
 .text.PIT_GetInstance
                0x00002c64       0x44 ./drivers/fsl_pit.o
 .text.PIT_Init
                0x00002ca8       0x94 ./drivers/fsl_pit.o
                0x00002ca8                PIT_Init
 .text.RTC_Init
                0x00002d3c       0xa0 ./drivers/fsl_rtc.o
                0x00002d3c                RTC_Init
 .text.RTC_GetDefaultConfig
                0x00002ddc       0x48 ./drivers/fsl_rtc.o
                0x00002ddc                RTC_GetDefaultConfig
 .text.I2S0_Tx_DriverIRQHandler
                0x00002e24       0x3c ./drivers/fsl_sai.o
                0x00002e24                I2S0_Tx_DriverIRQHandler
 .text.I2S0_Rx_DriverIRQHandler
                0x00002e60       0x3c ./drivers/fsl_sai.o
                0x00002e60                I2S0_Rx_DriverIRQHandler
 .text.SDHC_DriverIRQHandler
                0x00002e9c       0x3c ./drivers/fsl_sdhc.o
                0x00002e9c                SDHC_DriverIRQHandler
 .text.UART_GetInstance
                0x00002ed8       0x54 ./drivers/fsl_uart.o
                0x00002ed8                UART_GetInstance
 .text.UART_Init
                0x00002f2c      0x2f4 ./drivers/fsl_uart.o
                0x00002f2c                UART_Init
 .text.UART_EnableInterrupts
                0x00003220       0x70 ./drivers/fsl_uart.o
                0x00003220                UART_EnableInterrupts
 .text.UART1_DriverIRQHandler
                0x00003290       0x28 ./drivers/fsl_uart.o
                0x00003290                UART1_DriverIRQHandler
 .text.UART2_DriverIRQHandler
                0x000032b8       0x28 ./drivers/fsl_uart.o
                0x000032b8                UART2_DriverIRQHandler
 .text.UART3_DriverIRQHandler
                0x000032e0       0x28 ./drivers/fsl_uart.o
                0x000032e0                UART3_DriverIRQHandler
 .text.UART4_DriverIRQHandler
                0x00003308       0x28 ./drivers/fsl_uart.o
                0x00003308                UART4_DriverIRQHandler
 .text.SystemInit
                0x00003330       0x3c ./device/system_MK66F18.o
                0x00003330                SystemInit
 .text.BOARD_InitI2C
                0x0000336c       0xbc ./board/board.o
                0x0000336c                BOARD_InitI2C
 .text.BOARD_I2C_GPIO
                0x00003428       0x78 ./board/board.o
                0x00003428                BOARD_I2C_GPIO
 .text.BOARD_InitRTC
                0x000034a0       0x30 ./board/board.o
                0x000034a0                BOARD_InitRTC
 .text.CLOCK_SetSimSafeDivs
                0x000034d0       0x24 ./board/clock_config.o
 .text.CLOCK_SetXtal0Freq
                0x000034f4       0x20 ./board/clock_config.o
 .text.CLOCK_SetXtal32Freq
                0x00003514       0x20 ./board/clock_config.o
 .text.CLOCK_CONFIG_SetRtcClock
                0x00003534       0x84 ./board/clock_config.o
 .text.CLOCK_CONFIG_SetFllExtRefDiv
                0x000035b8       0x3c ./board/clock_config.o
 .text.BOARD_BootClockRUN
                0x000035f4       0x5c ./board/clock_config.o
                0x000035f4                BOARD_BootClockRUN
 .text.__NVIC_EnableIRQ
                0x00003650       0x3c ./board/peripherals.o
 .text.__NVIC_SetPriority
                0x0000368c       0x54 ./board/peripherals.o
 .text.UART0_init
                0x000036e0       0x34 ./board/peripherals.o
 .text.BOARD_InitPins
                0x00003714      0x7d4 ./board/pin_mux.o
                0x00003714                BOARD_InitPins
 .text.OLED_WrDat
                0x00003ee8       0x74 ./CDK66/CDK66_OLED.o
                0x00003ee8                OLED_WrDat
 .text.OLED_WrCmd
                0x00003f5c       0x74 ./CDK66/CDK66_OLED.o
                0x00003f5c                OLED_WrCmd
 .text.OLED_Init
                0x00003fd0       0xe8 ./CDK66/CDK66_OLED.o
                0x00003fd0                OLED_Init
 .text.OLED_P8x16Str
                0x000040b8       0xc8 ./CDK66/CDK66_OLED.o
                0x000040b8                OLED_P8x16Str
 .text.__assertion_failed
                0x00004180       0x4c c:/nxp/mcuxpressoide_11.2.0_4120/ide/plugins/com.nxp.mcuxpresso.tools.win32_11.2.0.202001021529/tools/bin/../lib/gcc/arm-none-eabi/9.2.1/../../../../arm-none-eabi/lib/thumb/v7e-m+fp/hard\libcr_semihost_nf.a(_cr_assert.o)
                0x00004180                __assertion_failed
 .text.__sys_appexit
                0x000041cc        0xc c:/nxp/mcuxpressoide_11.2.0_4120/ide/plugins/com.nxp.mcuxpresso.tools.win32_11.2.0.202001021529/tools/bin/../lib/gcc/arm-none-eabi/9.2.1/../../../../arm-none-eabi/lib/thumb/v7e-m+fp/hard\libcr_semihost_nf.a(__sys_appexit.o)
                0x000041cc                __sys_appexit
                0x000041cc                __exit
 .text._Cwritebuf
                0x000041d8       0x6c c:/nxp/mcuxpressoide_11.2.0_4120/ide/plugins/com.nxp.mcuxpresso.tools.win32_11.2.0.202001021529/tools/bin/../lib/gcc/arm-none-eabi/9.2.1/../../../../arm-none-eabi/lib/thumb/v7e-m+fp/hard\libcr_c.a(_writebuf.o)
                0x000041d8                _Cwritebuf
 .text.malloc   0x00004244       0xc8 c:/nxp/mcuxpressoide_11.2.0_4120/ide/plugins/com.nxp.mcuxpresso.tools.win32_11.2.0.202001021529/tools/bin/../lib/gcc/arm-none-eabi/9.2.1/../../../../arm-none-eabi/lib/thumb/v7e-m+fp/hard\libcr_c.a(alloc.o)
                0x00004244                malloc
 .text._Csys_alloc
                0x0000430c       0x20 c:/nxp/mcuxpressoide_11.2.0_4120/ide/plugins/com.nxp.mcuxpresso.tools.win32_11.2.0.202001021529/tools/bin/../lib/gcc/arm-none-eabi/9.2.1/../../../../arm-none-eabi/lib/thumb/v7e-m+fp/hard\libcr_c.a(alloc.o)
                0x0000430c                _Csys_alloc
 .text.fseek    0x0000432c      0x100 c:/nxp/mcuxpressoide_11.2.0_4120/ide/plugins/com.nxp.mcuxpresso.tools.win32_11.2.0.202001021529/tools/bin/../lib/gcc/arm-none-eabi/9.2.1/../../../../arm-none-eabi/lib/thumb/v7e-m+fp/hard\libcr_c.a(fseek.o)
                0x0000432c                fseek
 .text.ftell    0x0000442c       0x44 c:/nxp/mcuxpressoide_11.2.0_4120/ide/plugins/com.nxp.mcuxpresso.tools.win32_11.2.0.202001021529/tools/bin/../lib/gcc/arm-none-eabi/9.2.1/../../../../arm-none-eabi/lib/thumb/v7e-m+fp/hard\libcr_c.a(ftell.o)
                0x0000442c                ftell
 .text._initio  0x00004470       0x78 c:/nxp/mcuxpressoide_11.2.0_4120/ide/plugins/com.nxp.mcuxpresso.tools.win32_11.2.0.202001021529/tools/bin/../lib/gcc/arm-none-eabi/9.2.1/../../../../arm-none-eabi/lib/thumb/v7e-m+fp/hard\libcr_c.a(initio.o)
                0x00004470                _initio
 .text.__vfprintf
                0x000044e8      0xce8 c:/nxp/mcuxpressoide_11.2.0_4120/ide/plugins/com.nxp.mcuxpresso.tools.win32_11.2.0.202001021529/tools/bin/../lib/gcc/arm-none-eabi/9.2.1/../../../../arm-none-eabi/lib/thumb/v7e-m+fp/hard\libcr_c.a(printf.o)
                0x000044e8                __vfprintf
 .text._vsnprintf
                0x000051d0       0x68 c:/nxp/mcuxpressoide_11.2.0_4120/ide/plugins/com.nxp.mcuxpresso.tools.win32_11.2.0.202001021529/tools/bin/../lib/gcc/arm-none-eabi/9.2.1/../../../../arm-none-eabi/lib/thumb/v7e-m+fp/hard\libcr_c.a(printf.o)
                0x000051d0                _vsnprintf
 .text._printf  0x00005238       0x54 c:/nxp/mcuxpressoide_11.2.0_4120/ide/plugins/com.nxp.mcuxpresso.tools.win32_11.2.0.202001021529/tools/bin/../lib/gcc/arm-none-eabi/9.2.1/../../../../arm-none-eabi/lib/thumb/v7e-m+fp/hard\libcr_c.a(printf.o)
                0x00005238                _printf
 .text.ch_val   0x0000528c       0x30 c:/nxp/mcuxpressoide_11.2.0_4120/ide/plugins/com.nxp.mcuxpresso.tools.win32_11.2.0.202001021529/tools/bin/../lib/gcc/arm-none-eabi/9.2.1/../../../../arm-none-eabi/lib/thumb/v7e-m+fp/hard\libcr_c.a(scanf.o)
 .text.cr_rd_int
                0x000052bc      0x1a8 c:/nxp/mcuxpressoide_11.2.0_4120/ide/plugins/com.nxp.mcuxpresso.tools.win32_11.2.0.202001021529/tools/bin/../lib/gcc/arm-none-eabi/9.2.1/../../../../arm-none-eabi/lib/thumb/v7e-m+fp/hard\libcr_c.a(scanf.o)
 .text.__filbuf
                0x00005464      0x178 c:/nxp/mcuxpressoide_11.2.0_4120/ide/plugins/com.nxp.mcuxpresso.tools.win32_11.2.0.202001021529/tools/bin/../lib/gcc/arm-none-eabi/9.2.1/../../../../arm-none-eabi/lib/thumb/v7e-m+fp/hard\libcr_c.a(__fillbuf.o)
                0x00005464                __filbuf
 .text._sbrk    0x000055dc       0x3c c:/nxp/mcuxpressoide_11.2.0_4120/ide/plugins/com.nxp.mcuxpresso.tools.win32_11.2.0.202001021529/tools/bin/../lib/gcc/arm-none-eabi/9.2.1/../../../../arm-none-eabi/lib/thumb/v7e-m+fp/hard\libcr_c.a(_cr_sbrk.o)
                0x000055dc                _sbrk
 .text.fflush   0x00005618       0x44 c:/nxp/mcuxpressoide_11.2.0_4120/ide/plugins/com.nxp.mcuxpresso.tools.win32_11.2.0.202001021529/tools/bin/../lib/gcc/arm-none-eabi/9.2.1/../../../../arm-none-eabi/lib/thumb/v7e-m+fp/hard\libcr_c.a(fflush.o)
                0x00005618                fflush
 .text.__check_heap_overflow
                0x0000565c       0x18 c:/nxp/mcuxpressoide_11.2.0_4120/ide/plugins/com.nxp.mcuxpresso.tools.win32_11.2.0.202001021529/tools/bin/../lib/gcc/arm-none-eabi/9.2.1/../../../../arm-none-eabi/lib/thumb/v7e-m+fp/hard\libcr_c.a(_cr_check_heap.o)
                0x0000565c                __check_heap_overflow
 .text.__aeabi_dmul
                0x00005674      0x114 c:/nxp/mcuxpressoide_11.2.0_4120/ide/plugins/com.nxp.mcuxpresso.tools.win32_11.2.0.202001021529/tools/bin/../lib/gcc/arm-none-eabi/9.2.1/thumb/v7e-m+fp/hard\libcr_eabihelpers.a(double.o)
                0x00005674                __aeabi_dmul
 .text.__aeabi_ddiv
                0x00005788      0x144 c:/nxp/mcuxpressoide_11.2.0_4120/ide/plugins/com.nxp.mcuxpresso.tools.win32_11.2.0.202001021529/tools/bin/../lib/gcc/arm-none-eabi/9.2.1/thumb/v7e-m+fp/hard\libcr_eabihelpers.a(double.o)
                0x00005788                __aeabi_ddiv
 .text.__aeabi_dsub
                0x000058cc      0x1b0 c:/nxp/mcuxpressoide_11.2.0_4120/ide/plugins/com.nxp.mcuxpresso.tools.win32_11.2.0.202001021529/tools/bin/../lib/gcc/arm-none-eabi/9.2.1/thumb/v7e-m+fp/hard\libcr_eabihelpers.a(double.o)
                0x000058cc                __aeabi_dsub
 .text.__aeabi_dadd
                0x00005a7c      0x114 c:/nxp/mcuxpressoide_11.2.0_4120/ide/plugins/com.nxp.mcuxpresso.tools.win32_11.2.0.202001021529/tools/bin/../lib/gcc/arm-none-eabi/9.2.1/thumb/v7e-m+fp/hard\libcr_eabihelpers.a(double.o)
                0x00005a7c                __aeabi_dadd
 .text.__aeabi_d2f
                0x00005b90       0x58 c:/nxp/mcuxpressoide_11.2.0_4120/ide/plugins/com.nxp.mcuxpresso.tools.win32_11.2.0.202001021529/tools/bin/../lib/gcc/arm-none-eabi/9.2.1/thumb/v7e-m+fp/hard\libcr_eabihelpers.a(double.o)
                0x00005b90                __aeabi_d2f
 .text.DMA0_DMA16_IRQHandler
                0x00005be8        0x8 ./startup/startup_mk66f18.o
                0x00005be8                DMA0_DMA16_IRQHandler
 .text.DMA1_DMA17_IRQHandler
                0x00005bf0        0x8 ./startup/startup_mk66f18.o
                0x00005bf0                DMA1_DMA17_IRQHandler
 .text.DMA2_DMA18_IRQHandler
                0x00005bf8        0x8 ./startup/startup_mk66f18.o
                0x00005bf8                DMA2_DMA18_IRQHandler
 .text.DMA3_DMA19_IRQHandler
                0x00005c00        0x8 ./startup/startup_mk66f18.o
                0x00005c00                DMA3_DMA19_IRQHandler
 .text.DMA4_DMA20_IRQHandler
                0x00005c08        0x8 ./startup/startup_mk66f18.o
                0x00005c08                DMA4_DMA20_IRQHandler
 .text.DMA5_DMA21_IRQHandler
                0x00005c10        0x8 ./startup/startup_mk66f18.o
                0x00005c10                DMA5_DMA21_IRQHandler
 .text.DMA6_DMA22_IRQHandler
                0x00005c18        0x8 ./startup/startup_mk66f18.o
                0x00005c18                DMA6_DMA22_IRQHandler
 .text.DMA7_DMA23_IRQHandler
                0x00005c20        0x8 ./startup/startup_mk66f18.o
                0x00005c20                DMA7_DMA23_IRQHandler
 .text.DMA8_DMA24_IRQHandler
                0x00005c28        0x8 ./startup/startup_mk66f18.o
                0x00005c28                DMA8_DMA24_IRQHandler
 .text.DMA9_DMA25_IRQHandler
                0x00005c30        0x8 ./startup/startup_mk66f18.o
                0x00005c30                DMA9_DMA25_IRQHandler
 .text.DMA10_DMA26_IRQHandler
                0x00005c38        0x8 ./startup/startup_mk66f18.o
                0x00005c38                DMA10_DMA26_IRQHandler
 .text.DMA11_DMA27_IRQHandler
                0x00005c40        0x8 ./startup/startup_mk66f18.o
                0x00005c40                DMA11_DMA27_IRQHandler
 .text.DMA12_DMA28_IRQHandler
                0x00005c48        0x8 ./startup/startup_mk66f18.o
                0x00005c48                DMA12_DMA28_IRQHandler
 .text.DMA13_DMA29_IRQHandler
                0x00005c50        0x8 ./startup/startup_mk66f18.o
                0x00005c50                DMA13_DMA29_IRQHandler
 .text.DMA14_DMA30_IRQHandler
                0x00005c58        0x8 ./startup/startup_mk66f18.o
                0x00005c58                DMA14_DMA30_IRQHandler
 .text.DMA15_DMA31_IRQHandler
                0x00005c60        0x8 ./startup/startup_mk66f18.o
                0x00005c60                DMA15_DMA31_IRQHandler
 .text.DMA_Error_IRQHandler
                0x00005c68        0x8 ./startup/startup_mk66f18.o
                0x00005c68                DMA_Error_IRQHandler
 .text.MCM_IRQHandler
                0x00005c70        0x8 ./startup/startup_mk66f18.o
                0x00005c70                MCM_IRQHandler
 .text.FTFE_IRQHandler
                0x00005c78        0x8 ./startup/startup_mk66f18.o
                0x00005c78                FTFE_IRQHandler
 .text.Read_Collision_IRQHandler
                0x00005c80        0x8 ./startup/startup_mk66f18.o
                0x00005c80                Read_Collision_IRQHandler
 .text.LVD_LVW_IRQHandler
                0x00005c88        0x8 ./startup/startup_mk66f18.o
                0x00005c88                LVD_LVW_IRQHandler
 .text.LLWU_IRQHandler
                0x00005c90        0x8 ./startup/startup_mk66f18.o
                0x00005c90                LLWU_IRQHandler
 .text.WDOG_EWM_IRQHandler
                0x00005c98        0x8 ./startup/startup_mk66f18.o
                0x00005c98                WDOG_EWM_IRQHandler
 .text.RNG_IRQHandler
                0x00005ca0        0x8 ./startup/startup_mk66f18.o
                0x00005ca0                RNG_IRQHandler
 .text.I2C0_IRQHandler
                0x00005ca8        0x8 ./startup/startup_mk66f18.o
                0x00005ca8                I2C0_IRQHandler
 .text.I2C1_IRQHandler
                0x00005cb0        0x8 ./startup/startup_mk66f18.o
                0x00005cb0                I2C1_IRQHandler
 .text.SPI0_IRQHandler
                0x00005cb8        0x8 ./startup/startup_mk66f18.o
                0x00005cb8                SPI0_IRQHandler
 .text.SPI1_IRQHandler
                0x00005cc0        0x8 ./startup/startup_mk66f18.o
                0x00005cc0                SPI1_IRQHandler
 .text.I2S0_Tx_IRQHandler
                0x00005cc8        0x8 ./startup/startup_mk66f18.o
                0x00005cc8                I2S0_Tx_IRQHandler
 .text.I2S0_Rx_IRQHandler
                0x00005cd0        0x8 ./startup/startup_mk66f18.o
                0x00005cd0                I2S0_Rx_IRQHandler
 .text.Reserved46_IRQHandler
                0x00005cd8        0x8 ./startup/startup_mk66f18.o
                0x00005cd8                Reserved46_IRQHandler
 .text.UART0_ERR_IRQHandler
                0x00005ce0        0x8 ./startup/startup_mk66f18.o
                0x00005ce0                UART0_ERR_IRQHandler
 .text.UART1_RX_TX_IRQHandler
                0x00005ce8        0x8 ./startup/startup_mk66f18.o
                0x00005ce8                UART1_RX_TX_IRQHandler
 .text.UART1_ERR_IRQHandler
                0x00005cf0        0x8 ./startup/startup_mk66f18.o
                0x00005cf0                UART1_ERR_IRQHandler
 .text.UART2_RX_TX_IRQHandler
                0x00005cf8        0x8 ./startup/startup_mk66f18.o
                0x00005cf8                UART2_RX_TX_IRQHandler
 .text.UART2_ERR_IRQHandler
                0x00005d00        0x8 ./startup/startup_mk66f18.o
                0x00005d00                UART2_ERR_IRQHandler
 .text.UART3_RX_TX_IRQHandler
                0x00005d08        0x8 ./startup/startup_mk66f18.o
                0x00005d08                UART3_RX_TX_IRQHandler
 .text.UART3_ERR_IRQHandler
                0x00005d10        0x8 ./startup/startup_mk66f18.o
                0x00005d10                UART3_ERR_IRQHandler
 .text.ADC0_IRQHandler
                0x00005d18        0x8 ./startup/startup_mk66f18.o
                0x00005d18                ADC0_IRQHandler
 .text.CMP0_IRQHandler
                0x00005d20        0x8 ./startup/startup_mk66f18.o
                0x00005d20                CMP0_IRQHandler
 .text.CMP1_IRQHandler
                0x00005d28        0x8 ./startup/startup_mk66f18.o
                0x00005d28                CMP1_IRQHandler
 .text.FTM0_IRQHandler
                0x00005d30        0x8 ./startup/startup_mk66f18.o
                0x00005d30                FTM0_IRQHandler
 .text.FTM1_IRQHandler
                0x00005d38        0x8 ./startup/startup_mk66f18.o
                0x00005d38                FTM1_IRQHandler
 .text.FTM2_IRQHandler
                0x00005d40        0x8 ./startup/startup_mk66f18.o
                0x00005d40                FTM2_IRQHandler
 .text.CMT_IRQHandler
                0x00005d48        0x8 ./startup/startup_mk66f18.o
                0x00005d48                CMT_IRQHandler
 .text.RTC_IRQHandler
                0x00005d50        0x8 ./startup/startup_mk66f18.o
                0x00005d50                RTC_IRQHandler
 .text.RTC_Seconds_IRQHandler
                0x00005d58        0x8 ./startup/startup_mk66f18.o
                0x00005d58                RTC_Seconds_IRQHandler
 .text.PIT1_IRQHandler
                0x00005d60        0x8 ./startup/startup_mk66f18.o
                0x00005d60                PIT1_IRQHandler
 .text.PIT2_IRQHandler
                0x00005d68        0x8 ./startup/startup_mk66f18.o
                0x00005d68                PIT2_IRQHandler
 .text.PIT3_IRQHandler
                0x00005d70        0x8 ./startup/startup_mk66f18.o
                0x00005d70                PIT3_IRQHandler
 .text.PDB0_IRQHandler
                0x00005d78        0x8 ./startup/startup_mk66f18.o
                0x00005d78                PDB0_IRQHandler
 .text.USB0_IRQHandler
                0x00005d80        0x8 ./startup/startup_mk66f18.o
                0x00005d80                USB0_IRQHandler
 .text.USBDCD_IRQHandler
                0x00005d88        0x8 ./startup/startup_mk66f18.o
                0x00005d88                USBDCD_IRQHandler
 .text.Reserved71_IRQHandler
                0x00005d90        0x8 ./startup/startup_mk66f18.o
                0x00005d90                Reserved71_IRQHandler
 .text.DAC0_IRQHandler
                0x00005d98        0x8 ./startup/startup_mk66f18.o
                0x00005d98                DAC0_IRQHandler
 .text.MCG_IRQHandler
                0x00005da0        0x8 ./startup/startup_mk66f18.o
                0x00005da0                MCG_IRQHandler
 .text.LPTMR0_IRQHandler
                0x00005da8        0x8 ./startup/startup_mk66f18.o
                0x00005da8                LPTMR0_IRQHandler
 .text.PORTA_IRQHandler
                0x00005db0        0x8 ./startup/startup_mk66f18.o
                0x00005db0                PORTA_IRQHandler
 .text.PORTC_IRQHandler
                0x00005db8        0x8 ./startup/startup_mk66f18.o
                0x00005db8                PORTC_IRQHandler
 .text.PORTD_IRQHandler
                0x00005dc0        0x8 ./startup/startup_mk66f18.o
                0x00005dc0                PORTD_IRQHandler
 .text.PORTE_IRQHandler
                0x00005dc8        0x8 ./startup/startup_mk66f18.o
                0x00005dc8                PORTE_IRQHandler
 .text.SWI_IRQHandler
                0x00005dd0        0x8 ./startup/startup_mk66f18.o
                0x00005dd0                SWI_IRQHandler
 .text.SPI2_IRQHandler
                0x00005dd8        0x8 ./startup/startup_mk66f18.o
                0x00005dd8                SPI2_IRQHandler
 .text.UART4_RX_TX_IRQHandler
                0x00005de0        0x8 ./startup/startup_mk66f18.o
                0x00005de0                UART4_RX_TX_IRQHandler
 .text.UART4_ERR_IRQHandler
                0x00005de8        0x8 ./startup/startup_mk66f18.o
                0x00005de8                UART4_ERR_IRQHandler
 .text.Reserved84_IRQHandler
                0x00005df0        0x8 ./startup/startup_mk66f18.o
                0x00005df0                Reserved84_IRQHandler
 .text.Reserved85_IRQHandler
                0x00005df8        0x8 ./startup/startup_mk66f18.o
                0x00005df8                Reserved85_IRQHandler
 .text.CMP2_IRQHandler
                0x00005e00        0x8 ./startup/startup_mk66f18.o
                0x00005e00                CMP2_IRQHandler
 .text.FTM3_IRQHandler
                0x00005e08        0x8 ./startup/startup_mk66f18.o
                0x00005e08                FTM3_IRQHandler
 .text.DAC1_IRQHandler
                0x00005e10        0x8 ./startup/startup_mk66f18.o
                0x00005e10                DAC1_IRQHandler
 .text.ADC1_IRQHandler
                0x00005e18        0x8 ./startup/startup_mk66f18.o
                0x00005e18                ADC1_IRQHandler
 .text.I2C2_IRQHandler
                0x00005e20        0x8 ./startup/startup_mk66f18.o
                0x00005e20                I2C2_IRQHandler
 .text.CAN0_ORed_Message_buffer_IRQHandler
                0x00005e28        0x8 ./startup/startup_mk66f18.o
                0x00005e28                CAN0_ORed_Message_buffer_IRQHandler
 .text.CAN0_Bus_Off_IRQHandler
                0x00005e30        0x8 ./startup/startup_mk66f18.o
                0x00005e30                CAN0_Bus_Off_IRQHandler
 .text.CAN0_Error_IRQHandler
                0x00005e38        0x8 ./startup/startup_mk66f18.o
                0x00005e38                CAN0_Error_IRQHandler
 .text.CAN0_Tx_Warning_IRQHandler
                0x00005e40        0x8 ./startup/startup_mk66f18.o
                0x00005e40                CAN0_Tx_Warning_IRQHandler
 .text.CAN0_Rx_Warning_IRQHandler
                0x00005e48        0x8 ./startup/startup_mk66f18.o
                0x00005e48                CAN0_Rx_Warning_IRQHandler
 .text.CAN0_Wake_Up_IRQHandler
                0x00005e50        0x8 ./startup/startup_mk66f18.o
                0x00005e50                CAN0_Wake_Up_IRQHandler
 .text.SDHC_IRQHandler
                0x00005e58        0x8 ./startup/startup_mk66f18.o
                0x00005e58                SDHC_IRQHandler
 .text.ENET_1588_Timer_IRQHandler
                0x00005e60        0x8 ./startup/startup_mk66f18.o
                0x00005e60                ENET_1588_Timer_IRQHandler
 .text.ENET_Transmit_IRQHandler
                0x00005e68        0x8 ./startup/startup_mk66f18.o
                0x00005e68                ENET_Transmit_IRQHandler
 .text.ENET_Receive_IRQHandler
                0x00005e70        0x8 ./startup/startup_mk66f18.o
                0x00005e70                ENET_Receive_IRQHandler
 .text.ENET_Error_IRQHandler
                0x00005e78        0x8 ./startup/startup_mk66f18.o
                0x00005e78                ENET_Error_IRQHandler
 .text.LPUART0_IRQHandler
                0x00005e80        0x8 ./startup/startup_mk66f18.o
                0x00005e80                LPUART0_IRQHandler
 .text.TSI0_IRQHandler
                0x00005e88        0x8 ./startup/startup_mk66f18.o
                0x00005e88                TSI0_IRQHandler
 .text.TPM1_IRQHandler
                0x00005e90        0x8 ./startup/startup_mk66f18.o
                0x00005e90                TPM1_IRQHandler
 .text.TPM2_IRQHandler
                0x00005e98        0x8 ./startup/startup_mk66f18.o
                0x00005e98                TPM2_IRQHandler
 .text.USBHSDCD_IRQHandler
                0x00005ea0        0x8 ./startup/startup_mk66f18.o
                0x00005ea0                USBHSDCD_IRQHandler
 .text.I2C3_IRQHandler
                0x00005ea8        0x8 ./startup/startup_mk66f18.o
                0x00005ea8                I2C3_IRQHandler
 .text.CMP3_IRQHandler
                0x00005eb0        0x8 ./startup/startup_mk66f18.o
                0x00005eb0                CMP3_IRQHandler
 .text.USBHS_IRQHandler
                0x00005eb8        0x8 ./startup/startup_mk66f18.o
                0x00005eb8                USBHS_IRQHandler
 .text.CAN1_ORed_Message_buffer_IRQHandler
                0x00005ec0        0x8 ./startup/startup_mk66f18.o
                0x00005ec0                CAN1_ORed_Message_buffer_IRQHandler
 .text.CAN1_Bus_Off_IRQHandler
                0x00005ec8        0x8 ./startup/startup_mk66f18.o
                0x00005ec8                CAN1_Bus_Off_IRQHandler
 .text.CAN1_Error_IRQHandler
                0x00005ed0        0x8 ./startup/startup_mk66f18.o
                0x00005ed0                CAN1_Error_IRQHandler
 .text.CAN1_Tx_Warning_IRQHandler
                0x00005ed8        0x8 ./startup/startup_mk66f18.o
                0x00005ed8                CAN1_Tx_Warning_IRQHandler
 .text.CAN1_Rx_Warning_IRQHandler
                0x00005ee0        0x8 ./startup/startup_mk66f18.o
                0x00005ee0                CAN1_Rx_Warning_IRQHandler
 .text.CAN1_Wake_Up_IRQHandler
                0x00005ee8        0x8 ./startup/startup_mk66f18.o
                0x00005ee8                CAN1_Wake_Up_IRQHandler
 .text.EnableIRQ
                0x00005ef0       0x2c ./source/CDK66_Ref1.o
 .text.GPIO_PortSet
                0x00005f1c       0x1c ./source/CDK66_Ref1.o
 .text.GPIO_PortClear
                0x00005f38       0x1c ./source/CDK66_Ref1.o
 .text.GPIO_PinRead
                0x00005f54       0x24 ./source/CDK66_Ref1.o
 .text.UART_ReadByte
                0x00005f78       0x1a ./source/CDK66_Ref1.o
 .text.PIT_EnableInterrupts
                0x00005f92       0x3a ./source/CDK66_Ref1.o
 .text.PIT_ClearStatusFlags
                0x00005fcc       0x2a ./source/CDK66_Ref1.o
 .text.PIT_SetTimerPeriod
                0x00005ff6       0x28 ./source/CDK66_Ref1.o
 .text.PIT_StartTimer
                0x0000601e       0x38 ./source/CDK66_Ref1.o
 .text.HardFault_Handler
                0x00006056       0x2c ./source/semihost_hardfault.o
                0x00006056                HardFault_Handler
 .text.OSC_SetExtRefClkConfig
                0x00006082       0x40 ./drivers/fsl_clock.o
 .text.OSC_SetCapLoad
                0x000060c2       0x34 ./drivers/fsl_clock.o
 .text.CLOCK_GetPll0RefFreq
                0x000060f6        0xe ./drivers/fsl_clock.o
 .text.CLOCK_GetFixedFreqClkFreq
                0x00006104       0x34 ./drivers/fsl_clock.o
                0x00006104                CLOCK_GetFixedFreqClkFreq
 .text.DSPI_IsMaster
                0x00006138       0x26 ./drivers/fsl_dspi.o
 .text.GPIO_PinWrite
                0x0000615e       0x3a ./drivers/fsl_gpio.o
 .text.CLOCK_EnableClock
                0x00006198       0x34 ./drivers/fsl_i2c.o
 .text.I2C_MasterClearStatusFlags
                0x000061cc       0x5a ./drivers/fsl_i2c.o
 .text.I2C_CheckAndClearError
                0x00006226       0x44 ./drivers/fsl_i2c.o
 .text.I2C_MasterStart
                0x0000626a       0x62 ./drivers/fsl_i2c.o
                0x0000626a                I2C_MasterStart
 .text.I2C_MasterRepeatedStart
                0x000062cc       0x9a ./drivers/fsl_i2c.o
                0x000062cc                I2C_MasterRepeatedStart
 .text.I2C_MasterStop
                0x00006366       0x3a ./drivers/fsl_i2c.o
                0x00006366                I2C_MasterStop
 .text.I2C_MasterGetStatusFlags
                0x000063a0       0x4a ./drivers/fsl_i2c.o
                0x000063a0                I2C_MasterGetStatusFlags
 .text.I2C_MasterWriteBlocking
                0x000063ea       0xdc ./drivers/fsl_i2c.o
                0x000063ea                I2C_MasterWriteBlocking
 .text.I2C_MasterReadBlocking
                0x000064c6       0xdc ./drivers/fsl_i2c.o
                0x000064c6                I2C_MasterReadBlocking
 .text.CLOCK_EnableClock
                0x000065a2       0x34 ./drivers/fsl_pit.o
 .text.CLOCK_EnableClock
                0x000065d6       0x34 ./drivers/fsl_rtc.o
 .text.RTC_Reset
                0x0000660a       0x32 ./drivers/fsl_rtc.o
 .text.RTC_GetStatusFlags
                0x0000663c       0x6a ./drivers/fsl_rtc.o
                0x0000663c                RTC_GetStatusFlags
 .text.CLOCK_EnableClock
                0x000066a6       0x34 ./drivers/fsl_uart.o
 .text.UART_GetStatusFlags
                0x000066da       0x48 ./drivers/fsl_uart.o
                0x000066da                UART_GetStatusFlags
 .text.UART1_RX_TX_DriverIRQHandler
                0x00006722       0x12 ./drivers/fsl_uart.o
                0x00006722                UART1_RX_TX_DriverIRQHandler
 .text.UART2_RX_TX_DriverIRQHandler
                0x00006734       0x12 ./drivers/fsl_uart.o
                0x00006734                UART2_RX_TX_DriverIRQHandler
 .text.UART3_RX_TX_DriverIRQHandler
                0x00006746       0x12 ./drivers/fsl_uart.o
                0x00006746                UART3_RX_TX_DriverIRQHandler
 .text.UART4_RX_TX_DriverIRQHandler
                0x00006758       0x12 ./drivers/fsl_uart.o
                0x00006758                UART4_RX_TX_DriverIRQHandler
 .text.SystemInitHook
                0x0000676a        0xe ./device/system_MK66F18.o
                0x0000676a                SystemInitHook
 .text.RTC_SetClockSource
                0x00006778       0x20 ./board/board.o
 .text.delay    0x00006798       0x26 ./board/board.o
                0x00006798                delay
 .text.delay_short
                0x000067be       0x26 ./board/board.o
                0x000067be                delay_short
 .text.InverseByteBits
                0x000067e4       0x70 ./board/board.o
                0x000067e4                InverseByteBits
 .text.CLOCK_EnableClock
                0x00006854       0x34 ./board/clock_config.o
 .text.CLOCK_DisableClock
                0x00006888       0x38 ./board/clock_config.o
 .text.RTC_SetOscCapLoad
                0x000068c0       0x32 ./board/clock_config.o
 .text.BOARD_InitBootClocks
                0x000068f2        0xc ./board/clock_config.o
                0x000068f2                BOARD_InitBootClocks
 .text.EnableIRQ
                0x000068fe       0x2c ./board/peripherals.o
 .text.GPIOB_init
                0x0000692a       0x16 ./board/peripherals.o
 .text.BOARD_InitPeripherals
                0x00006940       0x10 ./board/peripherals.o
                0x00006940                BOARD_InitPeripherals
 .text.BOARD_InitBootPeripherals
                0x00006950        0xc ./board/peripherals.o
                0x00006950                BOARD_InitBootPeripherals
 .text.CLOCK_EnableClock
                0x0000695c       0x34 ./board/pin_mux.o
 .text.PORT_SetPinMux
                0x00006990       0x3a ./board/pin_mux.o
 .text.PORT_SetPinInterruptConfig
                0x000069ca       0x3a ./board/pin_mux.o
 .text.BOARD_InitBootPins
                0x00006a04        0xc ./board/pin_mux.o
                0x00006a04                BOARD_InitBootPins
 .text.GPIO_PortSet
                0x00006a10       0x1c ./CDK66/CDK66_OLED.o
 .text.GPIO_PortClear
                0x00006a2c       0x1c ./CDK66/CDK66_OLED.o
 .text.OLED_Delay_ms
                0x00006a48       0x58 ./CDK66/CDK66_OLED.o
                0x00006a48                OLED_Delay_ms
 .text.OLED_Set_Pos
                0x00006aa0       0x44 ./CDK66/CDK66_OLED.o
                0x00006aa0                OLED_Set_Pos
 .text.OLED_Fill
                0x00006ae4       0x5a ./CDK66/CDK66_OLED.o
                0x00006ae4                OLED_Fill
 .text.__main   0x00006b3e        0xe c:/nxp/mcuxpressoide_11.2.0_4120/ide/plugins/com.nxp.mcuxpresso.tools.win32_11.2.0.202001021529/tools/bin/../lib/gcc/arm-none-eabi/9.2.1/../../../../arm-none-eabi/lib/thumb/v7e-m+fp/hard\libcr_semihost_nf.a(_cr__main.o)
                0x00006b3e                __CR_SEMIHOST
                0x00006b3e                __main
 .text.memset   0x00006b4c        0x4 c:/nxp/mcuxpressoide_11.2.0_4120/ide/plugins/com.nxp.mcuxpresso.tools.win32_11.2.0.202001021529/tools/bin/../lib/gcc/arm-none-eabi/9.2.1/../../../../arm-none-eabi/lib/thumb/v7e-m+fp/hard\libcr_c.a(memset.o)
                0x00006b4c                memset
 .text._deferredlazyseek
                0x00006b50       0x40 c:/nxp/mcuxpressoide_11.2.0_4120/ide/plugins/com.nxp.mcuxpresso.tools.win32_11.2.0.202001021529/tools/bin/../lib/gcc/arm-none-eabi/9.2.1/../../../../arm-none-eabi/lib/thumb/v7e-m+fp/hard\libcr_c.a(_deferredlazyseek.o)
                0x00006b50                _deferredlazyseek
 .text.__flsbuf
                0x00006b90      0x140 c:/nxp/mcuxpressoide_11.2.0_4120/ide/plugins/com.nxp.mcuxpresso.tools.win32_11.2.0.202001021529/tools/bin/../lib/gcc/arm-none-eabi/9.2.1/../../../../arm-none-eabi/lib/thumb/v7e-m+fp/hard\libcr_c.a(_deferredlazyseek.o)
                0x00006b90                __flsbuf
 .text._fflush  0x00006cd0       0x52 c:/nxp/mcuxpressoide_11.2.0_4120/ide/plugins/com.nxp.mcuxpresso.tools.win32_11.2.0.202001021529/tools/bin/../lib/gcc/arm-none-eabi/9.2.1/../../../../arm-none-eabi/lib/thumb/v7e-m+fp/hard\libcr_c.a(_fflush.o)
                0x00006cd0                _fflush
 .text.free     0x00006d22       0x30 c:/nxp/mcuxpressoide_11.2.0_4120/ide/plugins/com.nxp.mcuxpresso.tools.win32_11.2.0.202001021529/tools/bin/../lib/gcc/arm-none-eabi/9.2.1/../../../../arm-none-eabi/lib/thumb/v7e-m+fp/hard\libcr_c.a(alloc.o)
                0x00006d22                free
 .text.fputs    0x00006d52       0x2c c:/nxp/mcuxpressoide_11.2.0_4120/ide/plugins/com.nxp.mcuxpresso.tools.win32_11.2.0.202001021529/tools/bin/../lib/gcc/arm-none-eabi/9.2.1/../../../../arm-none-eabi/lib/thumb/v7e-m+fp/hard\libcr_c.a(fputs.o)
                0x00006d52                fputs
 .text.no_fp_display
                0x00006d7e        0x4 c:/nxp/mcuxpressoide_11.2.0_4120/ide/plugins/com.nxp.mcuxpresso.tools.win32_11.2.0.202001021529/tools/bin/../lib/gcc/arm-none-eabi/9.2.1/../../../../arm-none-eabi/lib/thumb/v7e-m+fp/hard\libcr_c.a(printf.o)
 .text.sscanf   0x00006d82       0x3e c:/nxp/mcuxpressoide_11.2.0_4120/ide/plugins/com.nxp.mcuxpresso.tools.win32_11.2.0.202001021529/tools/bin/../lib/gcc/arm-none-eabi/9.2.1/../../../../arm-none-eabi/lib/thumb/v7e-m+fp/hard\libcr_c.a(scanf.o)
                0x00006d82                sscanf
 .text.setvbuf  0x00006dc0       0x3e c:/nxp/mcuxpressoide_11.2.0_4120/ide/plugins/com.nxp.mcuxpresso.tools.win32_11.2.0.202001021529/tools/bin/../lib/gcc/arm-none-eabi/9.2.1/../../../../arm-none-eabi/lib/thumb/v7e-m+fp/hard\libcr_c.a(setvbuf.o)
                0x00006dc0                setvbuf
 .text.strlen   0x00006dfe       0x4c c:/nxp/mcuxpressoide_11.2.0_4120/ide/plugins/com.nxp.mcuxpresso.tools.win32_11.2.0.202001021529/tools/bin/../lib/gcc/arm-none-eabi/9.2.1/../../../../arm-none-eabi/lib/thumb/v7e-m+fp/hard\libcr_c.a(strlen.o)
                0x00006dfe                strlen
 .text.ungetc   0x00006e4a       0x32 c:/nxp/mcuxpressoide_11.2.0_4120/ide/plugins/com.nxp.mcuxpresso.tools.win32_11.2.0.202001021529/tools/bin/../lib/gcc/arm-none-eabi/9.2.1/../../../../arm-none-eabi/lib/thumb/v7e-m+fp/hard\libcr_c.a(ungetc.o)
                0x00006e4a                ungetc
 .text._Csys_read_
                0x00006e7c       0x22 c:/nxp/mcuxpressoide_11.2.0_4120/ide/plugins/com.nxp.mcuxpresso.tools.win32_11.2.0.202001021529/tools/bin/../lib/gcc/arm-none-eabi/9.2.1/../../../../arm-none-eabi/lib/thumb/v7e-m+fp/hard\libcr_c.a(__fillbuf.o)
                0x00006e7c                _Csys_read_
 .text._fdopen  0x00006e9e       0x68 c:/nxp/mcuxpressoide_11.2.0_4120/ide/plugins/com.nxp.mcuxpresso.tools.win32_11.2.0.202001021529/tools/bin/../lib/gcc/arm-none-eabi/9.2.1/../../../../arm-none-eabi/lib/thumb/v7e-m+fp/hard\libcr_c.a(_fdopen.o)
                0x00006e9e                _fdopen
 .text.fclose   0x00006f06       0x58 c:/nxp/mcuxpressoide_11.2.0_4120/ide/plugins/com.nxp.mcuxpresso.tools.win32_11.2.0.202001021529/tools/bin/../lib/gcc/arm-none-eabi/9.2.1/../../../../arm-none-eabi/lib/thumb/v7e-m+fp/hard\libcr_c.a(fclose.o)
                0x00006f06                fclose
 .text.remove   0x00006f5e       0x14 c:/nxp/mcuxpressoide_11.2.0_4120/ide/plugins/com.nxp.mcuxpresso.tools.win32_11.2.0.202001021529/tools/bin/../lib/gcc/arm-none-eabi/9.2.1/../../../../arm-none-eabi/lib/thumb/v7e-m+fp/hard\libcr_c.a(remove.o)
                0x00006f5e                remove
 .text._do_fflush
                0x00006f72       0x40 c:/nxp/mcuxpressoide_11.2.0_4120/ide/plugins/com.nxp.mcuxpresso.tools.win32_11.2.0.202001021529/tools/bin/../lib/gcc/arm-none-eabi/9.2.1/../../../../arm-none-eabi/lib/thumb/v7e-m+fp/hard\libcr_c.a(_do_fflush.o)
                0x00006f72                _do_fflush
 .text.__aeabi_division_uldivmod
                0x00006fb2      0x174 c:/nxp/mcuxpressoide_11.2.0_4120/ide/plugins/com.nxp.mcuxpresso.tools.win32_11.2.0.202001021529/tools/bin/../lib/gcc/arm-none-eabi/9.2.1/thumb/v7e-m+fp/hard\libcr_eabihelpers.a(division_64.o)
                0x00006fb2                __aeabi_uldivmod
                0x00006fb6                __bhs_ldivmod1
 .text.__aeabi_division_idiv0
                0x00007126        0x2 c:/nxp/mcuxpressoide_11.2.0_4120/ide/plugins/com.nxp.mcuxpresso.tools.win32_11.2.0.202001021529/tools/bin/../lib/gcc/arm-none-eabi/9.2.1/thumb/v7e-m+fp/hard\libcr_eabihelpers.a(division_idiv0.o)
                0x00007126                __aeabi_idiv0
 .text.__bhs_ui2d
                0x00007128       0x46 c:/nxp/mcuxpressoide_11.2.0_4120/ide/plugins/com.nxp.mcuxpresso.tools.win32_11.2.0.202001021529/tools/bin/../lib/gcc/arm-none-eabi/9.2.1/thumb/v7e-m+fp/hard\libcr_eabihelpers.a(double.o)
                0x00007128                __bhs_ui2d
 .text.__aeabi_i2d
                0x0000716e       0x12 c:/nxp/mcuxpressoide_11.2.0_4120/ide/plugins/com.nxp.mcuxpresso.tools.win32_11.2.0.202001021529/tools/bin/../lib/gcc/arm-none-eabi/9.2.1/thumb/v7e-m+fp/hard\libcr_eabihelpers.a(double.o)
                0x0000716e                __aeabi_i2d
 .text.__aeabi_dcmpeq
                0x00007180       0x30 c:/nxp/mcuxpressoide_11.2.0_4120/ide/plugins/com.nxp.mcuxpresso.tools.win32_11.2.0.202001021529/tools/bin/../lib/gcc/arm-none-eabi/9.2.1/thumb/v7e-m+fp/hard\libcr_eabihelpers.a(double.o)
                0x00007180                __aeabi_dcmpeq
 .text.__aeabi_dcmpge
                0x000071b0       0x5c c:/nxp/mcuxpressoide_11.2.0_4120/ide/plugins/com.nxp.mcuxpresso.tools.win32_11.2.0.202001021529/tools/bin/../lib/gcc/arm-none-eabi/9.2.1/thumb/v7e-m+fp/hard\libcr_eabihelpers.a(double.o)
                0x000071b0                __aeabi_dcmpge
 .text.__aeabi_memset_lowlevel
                0x0000720c       0x32 c:/nxp/mcuxpressoide_11.2.0_4120/ide/plugins/com.nxp.mcuxpresso.tools.win32_11.2.0.202001021529/tools/bin/../lib/gcc/arm-none-eabi/9.2.1/thumb/v7e-m+fp/hard\libcr_eabihelpers.a(memcpy.o)
                0x0000720c                __aeabi_lowlevel_memset
 .text.__sys_close
                0x0000723e        0xc c:/nxp/mcuxpressoide_11.2.0_4120/ide/plugins/com.nxp.mcuxpresso.tools.win32_11.2.0.202001021529/tools/bin/../lib/gcc/arm-none-eabi/9.2.1/../../../../arm-none-eabi/lib/thumb/v7e-m+fp/hard\libcr_semihost_nf.a(__sys_close.o)
                0x0000723e                __sys_close
 .text.__sys_flen
                0x0000724a        0xc c:/nxp/mcuxpressoide_11.2.0_4120/ide/plugins/com.nxp.mcuxpresso.tools.win32_11.2.0.202001021529/tools/bin/../lib/gcc/arm-none-eabi/9.2.1/../../../../arm-none-eabi/lib/thumb/v7e-m+fp/hard\libcr_semihost_nf.a(__sys_flen.o)
                0x0000724a                __sys_flen
 .text.__sys_istty
                0x00007256        0xc c:/nxp/mcuxpressoide_11.2.0_4120/ide/plugins/com.nxp.mcuxpresso.tools.win32_11.2.0.202001021529/tools/bin/../lib/gcc/arm-none-eabi/9.2.1/../../../../arm-none-eabi/lib/thumb/v7e-m+fp/hard\libcr_semihost_nf.a(__sys_istty.o)
                0x00007256                __sys_istty
 .text.__sys_read
                0x00007262        0xc c:/nxp/mcuxpressoide_11.2.0_4120/ide/plugins/com.nxp.mcuxpresso.tools.win32_11.2.0.202001021529/tools/bin/../lib/gcc/arm-none-eabi/9.2.1/../../../../arm-none-eabi/lib/thumb/v7e-m+fp/hard\libcr_semihost_nf.a(__sys_read.o)
                0x00007262                __sys_read
 .text.__sys_readc
                0x0000726e        0x8 c:/nxp/mcuxpressoide_11.2.0_4120/ide/plugins/com.nxp.mcuxpresso.tools.win32_11.2.0.202001021529/tools/bin/../lib/gcc/arm-none-eabi/9.2.1/../../../../arm-none-eabi/lib/thumb/v7e-m+fp/hard\libcr_semihost_nf.a(__sys_readc.o)
                0x0000726e                __sys_readc
                0x0000726e                __readc
 .text.__sys_remove
                0x00007276        0xc c:/nxp/mcuxpressoide_11.2.0_4120/ide/plugins/com.nxp.mcuxpresso.tools.win32_11.2.0.202001021529/tools/bin/../lib/gcc/arm-none-eabi/9.2.1/../../../../arm-none-eabi/lib/thumb/v7e-m+fp/hard\libcr_semihost_nf.a(__sys_remove.o)
                0x00007276                __sys_remove
 .text.__sys_seek
                0x00007282        0xc c:/nxp/mcuxpressoide_11.2.0_4120/ide/plugins/com.nxp.mcuxpresso.tools.win32_11.2.0.202001021529/tools/bin/../lib/gcc/arm-none-eabi/9.2.1/../../../../arm-none-eabi/lib/thumb/v7e-m+fp/hard\libcr_semihost_nf.a(__sys_seek.o)
                0x00007282                __sys_seek
 .text.__sys_tmpnam
                0x0000728e        0xc c:/nxp/mcuxpressoide_11.2.0_4120/ide/plugins/com.nxp.mcuxpresso.tools.win32_11.2.0.202001021529/tools/bin/../lib/gcc/arm-none-eabi/9.2.1/../../../../arm-none-eabi/lib/thumb/v7e-m+fp/hard\libcr_semihost_nf.a(__sys_tmpnam.o)
                0x0000728e                __sys_tmpnam
 .text.__sys_write
                0x0000729a        0xc c:/nxp/mcuxpressoide_11.2.0_4120/ide/plugins/com.nxp.mcuxpresso.tools.win32_11.2.0.202001021529/tools/bin/../lib/gcc/arm-none-eabi/9.2.1/../../../../arm-none-eabi/lib/thumb/v7e-m+fp/hard\libcr_semihost_nf.a(__sys_write.o)
                0x0000729a                __sys_write
 *(SORT_BY_ALIGNMENT(.rodata) SORT_BY_ALIGNMENT(.rodata.*) SORT_BY_ALIGNMENT(.constdata) SORT_BY_ALIGNMENT(.constdata.*))
 *fill*         0x000072a6        0x2 ff
 .rodata.PIT_GetDefaultConfig.str1.4
                0x000072a8       0x45 ./source/CDK66_Ref1.o
 *fill*         0x000072ed        0x3 ff
 .rodata.PcCmdProcess.str1.4
                0x000072f0       0x83 ./source/CDK66_Ref1.o
 *fill*         0x00007373        0x1 ff
 .rodata.main.str1.4
                0x00007374       0x11 ./source/CDK66_Ref1.o
 *fill*         0x00007385        0x3 ff
 .rodata.CLOCK_GetMcgExtClkFreq.str1.4
                0x00007388       0x4e ./drivers/fsl_clock.o
 *fill*         0x000073d6        0x2 ff
 .rodata.CLOCK_GetOsc0ErClkUndivFreq.str1.4
                0x000073d8       0x1f ./drivers/fsl_clock.o
 *fill*         0x000073f7        0x1 ff
 .rodata.CLOCK_GetOsc0ErClkDivFreq.str1.4
                0x000073f8       0x1f ./drivers/fsl_clock.o
 *fill*         0x00007417        0x1 ff
 .rodata.CLOCK_GetEr32kClkFreq.str1.4
                0x00007418       0x20 ./drivers/fsl_clock.o
 .rodata.CLOCK_GetPll0Freq.str1.4
                0x00007438       0x1e ./drivers/fsl_clock.o
 *fill*         0x00007456        0x2 ff
 .rodata.CLOCK_EnablePll0.str1.4
                0x00007458       0x1b ./drivers/fsl_clock.o
 *fill*         0x00007473        0x1 ff
 .rodata.CLOCK_SetPbeMode.str1.4
                0x00007474       0x1b ./drivers/fsl_clock.o
 *fill*         0x0000748f        0x1 ff
 .rodata.CLOCK_BootToPeeMode.str1.4
                0x00007490       0x1b ./drivers/fsl_clock.o
 *fill*         0x000074ab        0x1 ff
 .rodata.fllFactorTable.8351
                0x000074ac       0x10 ./drivers/fsl_clock.o
 .rodata.SPI0_DriverIRQHandler.str1.4
                0x000074bc       0x2b ./drivers/fsl_dspi.o
 *fill*         0x000074e7        0x1 ff
 .rodata.SPI1_DriverIRQHandler.str1.4
                0x000074e8       0x2b ./drivers/fsl_dspi.o
 *fill*         0x00007513        0x1 ff
 .rodata.SPI2_DriverIRQHandler.str1.4
                0x00007514       0x2b ./drivers/fsl_dspi.o
 *fill*         0x0000753f        0x1 ff
 .rodata.EDMA_GetChannelStatusFlags.str1.4
                0x00007540       0x46 ./drivers/fsl_edma.o
 *fill*         0x00007586        0x2 ff
 .rodata.EDMA_HandleIRQ.str1.4
                0x00007588       0x22 ./drivers/fsl_edma.o
 *fill*         0x000075aa        0x2 ff
 .rodata.CAN0_DriverIRQHandler.str1.4
                0x000075ac       0x31 ./drivers/fsl_flexcan.o
 *fill*         0x000075dd        0x3 ff
 .rodata.CAN1_DriverIRQHandler.str1.4
                0x000075e0       0x31 ./drivers/fsl_flexcan.o
 *fill*         0x00007611        0x3 ff
 .rodata.s_portBases
                0x00007614       0x14 ./drivers/fsl_gpio.o
 .rodata.s_gpioBases
                0x00007628       0x14 ./drivers/fsl_gpio.o
 .rodata.GPIO_GetInstance.str1.4
                0x0000763c       0x34 ./drivers/fsl_gpio.o
 .rodata.GPIO_PinInit.str1.4
                0x00007670       0x21 ./drivers/fsl_gpio.o
 *fill*         0x00007691        0x3 ff
 .rodata.s_i2cDividerTable
                0x00007694       0x80 ./drivers/fsl_i2c.o
 .rodata.s_i2cClocks
                0x00007714       0x10 ./drivers/fsl_i2c.o
 .rodata.s_i2cBases
                0x00007724       0x10 ./drivers/fsl_i2c.o
 .rodata.I2C_GetInstance.str1.4
                0x00007734       0x33 ./drivers/fsl_i2c.o
 *fill*         0x00007767        0x1 ff
 .rodata.I2C_MasterInit.str1.4
                0x00007768       0x4b ./drivers/fsl_i2c.o
 *fill*         0x000077b3        0x1 ff
 .rodata.I2C_MasterGetDefaultConfig.str1.4
                0x000077b4       0x26 ./drivers/fsl_i2c.o
 *fill*         0x000077da        0x2 ff
 .rodata.I2C_MasterTransferBlocking.str1.4
                0x000077dc       0x1f ./drivers/fsl_i2c.o
 *fill*         0x000077fb        0x1 ff
 .rodata.PIT_GetInstance.str1.4
                0x000077fc       0x32 ./drivers/fsl_pit.o
 *fill*         0x0000782e        0x2 ff
 .rodata.PIT_Init.str1.4
                0x00007830       0x1f ./drivers/fsl_pit.o
 *fill*         0x0000784f        0x1 ff
 .rodata.RTC_Init.str1.4
                0x00007850       0x20 ./drivers/fsl_rtc.o
 .rodata.RTC_GetDefaultConfig.str1.4
                0x00007870       0x20 ./drivers/fsl_rtc.o
 .rodata.I2S0_Tx_DriverIRQHandler.str1.4
                0x00007890       0x2c ./drivers/fsl_sai.o
 .rodata.I2S0_Rx_DriverIRQHandler.str1.4
                0x000078bc       0x2c ./drivers/fsl_sai.o
 .rodata.SDHC_DriverIRQHandler.str1.4
                0x000078e8       0x2b ./drivers/fsl_sdhc.o
 *fill*         0x00007913        0x1 ff
 .rodata.s_uartBases
                0x00007914       0x14 ./drivers/fsl_uart.o
 .rodata.s_uartClock
                0x00007928       0x14 ./drivers/fsl_uart.o
 .rodata.UART_GetInstance.str1.4
                0x0000793c       0x2c ./drivers/fsl_uart.o
 .rodata.UART_Init.str1.4
                0x00007968       0xf4 ./drivers/fsl_uart.o
 .rodata.mcgConfig_BOARD_BootClockRUN
                0x00007a5c        0xc ./board/clock_config.o
                0x00007a5c                mcgConfig_BOARD_BootClockRUN
 .rodata.simConfig_BOARD_BootClockRUN
                0x00007a68        0x8 ./board/clock_config.o
                0x00007a68                simConfig_BOARD_BootClockRUN
 .rodata.oscConfig_BOARD_BootClockRUN
                0x00007a70        0x8 ./board/clock_config.o
                0x00007a70                oscConfig_BOARD_BootClockRUN
 .rodata.UART0_config
                0x00007a78       0x10 ./board/peripherals.o
                0x00007a78                UART0_config
 .rodata        0x00007a88        0x2 ./board/pin_mux.o
 *fill*         0x00007a8a        0x2 ff
 .rodata.F8X16  0x00007a8c      0x5f0 ./CDK66/CDK66_OLED.o
                0x00007a8c                F8X16
 .rodata.__num_Ciob_streams
                0x0000807c        0x4 c:/nxp/mcuxpressoide_11.2.0_4120/ide/plugins/com.nxp.mcuxpresso.tools.win32_11.2.0.202001021529/tools/bin/../lib/gcc/arm-none-eabi/9.2.1/../../../../arm-none-eabi/lib/thumb/v7e-m+fp/hard\libcr_semihost_nf.a(__ciob.o)
                0x0000807c                __num_Ciob_streams
 .rodata.__assertion_failed.str1.1
                0x00008080       0x15 c:/nxp/mcuxpressoide_11.2.0_4120/ide/plugins/com.nxp.mcuxpresso.tools.win32_11.2.0.202001021529/tools/bin/../lib/gcc/arm-none-eabi/9.2.1/../../../../arm-none-eabi/lib/thumb/v7e-m+fp/hard\libcr_semihost_nf.a(_cr_assert.o)
 .rodata._Csys_alloc.str1.1
                0x00008095       0x18 c:/nxp/mcuxpressoide_11.2.0_4120/ide/plugins/com.nxp.mcuxpresso.tools.win32_11.2.0.202001021529/tools/bin/../lib/gcc/arm-none-eabi/9.2.1/../../../../arm-none-eabi/lib/thumb/v7e-m+fp/hard\libcr_c.a(alloc.o)
 .rodata._initio.str1.1
                0x000080ad        0x4 c:/nxp/mcuxpressoide_11.2.0_4120/ide/plugins/com.nxp.mcuxpresso.tools.win32_11.2.0.202001021529/tools/bin/../lib/gcc/arm-none-eabi/9.2.1/../../../../arm-none-eabi/lib/thumb/v7e-m+fp/hard\libcr_c.a(initio.o)
 .rodata.__vfprintf.str1.1
                0x000080b1       0x35 c:/nxp/mcuxpressoide_11.2.0_4120/ide/plugins/com.nxp.mcuxpresso.tools.win32_11.2.0.202001021529/tools/bin/../lib/gcc/arm-none-eabi/9.2.1/../../../../arm-none-eabi/lib/thumb/v7e-m+fp/hard\libcr_c.a(printf.o)
                                 0x38 (size before relaxing)
 .rodata.__ctype
                0x000080e6      0x180 c:/nxp/mcuxpressoide_11.2.0_4120/ide/plugins/com.nxp.mcuxpresso.tools.win32_11.2.0.202001021529/tools/bin/../lib/gcc/arm-none-eabi/9.2.1/../../../../arm-none-eabi/lib/thumb/v7e-m+fp/hard\libcr_c.a(ctype.o)
                0x000080e6                __ctype
                0x00008268                . = ALIGN (0x8)
 *fill*         0x00008266        0x2 ff

.glue_7         0x00008268        0x0
 .glue_7        0x00008268        0x0 linker stubs

.glue_7t        0x00008268        0x0
 .glue_7t       0x00008268        0x0 linker stubs

.vfp11_veneer   0x00008268        0x0
 .vfp11_veneer  0x00008268        0x0 linker stubs

.v4_bx          0x00008268        0x0
 .v4_bx         0x00008268        0x0 linker stubs

.iplt           0x00008268        0x0
 .iplt          0x00008268        0x0 ./startup/startup_mk66f18.o

.rel.dyn        0x00008268        0x0
 .rel.iplt      0x00008268        0x0 ./startup/startup_mk66f18.o

.ARM.extab
 *(SORT_BY_ALIGNMENT(.ARM.extab*) SORT_BY_ALIGNMENT(.gnu.linkonce.armextab.*))

.ARM.exidx      0x00008268        0x0
                0x00008268                __exidx_start = .
 *(SORT_BY_ALIGNMENT(.ARM.exidx*) SORT_BY_ALIGNMENT(.gnu.linkonce.armexidx.*))
                0x00008268                __exidx_end = .
                0x00008268                _etext = .

.m_usb_data
 *(SORT_BY_ALIGNMENT(m_usb_bdt))

.data_RAM2      0x1fff0000        0x0 load address 0x00008268
 FILL mask 0xff
                [!provide]                PROVIDE (__start_data_RAM2 = .)
                [!provide]                PROVIDE (__start_data_SRAM_LOWER = .)
 *(SORT_BY_ALIGNMENT(.ramfunc.$RAM2))
 *(SORT_BY_ALIGNMENT(.ramfunc.$SRAM_LOWER))
 *(SORT_BY_ALIGNMENT(.data.$RAM2))
 *(SORT_BY_ALIGNMENT(.data.$SRAM_LOWER))
 *(SORT_BY_ALIGNMENT(.data.$RAM2.*))
 *(SORT_BY_ALIGNMENT(.data.$SRAM_LOWER.*))
                0x1fff0000                . = ALIGN (0x8)
                [!provide]                PROVIDE (__end_data_RAM2 = .)
                [!provide]                PROVIDE (__end_data_SRAM_LOWER = .)

.data_RAM3      0x14000000        0x0 load address 0x00008268
 FILL mask 0xff
                [!provide]                PROVIDE (__start_data_RAM3 = .)
                [!provide]                PROVIDE (__start_data_FLEX_RAM = .)
 *(SORT_BY_ALIGNMENT(.ramfunc.$RAM3))
 *(SORT_BY_ALIGNMENT(.ramfunc.$FLEX_RAM))
 *(SORT_BY_ALIGNMENT(.data.$RAM3))
 *(SORT_BY_ALIGNMENT(.data.$FLEX_RAM))
 *(SORT_BY_ALIGNMENT(.data.$RAM3.*))
 *(SORT_BY_ALIGNMENT(.data.$FLEX_RAM.*))
                0x14000000                . = ALIGN (0x8)
                [!provide]                PROVIDE (__end_data_RAM3 = .)
                [!provide]                PROVIDE (__end_data_FLEX_RAM = .)

.uninit_RESERVED
                0x20000000        0x0
                0x20000000                _start_uninit_RESERVED = .
 *(SORT_BY_ALIGNMENT(.bss.$RESERVED*))
                0x20000000                . = ALIGN (0x8)
                0x20000000                _end_uninit_RESERVED = .

.data           0x20000000       0x28 load address 0x00008268
 FILL mask 0xff
                0x20000000                _data = .
                [!provide]                PROVIDE (__start_data_RAM = .)
                [!provide]                PROVIDE (__start_data_SRAM_UPPER = .)
 *(SORT_BY_ALIGNMENT(vtable))
 *(SORT_BY_ALIGNMENT(.ramfunc*))
 *(SORT_BY_ALIGNMENT(CodeQuickAccess))
 *(SORT_BY_ALIGNMENT(DataQuickAccess))
 *(SORT_BY_ALIGNMENT(RamFunction))
 *(SORT_BY_ALIGNMENT(.data*))
 .data.DSPTable
                0x20000000       0x10 ./source/CDK66_Ref1.o
 .data.s_slowIrcFreq
                0x20000010        0x4 ./drivers/fsl_clock.o
 .data.s_fastIrcFreq
                0x20000014        0x4 ./drivers/fsl_clock.o
 .data.SystemCoreClock
                0x20000018        0x4 ./device/system_MK66F18.o
                0x20000018                SystemCoreClock
 .data.neginf.5757
                0x2000001c        0x4 c:/nxp/mcuxpressoide_11.2.0_4120/ide/plugins/com.nxp.mcuxpresso.tools.win32_11.2.0.202001021529/tools/bin/../lib/gcc/arm-none-eabi/9.2.1/../../../../arm-none-eabi/lib/thumb/v7e-m+fp/hard\libcr_c.a(scanf.o)
 .data.posinf.5756
                0x20000020        0x4 c:/nxp/mcuxpressoide_11.2.0_4120/ide/plugins/com.nxp.mcuxpresso.tools.win32_11.2.0.202001021529/tools/bin/../lib/gcc/arm-none-eabi/9.2.1/../../../../arm-none-eabi/lib/thumb/v7e-m+fp/hard\libcr_c.a(scanf.o)
                0x20000028                . = ALIGN (0x8)
 *fill*         0x20000024        0x4 ff
                0x20000028                _edata = .
                [!provide]                PROVIDE (__end_data_RAM = .)
                [!provide]                PROVIDE (__end_data_SRAM_UPPER = .)

.igot.plt       0x20000028        0x0 load address 0x00008290
 .igot.plt      0x20000028        0x0 ./startup/startup_mk66f18.o

.bss_RAM2       0x1fff0000        0x0
                [!provide]                PROVIDE (__start_bss_RAM2 = .)
                [!provide]                PROVIDE (__start_bss_SRAM_LOWER = .)
 *(SORT_BY_ALIGNMENT(.bss.$RAM2))
 *(SORT_BY_ALIGNMENT(.bss.$SRAM_LOWER))
 *(SORT_BY_ALIGNMENT(.bss.$RAM2.*))
 *(SORT_BY_ALIGNMENT(.bss.$SRAM_LOWER.*))
                0x1fff0000                . = ALIGN ((. != 0x0)?0x8:0x1)
                [!provide]                PROVIDE (__end_bss_RAM2 = .)
                [!provide]                PROVIDE (__end_bss_SRAM_LOWER = .)

.bss_RAM3       0x14000000        0x0
                [!provide]                PROVIDE (__start_bss_RAM3 = .)
                [!provide]                PROVIDE (__start_bss_FLEX_RAM = .)
 *(SORT_BY_ALIGNMENT(.bss.$RAM3))
 *(SORT_BY_ALIGNMENT(.bss.$FLEX_RAM))
 *(SORT_BY_ALIGNMENT(.bss.$RAM3.*))
 *(SORT_BY_ALIGNMENT(.bss.$FLEX_RAM.*))
                0x14000000                . = ALIGN ((. != 0x0)?0x8:0x1)
                [!provide]                PROVIDE (__end_bss_RAM3 = .)
                [!provide]                PROVIDE (__end_bss_FLEX_RAM = .)

.bss            0x20000028      0x2d0
                0x20000028                _bss = .
                [!provide]                PROVIDE (__start_bss_RAM = .)
                [!provide]                PROVIDE (__start_bss_SRAM_UPPER = .)
 *(SORT_BY_ALIGNMENT(.bss*))
 .bss.appTick   0x20000028        0x4 ./source/CDK66_Ref1.o
 .bss.appTick2  0x2000002c        0x4 ./source/CDK66_Ref1.o
 .bss.QESVar    0x20000030        0x4 ./source/CDK66_Ref1.o
 .bss.UsbRingBuffer
                0x20000034       0x80 ./source/CDK66_Ref1.o
                0x20000034                UsbRingBuffer
 .bss.CmdDataBuffer
                0x200000b4       0x64 ./source/CDK66_Ref1.o
                0x200000b4                CmdDataBuffer
 .bss.s_extPllFreq
                0x20000118        0x4 ./drivers/fsl_clock.o
 .bss.g_xtal0Freq
                0x2000011c        0x4 ./drivers/fsl_clock.o
                0x2000011c                g_xtal0Freq
 .bss.g_xtal32Freq
                0x20000120        0x4 ./drivers/fsl_clock.o
                0x20000120                g_xtal32Freq
 .bss.g_dspiHandle
                0x20000124        0xc ./drivers/fsl_dspi.o
 .bss.s_dspiMasterIsr
                0x20000130        0x4 ./drivers/fsl_dspi.o
 .bss.s_dspiSlaveIsr
                0x20000134        0x4 ./drivers/fsl_dspi.o
 .bss.s_EDMAHandle
                0x20000138       0x80 ./drivers/fsl_edma.o
 .bss.s_flexcanHandle
                0x200001b8        0x8 ./drivers/fsl_flexcan.o
 .bss.s_flexcanIsr
                0x200001c0        0x4 ./drivers/fsl_flexcan.o
 .bss.s_i2cHandle
                0x200001c4       0x10 ./drivers/fsl_i2c.o
 .bss.s_i2cMasterIsr
                0x200001d4        0x4 ./drivers/fsl_i2c.o
 .bss.s_i2cSlaveIsr
                0x200001d8        0x4 ./drivers/fsl_i2c.o
 .bss.s_lpuartHandle
                0x200001dc        0x4 ./drivers/fsl_lpuart.o
 .bss.s_lpuartIsr
                0x200001e0        0x4 ./drivers/fsl_lpuart.o
 .bss.s_saiHandle
                0x200001e4        0x8 ./drivers/fsl_sai.o
 .bss.s_saiTxIsr
                0x200001ec        0x4 ./drivers/fsl_sai.o
 .bss.s_saiRxIsr
                0x200001f0        0x4 ./drivers/fsl_sai.o
 .bss.s_sdhcHandle
                0x200001f4        0x4 ./drivers/fsl_sdhc.o
 .bss.s_sdhcIsr
                0x200001f8        0x4 ./drivers/fsl_sdhc.o
 .bss.s_uartHandle
                0x200001fc       0x14 ./drivers/fsl_uart.o
 .bss.s_uartIsr
                0x20000210        0x4 ./drivers/fsl_uart.o
 .bss.g_master_txBuff
                0x20000214        0x2 ./board/board.o
                0x20000214                g_master_txBuff
 *fill*         0x20000216        0x2 
 .bss.masterXfer
                0x20000218       0x18 ./board/board.o
                0x20000218                masterXfer
 .bss.__Ciob    0x20000230       0xb4 c:/nxp/mcuxpressoide_11.2.0_4120/ide/plugins/com.nxp.mcuxpresso.tools.win32_11.2.0.202001021529/tools/bin/../lib/gcc/arm-none-eabi/9.2.1/../../../../arm-none-eabi/lib/thumb/v7e-m+fp/hard\libcr_semihost_nf.a(__ciob.o)
                0x20000230                __Ciob
 .bss.__end_of_heap
                0x200002e4        0x4 c:/nxp/mcuxpressoide_11.2.0_4120/ide/plugins/com.nxp.mcuxpresso.tools.win32_11.2.0.202001021529/tools/bin/../lib/gcc/arm-none-eabi/9.2.1/../../../../arm-none-eabi/lib/thumb/v7e-m+fp/hard\libcr_c.a(__init_alloc.o)
                0x200002e4                __end_of_heap
 .bss.__heaps   0x200002e8        0x4 c:/nxp/mcuxpressoide_11.2.0_4120/ide/plugins/com.nxp.mcuxpresso.tools.win32_11.2.0.202001021529/tools/bin/../lib/gcc/arm-none-eabi/9.2.1/../../../../arm-none-eabi/lib/thumb/v7e-m+fp/hard\libcr_c.a(__init_alloc.o)
                0x200002e8                __heaps
 .bss.errno     0x200002ec        0x4 c:/nxp/mcuxpressoide_11.2.0_4120/ide/plugins/com.nxp.mcuxpresso.tools.win32_11.2.0.202001021529/tools/bin/../lib/gcc/arm-none-eabi/9.2.1/../../../../arm-none-eabi/lib/thumb/v7e-m+fp/hard\libcr_c.a(errno.o)
                0x200002ec                errno
 .bss.txIndexUSB
                0x200002f0        0x2 ./source/CDK66_Ref1.o
                0x200002f0                txIndexUSB
 .bss.rxIndexUSB
                0x200002f2        0x2 ./source/CDK66_Ref1.o
                0x200002f2                rxIndexUSB
 .bss.CmdDataLen
                0x200002f4        0x1 ./source/CDK66_Ref1.o
                0x200002f4                CmdDataLen
 .bss.CmdDataReady
                0x200002f5        0x1 ./source/CDK66_Ref1.o
                0x200002f5                CmdDataReady
 *(SORT_BY_ALIGNMENT(COMMON))
                0x200002f8                . = ALIGN (0x8)
 *fill*         0x200002f6        0x2 
                0x200002f8                _ebss = .
                [!provide]                PROVIDE (__end_bss_RAM = .)
                [!provide]                PROVIDE (__end_bss_SRAM_UPPER = .)
                [!provide]                PROVIDE (end = .)

.noinit_RAM2    0x1fff0000        0x0
                [!provide]                PROVIDE (__start_noinit_RAM2 = .)
                [!provide]                PROVIDE (__start_noinit_SRAM_LOWER = .)
 *(SORT_BY_ALIGNMENT(.noinit.$RAM2))
 *(SORT_BY_ALIGNMENT(.noinit.$SRAM_LOWER))
 *(SORT_BY_ALIGNMENT(.noinit.$RAM2.*))
 *(SORT_BY_ALIGNMENT(.noinit.$SRAM_LOWER.*))
                0x1fff0000                . = ALIGN (0x8)
                [!provide]                PROVIDE (__end_noinit_RAM2 = .)
                [!provide]                PROVIDE (__end_noinit_SRAM_LOWER = .)

.noinit_RAM3    0x14000000        0x0
                [!provide]                PROVIDE (__start_noinit_RAM3 = .)
                [!provide]                PROVIDE (__start_noinit_FLEX_RAM = .)
 *(SORT_BY_ALIGNMENT(.noinit.$RAM3))
 *(SORT_BY_ALIGNMENT(.noinit.$FLEX_RAM))
 *(SORT_BY_ALIGNMENT(.noinit.$RAM3.*))
 *(SORT_BY_ALIGNMENT(.noinit.$FLEX_RAM.*))
                0x14000000                . = ALIGN (0x8)
                [!provide]                PROVIDE (__end_noinit_RAM3 = .)
                [!provide]                PROVIDE (__end_noinit_FLEX_RAM = .)

.noinit         0x200002f8        0x0
                0x200002f8                _noinit = .
                [!provide]                PROVIDE (__start_noinit_RAM = .)
                [!provide]                PROVIDE (__start_noinit_SRAM_UPPER = .)
 *(SORT_BY_ALIGNMENT(.noinit*))
                0x200002f8                . = ALIGN (0x8)
                0x200002f8                _end_noinit = .
                [!provide]                PROVIDE (__end_noinit_RAM = .)
                [!provide]                PROVIDE (__end_noinit_SRAM_UPPER = .)
                0x00001000                _HeapSize = 0x1000

.heap           0x200002f8     0x1000
                0x200002f8                _pvHeapStart = .
                0x200012f8                . = (. + _HeapSize)
 *fill*         0x200002f8     0x1000 
                0x200012f8                . = ALIGN (0x8)
                0x200012f8                _pvHeapLimit = .
                0x00001000                _StackSize = 0x1000

.heap2stackfill
                0x200012f8     0x1000
                0x200022f8                . = (. + _StackSize)
 *fill*         0x200012f8     0x1000 

.stack          0x2002f000        0x0
                0x2002f000                _vStackBase = .
                0x2002f000                . = ALIGN (0x8)
                0x20030000                _vStackTop = (. + _StackSize)
                0x00000000                _image_start = LOADADDR (.text)
                0x00008290                _image_end = (LOADADDR (.data) + SIZEOF (.data))
                0x00008290                _image_size = (_image_end - _image_start)
OUTPUT(CDK66_Ref1.axf elf32-littlearm)

.debug_info     0x00000000    0x1d34b
 .debug_info    0x00000000      0xa38 ./startup/startup_mk66f18.o
 .debug_info    0x00000a38     0x1996 ./source/CDK66_Ref1.o
 .debug_info    0x000023ce       0x3c ./source/semihost_hardfault.o
 .debug_info    0x0000240a     0x2957 ./drivers/fsl_clock.o
 .debug_info    0x00004d61     0x2672 ./drivers/fsl_dspi.o
 .debug_info    0x000073d3     0x24d9 ./drivers/fsl_edma.o
 .debug_info    0x000098ac     0x24dd ./drivers/fsl_flexcan.o
 .debug_info    0x0000bd89      0x6f8 ./drivers/fsl_gpio.o
 .debug_info    0x0000c481     0x1fc9 ./drivers/fsl_i2c.o
 .debug_info    0x0000e44a     0x1b8a ./drivers/fsl_lpuart.o
 .debug_info    0x0000ffd4      0x891 ./drivers/fsl_pit.o
 .debug_info    0x00010865      0xae4 ./drivers/fsl_rtc.o
 .debug_info    0x00011349     0x3120 ./drivers/fsl_sai.o
 .debug_info    0x00014469     0x22da ./drivers/fsl_sdhc.o
 .debug_info    0x00016743     0x1dc9 ./drivers/fsl_uart.o
 .debug_info    0x0001850c      0xaa4 ./device/system_MK66F18.o
 .debug_info    0x00018fb0      0xe2b ./board/board.o
 .debug_info    0x00019ddb      0xf29 ./board/clock_config.o
 .debug_info    0x0001ad04      0xf37 ./board/peripherals.o
 .debug_info    0x0001bc3b      0xb30 ./board/pin_mux.o
 .debug_info    0x0001c76b      0xbe0 ./CDK66/CDK66_OLED.o

.debug_abbrev   0x00000000     0x3716
 .debug_abbrev  0x00000000      0x17a ./startup/startup_mk66f18.o
 .debug_abbrev  0x0000017a      0x386 ./source/CDK66_Ref1.o
 .debug_abbrev  0x00000500       0x31 ./source/semihost_hardfault.o
 .debug_abbrev  0x00000531      0x37a ./drivers/fsl_clock.o
 .debug_abbrev  0x000008ab      0x399 ./drivers/fsl_dspi.o
 .debug_abbrev  0x00000c44      0x3fd ./drivers/fsl_edma.o
 .debug_abbrev  0x00001041      0x323 ./drivers/fsl_flexcan.o
 .debug_abbrev  0x00001364      0x1b8 ./drivers/fsl_gpio.o
 .debug_abbrev  0x0000151c      0x395 ./drivers/fsl_i2c.o
 .debug_abbrev  0x000018b1      0x329 ./drivers/fsl_lpuart.o
 .debug_abbrev  0x00001bda      0x23b ./drivers/fsl_pit.o
 .debug_abbrev  0x00001e15      0x2c0 ./drivers/fsl_rtc.o
 .debug_abbrev  0x000020d5      0x309 ./drivers/fsl_sai.o
 .debug_abbrev  0x000023de      0x32b ./drivers/fsl_sdhc.o
 .debug_abbrev  0x00002709      0x358 ./drivers/fsl_uart.o
 .debug_abbrev  0x00002a61      0x170 ./device/system_MK66F18.o
 .debug_abbrev  0x00002bd1      0x250 ./board/board.o
 .debug_abbrev  0x00002e21      0x249 ./board/clock_config.o
 .debug_abbrev  0x0000306a      0x25b ./board/peripherals.o
 .debug_abbrev  0x000032c5      0x20a ./board/pin_mux.o
 .debug_abbrev  0x000034cf      0x247 ./CDK66/CDK66_OLED.o

.debug_aranges  0x00000000     0x17f8
 .debug_aranges
                0x00000000      0x3a0 ./startup/startup_mk66f18.o
 .debug_aranges
                0x000003a0       0xb8 ./source/CDK66_Ref1.o
 .debug_aranges
                0x00000458       0x20 ./source/semihost_hardfault.o
 .debug_aranges
                0x00000478      0x258 ./drivers/fsl_clock.o
 .debug_aranges
                0x000006d0      0x1d8 ./drivers/fsl_dspi.o
 .debug_aranges
                0x000008a8      0x1e8 ./drivers/fsl_edma.o
 .debug_aranges
                0x00000a90      0x1b0 ./drivers/fsl_flexcan.o
 .debug_aranges
                0x00000c40       0x40 ./drivers/fsl_gpio.o
 .debug_aranges
                0x00000c80      0x188 ./drivers/fsl_i2c.o
 .debug_aranges
                0x00000e08      0x118 ./drivers/fsl_lpuart.o
 .debug_aranges
                0x00000f20       0x48 ./drivers/fsl_pit.o
 .debug_aranges
                0x00000f68       0xb0 ./drivers/fsl_rtc.o
 .debug_aranges
                0x00001018      0x2b8 ./drivers/fsl_sai.o
 .debug_aranges
                0x000012d0      0x170 ./drivers/fsl_sdhc.o
 .debug_aranges
                0x00001440      0x170 ./drivers/fsl_uart.o
 .debug_aranges
                0x000015b0       0x30 ./device/system_MK66F18.o
 .debug_aranges
                0x000015e0       0x68 ./board/board.o
 .debug_aranges
                0x00001648       0x68 ./board/clock_config.o
 .debug_aranges
                0x000016b0       0x50 ./board/peripherals.o
 .debug_aranges
                0x00001700       0x40 ./board/pin_mux.o
 .debug_aranges
                0x00001740       0xb8 ./CDK66/CDK66_OLED.o

.debug_ranges   0x00000000     0x16c0
 .debug_ranges  0x00000000      0x390 ./startup/startup_mk66f18.o
 .debug_ranges  0x00000390       0xa8 ./source/CDK66_Ref1.o
 .debug_ranges  0x00000438       0x10 ./source/semihost_hardfault.o
 .debug_ranges  0x00000448      0x248 ./drivers/fsl_clock.o
 .debug_ranges  0x00000690      0x1c8 ./drivers/fsl_dspi.o
 .debug_ranges  0x00000858      0x1d8 ./drivers/fsl_edma.o
 .debug_ranges  0x00000a30      0x1b8 ./drivers/fsl_flexcan.o
 .debug_ranges  0x00000be8       0x30 ./drivers/fsl_gpio.o
 .debug_ranges  0x00000c18      0x178 ./drivers/fsl_i2c.o
 .debug_ranges  0x00000d90      0x108 ./drivers/fsl_lpuart.o
 .debug_ranges  0x00000e98       0x38 ./drivers/fsl_pit.o
 .debug_ranges  0x00000ed0       0xa0 ./drivers/fsl_rtc.o
 .debug_ranges  0x00000f70      0x2a8 ./drivers/fsl_sai.o
 .debug_ranges  0x00001218      0x160 ./drivers/fsl_sdhc.o
 .debug_ranges  0x00001378      0x160 ./drivers/fsl_uart.o
 .debug_ranges  0x000014d8       0x20 ./device/system_MK66F18.o
 .debug_ranges  0x000014f8       0x58 ./board/board.o
 .debug_ranges  0x00001550       0x58 ./board/clock_config.o
 .debug_ranges  0x000015a8       0x40 ./board/peripherals.o
 .debug_ranges  0x000015e8       0x30 ./board/pin_mux.o
 .debug_ranges  0x00001618       0xa8 ./CDK66/CDK66_OLED.o

.debug_macro    0x00000000    0x1bc5f
 .debug_macro   0x00000000       0x29 ./startup/startup_mk66f18.o
 .debug_macro   0x00000029      0xaf0 ./startup/startup_mk66f18.o
 .debug_macro   0x00000b19      0x1a0 ./source/CDK66_Ref1.o
 .debug_macro   0x00000cb9       0x10 ./source/CDK66_Ref1.o
 .debug_macro   0x00000cc9      0x12e ./source/CDK66_Ref1.o
 .debug_macro   0x00000df7       0xd8 ./source/CDK66_Ref1.o
 .debug_macro   0x00000ecf       0x16 ./source/CDK66_Ref1.o
 .debug_macro   0x00000ee5       0x22 ./source/CDK66_Ref1.o
 .debug_macro   0x00000f07      0x5b3 ./source/CDK66_Ref1.o
 .debug_macro   0x000014ba       0x22 ./source/CDK66_Ref1.o
 .debug_macro   0x000014dc       0x10 ./source/CDK66_Ref1.o
 .debug_macro   0x000014ec       0x56 ./source/CDK66_Ref1.o
 .debug_macro   0x00001542       0x1c ./source/CDK66_Ref1.o
 .debug_macro   0x0000155e       0x22 ./source/CDK66_Ref1.o
 .debug_macro   0x00001580      0x101 ./source/CDK66_Ref1.o
 .debug_macro   0x00001681      0xeeb ./source/CDK66_Ref1.o
 .debug_macro   0x0000256c       0x40 ./source/CDK66_Ref1.o
 .debug_macro   0x000025ac    0x15ebc ./source/CDK66_Ref1.o
 .debug_macro   0x00018468     0x1455 ./source/CDK66_Ref1.o
 .debug_macro   0x000198bd       0xde ./source/CDK66_Ref1.o
 .debug_macro   0x0001999b      0x190 ./source/CDK66_Ref1.o
 .debug_macro   0x00019b2b       0x16 ./source/CDK66_Ref1.o
 .debug_macro   0x00019b41       0x16 ./source/CDK66_Ref1.o
 .debug_macro   0x00019b57       0x16 ./source/CDK66_Ref1.o
 .debug_macro   0x00019b6d       0xee ./source/CDK66_Ref1.o
 .debug_macro   0x00019c5b       0x16 ./source/CDK66_Ref1.o
 .debug_macro   0x00019c71       0x46 ./source/CDK66_Ref1.o
 .debug_macro   0x00019cb7      0x54e ./source/CDK66_Ref1.o
 .debug_macro   0x0001a205       0x10 ./source/CDK66_Ref1.o
 .debug_macro   0x0001a215       0x10 ./source/CDK66_Ref1.o
 .debug_macro   0x0001a225       0x22 ./source/CDK66_Ref1.o
 .debug_macro   0x0001a247       0x16 ./source/CDK66_Ref1.o
 .debug_macro   0x0001a25d       0x3a ./source/CDK66_Ref1.o
 .debug_macro   0x0001a297      0x358 ./source/CDK66_Ref1.o
 .debug_macro   0x0001a5ef       0x11 ./source/semihost_hardfault.o
 .debug_macro   0x0001a600      0x1c6 ./drivers/fsl_clock.o
 .debug_macro   0x0001a7c6      0x103 ./drivers/fsl_dspi.o
 .debug_macro   0x0001a8c9       0x3a ./drivers/fsl_dspi.o
 .debug_macro   0x0001a903      0x109 ./drivers/fsl_edma.o
 .debug_macro   0x0001aa0c       0x10 ./drivers/fsl_edma.o
 .debug_macro   0x0001aa1c      0x1ab ./drivers/fsl_flexcan.o
 .debug_macro   0x0001abc7       0xd0 ./drivers/fsl_flexcan.o
 .debug_macro   0x0001ac97      0x103 ./drivers/fsl_gpio.o
 .debug_macro   0x0001ad9a       0x10 ./drivers/fsl_gpio.o
 .debug_macro   0x0001adaa      0x103 ./drivers/fsl_i2c.o
 .debug_macro   0x0001aead       0x1c ./drivers/fsl_i2c.o
 .debug_macro   0x0001aec9      0x103 ./drivers/fsl_lpuart.o
 .debug_macro   0x0001afcc       0x10 ./drivers/fsl_lpuart.o
 .debug_macro   0x0001afdc      0x104 ./drivers/fsl_pit.o
 .debug_macro   0x0001b0e0      0x128 ./drivers/fsl_rtc.o
 .debug_macro   0x0001b208      0x109 ./drivers/fsl_sai.o
 .debug_macro   0x0001b311       0x18 ./drivers/fsl_sai.o
 .debug_macro   0x0001b329      0x121 ./drivers/fsl_sdhc.o
 .debug_macro   0x0001b44a       0x64 ./drivers/fsl_sdhc.o
 .debug_macro   0x0001b4ae      0x109 ./drivers/fsl_uart.o
 .debug_macro   0x0001b5b7       0x10 ./drivers/fsl_uart.o
 .debug_macro   0x0001b5c7       0x98 ./device/system_MK66F18.o
 .debug_macro   0x0001b65f      0x143 ./board/board.o
 .debug_macro   0x0001b7a2       0x10 ./board/board.o
 .debug_macro   0x0001b7b2      0x141 ./board/clock_config.o
 .debug_macro   0x0001b8f3      0x11c ./board/peripherals.o
 .debug_macro   0x0001ba0f      0x109 ./board/pin_mux.o
 .debug_macro   0x0001bb18      0x147 ./CDK66/CDK66_OLED.o

.debug_line     0x00000000     0xfda0