Archive member included to satisfy reference by file (symbol)

c:/nxp/mcuxpressoide_11.2.1_4149/ide/plugins/com.nxp.mcuxpresso.tools.win32_11.2.0.202008311134/tools/bin/../lib/gcc/arm-none-eabi/9.2.1/../../../../arm-none-eabi/lib/thumb/v7e-m+fp/hard\libcr_semihost_nf.a(_cr__main.o)
                              ./startup/startup_mk66f18.o (__main)
c:/nxp/mcuxpressoide_11.2.1_4149/ide/plugins/com.nxp.mcuxpresso.tools.win32_11.2.0.202008311134/tools/bin/../lib/gcc/arm-none-eabi/9.2.1/../../../../arm-none-eabi/lib/thumb/v7e-m+fp/hard\libcr_semihost_nf.a(_cr_assert.o)
                              ./source/CDK66_Ref4.o (__assertion_failed)
c:/nxp/mcuxpressoide_11.2.1_4149/ide/plugins/com.nxp.mcuxpresso.tools.win32_11.2.0.202008311134/tools/bin/../lib/gcc/arm-none-eabi/9.2.1/../../../../arm-none-eabi/lib/thumb/v7e-m+fp/hard\libcr_semihost_nf.a(__ciob.o)
                              c:/nxp/mcuxpressoide_11.2.1_4149/ide/plugins/com.nxp.mcuxpresso.tools.win32_11.2.0.202008311134/tools/bin/../lib/gcc/arm-none-eabi/9.2.1/../../../../arm-none-eabi/lib/thumb/v7e-m+fp/hard\libcr_semihost_nf.a(_cr_assert.o) (__Ciob)
c:/nxp/mcuxpressoide_11.2.1_4149/ide/plugins/com.nxp.mcuxpresso.tools.win32_11.2.0.202008311134/tools/bin/../lib/gcc/arm-none-eabi/9.2.1/../../../../arm-none-eabi/lib/thumb/v7e-m+fp/hard\libcr_semihost_nf.a(__sys_appexit.o)
                              c:/nxp/mcuxpressoide_11.2.1_4149/ide/plugins/com.nxp.mcuxpresso.tools.win32_11.2.0.202008311134/tools/bin/../lib/gcc/arm-none-eabi/9.2.1/../../../../arm-none-eabi/lib/thumb/v7e-m+fp/hard\libcr_semihost_nf.a(_cr_assert.o) (__sys_appexit)
c:/nxp/mcuxpressoide_11.2.1_4149/ide/plugins/com.nxp.mcuxpresso.tools.win32_11.2.0.202008311134/tools/bin/../lib/gcc/arm-none-eabi/9.2.1/../../../../arm-none-eabi/lib/thumb/v7e-m+fp/hard\libcr_c.a(memcpy.o)
                              ./drivers/fsl_ftfx_cache.o (memcpy)
c:/nxp/mcuxpressoide_11.2.1_4149/ide/plugins/com.nxp.mcuxpresso.tools.win32_11.2.0.202008311134/tools/bin/../lib/gcc/arm-none-eabi/9.2.1/../../../../arm-none-eabi/lib/thumb/v7e-m+fp/hard\libcr_c.a(memset.o)
                              ./drivers/fsl_adc16.o (memset)
c:/nxp/mcuxpressoide_11.2.1_4149/ide/plugins/com.nxp.mcuxpresso.tools.win32_11.2.0.202008311134/tools/bin/../lib/gcc/arm-none-eabi/9.2.1/../../../../arm-none-eabi/lib/thumb/v7e-m+fp/hard\libcr_c.a(_deferredlazyseek.o)
                              c:/nxp/mcuxpressoide_11.2.1_4149/ide/plugins/com.nxp.mcuxpresso.tools.win32_11.2.0.202008311134/tools/bin/../lib/gcc/arm-none-eabi/9.2.1/../../../../arm-none-eabi/lib/thumb/v7e-m+fp/hard\libcr_semihost_nf.a(_cr_assert.o) (__flsbuf)
c:/nxp/mcuxpressoide_11.2.1_4149/ide/plugins/com.nxp.mcuxpresso.tools.win32_11.2.0.202008311134/tools/bin/../lib/gcc/arm-none-eabi/9.2.1/../../../../arm-none-eabi/lib/thumb/v7e-m+fp/hard\libcr_c.a(_fflush.o)
                              c:/nxp/mcuxpressoide_11.2.1_4149/ide/plugins/com.nxp.mcuxpresso.tools.win32_11.2.0.202008311134/tools/bin/../lib/gcc/arm-none-eabi/9.2.1/../../../../arm-none-eabi/lib/thumb/v7e-m+fp/hard\libcr_c.a(_deferredlazyseek.o) (_fflush)
c:/nxp/mcuxpressoide_11.2.1_4149/ide/plugins/com.nxp.mcuxpresso.tools.win32_11.2.0.202008311134/tools/bin/../lib/gcc/arm-none-eabi/9.2.1/../../../../arm-none-eabi/lib/thumb/v7e-m+fp/hard\libcr_c.a(_writebuf.o)
                              c:/nxp/mcuxpressoide_11.2.1_4149/ide/plugins/com.nxp.mcuxpresso.tools.win32_11.2.0.202008311134/tools/bin/../lib/gcc/arm-none-eabi/9.2.1/../../../../arm-none-eabi/lib/thumb/v7e-m+fp/hard\libcr_c.a(_deferredlazyseek.o) (_Cwritebuf)
c:/nxp/mcuxpressoide_11.2.1_4149/ide/plugins/com.nxp.mcuxpresso.tools.win32_11.2.0.202008311134/tools/bin/../lib/gcc/arm-none-eabi/9.2.1/../../../../arm-none-eabi/lib/thumb/v7e-m+fp/hard\libcr_c.a(alloc.o)
                              ./drivers/fsl_common.o (malloc)
c:/nxp/mcuxpressoide_11.2.1_4149/ide/plugins/com.nxp.mcuxpresso.tools.win32_11.2.0.202008311134/tools/bin/../lib/gcc/arm-none-eabi/9.2.1/../../../../arm-none-eabi/lib/thumb/v7e-m+fp/hard\libcr_c.a(fpprintf.o)
                              ./source/CDK66_Ref4.o (sprintf)
c:/nxp/mcuxpressoide_11.2.1_4149/ide/plugins/com.nxp.mcuxpresso.tools.win32_11.2.0.202008311134/tools/bin/../lib/gcc/arm-none-eabi/9.2.1/../../../../arm-none-eabi/lib/thumb/v7e-m+fp/hard\libcr_c.a(fputs.o)
                              c:/nxp/mcuxpressoide_11.2.1_4149/ide/plugins/com.nxp.mcuxpresso.tools.win32_11.2.0.202008311134/tools/bin/../lib/gcc/arm-none-eabi/9.2.1/../../../../arm-none-eabi/lib/thumb/v7e-m+fp/hard\libcr_semihost_nf.a(_cr_assert.o) (fputs)
c:/nxp/mcuxpressoide_11.2.1_4149/ide/plugins/com.nxp.mcuxpresso.tools.win32_11.2.0.202008311134/tools/bin/../lib/gcc/arm-none-eabi/9.2.1/../../../../arm-none-eabi/lib/thumb/v7e-m+fp/hard\libcr_c.a(fseek.o)
[...]
Memory Configuration

Name             Origin             Length             Attributes
PROGRAM_FLASH    0x00000000         0x00200000         xr
SRAM_UPPER       0x20000000         0x00030000         xrw
SRAM_LOWER       0x1fff0000         0x00010000         xrw
FLEX_RAM         0x14000000         0x00001000         xrw
*default*        0x00000000         0xffffffff

Linker script and memory map

LOAD ./startup/startup_mk66f18.o
LOAD ./source/CDK66_Ref4.o
LOAD ./source/semihost_hardfault.o
LOAD ./drivers/fsl_adc16.o
LOAD ./drivers/fsl_clock.o
LOAD ./drivers/fsl_cmp.o
LOAD ./drivers/fsl_cmt.o
LOAD ./drivers/fsl_common.o
LOAD ./drivers/fsl_crc.o
LOAD ./drivers/fsl_dac.o
LOAD ./drivers/fsl_dmamux.o
LOAD ./drivers/fsl_dspi.o
LOAD ./drivers/fsl_edma.o
LOAD ./drivers/fsl_ewm.o
LOAD ./drivers/fsl_flexcan.o
LOAD ./drivers/fsl_ftfx_cache.o
LOAD ./drivers/fsl_ftfx_controller.o
LOAD ./drivers/fsl_ftfx_flash.o
LOAD ./drivers/fsl_ftfx_flexnvm.o
LOAD ./drivers/fsl_ftm.o
LOAD ./drivers/fsl_gpio.o
LOAD ./drivers/fsl_i2c.o
LOAD ./drivers/fsl_llwu.o
LOAD ./drivers/fsl_lmem_cache.o
LOAD ./drivers/fsl_lptmr.o
LOAD ./drivers/fsl_lpuart.o
LOAD ./drivers/fsl_pdb.o
LOAD ./drivers/fsl_pit.o
LOAD ./drivers/fsl_pmc.o
LOAD ./drivers/fsl_rcm.o
LOAD ./drivers/fsl_rnga.o
LOAD ./drivers/fsl_rtc.o
LOAD ./drivers/fsl_sai.o
LOAD ./drivers/fsl_sai_edma.o
LOAD ./drivers/fsl_sdhc.o
LOAD ./drivers/fsl_sdramc.o
LOAD ./drivers/fsl_sim.o
LOAD ./drivers/fsl_smc.o
LOAD ./drivers/fsl_sysmpu.o
LOAD ./drivers/fsl_tpm.o
LOAD ./drivers/fsl_uart.o
LOAD ./drivers/fsl_vref.o
LOAD ./drivers/fsl_wdog.o
LOAD ./device/system_MK66F18.o
LOAD ./component/lists/generic_list.o
LOAD ./board/board.o
LOAD ./board/clock_config.o
LOAD ./board/peripherals.o
LOAD ./board/pin_mux.o
LOAD ./CDK66/CDK66_MT9V034.o
LOAD ./CDK66/CDK66_OLED.o
START GROUP
LOAD c:/nxp/mcuxpressoide_11.2.1_4149/ide/plugins/com.nxp.mcuxpresso.tools.win32_11.2.0.202008311134/tools/bin/../lib/gcc/arm-none-eabi/9.2.1/../../../../arm-none-eabi/lib/thumb/v7e-m+fp/hard\libcr_semihost_nf.a
LOAD c:/nxp/mcuxpressoide_11.2.1_4149/ide/plugins/com.nxp.mcuxpresso.tools.win32_11.2.0.202008311134/tools/bin/../lib/gcc/arm-none-eabi/9.2.1/../../../../arm-none-eabi/lib/thumb/v7e-m+fp/hard\libcr_c.a
LOAD c:/nxp/mcuxpressoide_11.2.1_4149/ide/plugins/com.nxp.mcuxpresso.tools.win32_11.2.0.202008311134/tools/bin/../lib/gcc/arm-none-eabi/9.2.1/thumb/v7e-m+fp/hard\libcr_eabihelpers.a
LOAD c:/nxp/mcuxpressoide_11.2.1_4149/ide/plugins/com.nxp.mcuxpresso.tools.win32_11.2.0.202008311134/tools/bin/../lib/gcc/arm-none-eabi/9.2.1/thumb/v7e-m+fp/hard\libgcc.a
END GROUP
                0x00000000                __base_PROGRAM_FLASH = 0x0
                0x00000000                __base_Flash = 0x0
                0x00200000                __top_PROGRAM_FLASH = 0x200000
                0x00200000                __top_Flash = 0x200000
                0x20000000                __base_SRAM_UPPER = 0x20000000
                0x20000000                __base_RAM = 0x20000000
                0x20030000                __top_SRAM_UPPER = 0x20030000
                0x20030000                __top_RAM = 0x20030000
                0x1fff0000                __base_SRAM_LOWER = 0x1fff0000
                0x1fff0000                __base_RAM2 = 0x1fff0000
                0x20000000                __top_SRAM_LOWER = 0x20000000
                0x20000000                __top_RAM2 = 0x20000000
                0x14000000                __base_FLEX_RAM = 0x14000000
                0x14000000                __base_RAM3 = 0x14000000
                0x14001000                __top_FLEX_RAM = 0x14001000
                0x14001000                __top_RAM3 = 0x14001000

.text           0x00000000     0xa818
 FILL mask 0xff
                0x00000000                __vectors_start__ = ABSOLUTE (.)
 *(SORT_BY_ALIGNMENT(.isr_vector))
 .isr_vector    0x00000000      0x1d0 ./startup/startup_mk66f18.o
                0x00000000                g_pfnVectors
                0x00000000                __Vectors
                0x000001d0                . = ALIGN (0x4)
                0x000001d0                __section_table_start = .
                0x000001d0                __data_section_table = .
                0x000001d0        0x4 LONG 0xa818 LOADADDR (.data)
                0x000001d4        0x4 LONG 0x20000000 ADDR (.data)
                0x000001d8        0x4 LONG 0x80 SIZEOF (.data)
                0x000001dc        0x4 LONG 0xa818 LOADADDR (.data_RAM2)
                0x000001e0        0x4 LONG 0x1fff0000 ADDR (.data_RAM2)
                0x000001e4        0x4 LONG 0x0 SIZEOF (.data_RAM2)
                0x000001e8        0x4 LONG 0xa818 LOADADDR (.data_RAM3)
                0x000001ec        0x4 LONG 0x14000000 ADDR (.data_RAM3)
                0x000001f0        0x4 LONG 0x0 SIZEOF (.data_RAM3)
                0x000001f4                __data_section_table_end = .
                0x000001f4                __bss_section_table = .
                0x000001f4        0x4 LONG 0x20000080 ADDR (.bss)
                0x000001f8        0x4 LONG 0x5bf8 SIZEOF (.bss)
                0x000001fc        0x4 LONG 0x1fff0000 ADDR (.bss_RAM2)
                0x00000200        0x4 LONG 0x0 SIZEOF (.bss_RAM2)
                0x00000204        0x4 LONG 0x14000000 ADDR (.bss_RAM3)
                0x00000208        0x4 LONG 0x0 SIZEOF (.bss_RAM3)
                0x0000020c                __bss_section_table_end = .
                0x0000020c                __section_table_end = .
 *(SORT_BY_ALIGNMENT(.after_vectors*))
 .after_vectors.reset
                0x0000020c       0x4c ./startup/startup_mk66f18.o
                0x0000020c                ResetISR
 .after_vectors.init_data
                0x00000258       0x1e ./startup/startup_mk66f18.o
                0x00000258                data_init
 .after_vectors.init_bss
                0x00000276       0x12 ./startup/startup_mk66f18.o
                0x00000276                bss_init
 .after_vectors
                0x00000288       0x14 ./startup/startup_mk66f18.o
                0x00000288                NMI_Handler
                0x0000028c                MemManage_Handler
                0x0000028e                BusFault_Handler
                0x00000290                UsageFault_Handler
                0x00000292                SVC_Handler
                0x00000294                DebugMon_Handler
                0x00000296                PendSV_Handler
                0x00000298                SysTick_Handler
                0x0000029a                FTM2_DriverIRQHandler
                0x0000029a                PIT2_DriverIRQHandler
                0x0000029a                TPM2_DriverIRQHandler
                0x0000029a                TSI0_DriverIRQHandler
                0x0000029a                RTC_Seconds_DriverIRQHandler
                0x0000029a                FTM1_DriverIRQHandler
                0x0000029a                LLWU_DriverIRQHandler
                0x0000029a                MCM_DriverIRQHandler
                0x0000029a                MCG_DriverIRQHandler
                0x0000029a                ENET_1588_Timer_DriverIRQHandler
                0x0000029a                DAC1_DriverIRQHandler
                0x0000029a                CMP3_DriverIRQHandler
                0x0000029a                CMP1_DriverIRQHandler
                0x0000029a                USBHSDCD_DriverIRQHandler
                0x0000029a                FTM0_DriverIRQHandler
                0x0000029a                IntDefaultHandler
                0x0000029a                USB0_DriverIRQHandler
                0x0000029a                PORTC_DriverIRQHandler
                0x0000029a                DAC0_DriverIRQHandler
                0x0000029a                CMP2_DriverIRQHandler
                0x0000029a                UART2_ERR_DriverIRQHandler
                0x0000029a                DMA_Error_DriverIRQHandler
                0x0000029a                Reserved84_DriverIRQHandler
                0x0000029a                PIT0_DriverIRQHandler
                0x0000029a                RNG_DriverIRQHandler
                0x0000029a                USBDCD_DriverIRQHandler
                0x0000029a                UART3_ERR_DriverIRQHandler
                0x0000029a                UART0_ERR_DriverIRQHandler
                0x0000029a                CMT_DriverIRQHandler
                0x0000029a                Reserved71_DriverIRQHandler
                0x0000029a                ADC1_DriverIRQHandler
                0x0000029a                PORTA_DriverIRQHandler
                0x0000029a                PIT3_DriverIRQHandler
                0x0000029a                PIT1_DriverIRQHandler
                0x0000029a                TPM1_DriverIRQHandler
                0x0000029a                WDOG_EWM_DriverIRQHandler
                0x0000029a                PDB0_DriverIRQHandler
                0x0000029a                RTC_DriverIRQHandler
                0x0000029a                Read_Collision_DriverIRQHandler
                0x0000029a                SWI_DriverIRQHandler
                0x0000029a                UART4_ERR_DriverIRQHandler
                0x0000029a                LPTMR0_DriverIRQHandler
                0x0000029a                PORTB_DriverIRQHandler
                0x0000029a                ENET_Receive_DriverIRQHandler
                0x0000029a                ENET_Error_DriverIRQHandler
                0x0000029a                Reserved85_DriverIRQHandler
                0x0000029a                ADC0_DriverIRQHandler
                0x0000029a                USBHS_DriverIRQHandler
                0x0000029a                CMP0_DriverIRQHandler
                0x0000029a                FTM3_DriverIRQHandler
                0x0000029a                LVD_LVW_DriverIRQHandler
                0x0000029a                UART1_ERR_DriverIRQHandler
                0x0000029a                ENET_Transmit_DriverIRQHandler
                0x0000029a                PORTD_DriverIRQHandler
                0x0000029a                Reserved46_DriverIRQHandler
                0x0000029a                PORTE_DriverIRQHandler
                0x0000029a                FTFE_DriverIRQHandler
                0x00000400                . = 0x400
 *fill*         0x0000029c      0x164 ff
                0x00000400                PROVIDE (__FLASH_CONFIG_START__ = .)
 *(SORT_BY_ALIGNMENT(.FlashConfig))
 .FlashConfig   0x00000400       0x10 ./startup/startup_mk66f18.o
                0x00000400                Flash_Config
                0x00000410                PROVIDE (__FLASH_CONFIG_END__ = .)
                0x00000001                ASSERT (! ((__FLASH_CONFIG_START__ == __FLASH_CONFIG_END__)), Linker Flash Config Support Enabled, but no .FlashConfig section provided within application)
 *(SORT_BY_ALIGNMENT(.text*))
 .text.fp_display
                0x00000410      0x964 c:/nxp/mcuxpressoide_11.2.1_4149/ide/plugins/com.nxp.mcuxpresso.tools.win32_11.2.0.202008311134/tools/bin/../lib/gcc/arm-none-eabi/9.2.1/../../../../arm-none-eabi/lib/thumb/v7e-m+fp/hard\libcr_c.a(fpprintf.o)
 *fill*         0x00000d74        0x4 ff
 .text.vfscanf  0x00000d78      0x9a8 c:/nxp/mcuxpressoide_11.2.1_4149/ide/plugins/com.nxp.mcuxpresso.tools.win32_11.2.0.202008311134/tools/bin/../lib/gcc/arm-none-eabi/9.2.1/../../../../arm-none-eabi/lib/thumb/v7e-m+fp/hard\libcr_c.a(scanf.o)
                0x00000d78                vfscanf
 .text._frexpl  0x00001720       0x68 c:/nxp/mcuxpressoide_11.2.1_4149/ide/plugins/com.nxp.mcuxpresso.tools.win32_11.2.0.202008311134/tools/bin/../lib/gcc/arm-none-eabi/9.2.1/../../../../arm-none-eabi/lib/thumb/v7e-m+fp/hard\libcr_c.a(_frexpl.o)
                0x00001720                _frexpl
 .text._ldexpl  0x00001788       0x5c c:/nxp/mcuxpressoide_11.2.1_4149/ide/plugins/com.nxp.mcuxpresso.tools.win32_11.2.0.202008311134/tools/bin/../lib/gcc/arm-none-eabi/9.2.1/../../../../arm-none-eabi/lib/thumb/v7e-m+fp/hard\libcr_c.a(_ldexpl.o)
                0x00001788                _ldexpl
 .text.__NVIC_EnableIRQ
                0x000017e4       0x3c ./source/CDK66_Ref4.o
 .text.ADC16_GetChannelConversionValue
                0x00001820       0x2c ./source/CDK66_Ref4.o
 .text.PIT_GetDefaultConfig
                0x0000184c       0x28 ./source/CDK66_Ref4.o
 .text.DMA_CAM_Repeat
                0x00001874       0x54 ./source/CDK66_Ref4.o
                0x00001874                DMA_CAM_Repeat
 .text.PORTB_IRQHandler
                0x000018c8      0x110 ./source/CDK66_Ref4.o
                0x000018c8                PORTB_IRQHandler
 .text.LinearCameraFlush
                0x000019d8       0x7c ./source/CDK66_Ref4.o
                0x000019d8                LinearCameraFlush
 .text.LinearCameraOneShot
                0x00001a54       0xe4 ./source/CDK66_Ref4.o
                0x00001a54                LinearCameraOneShot
 .text.Draw_LinearView
                0x00001b38       0xa8 ./source/CDK66_Ref4.o
                0x00001b38                Draw_LinearView
 .text.PcCmdProcess
                0x00001be0       0x80 ./source/CDK66_Ref4.o
                0x00001be0                PcCmdProcess
 .text.UART0_RX_TX_IRQHandler
                0x00001c60       0xec ./source/CDK66_Ref4.o
                0x00001c60                UART0_RX_TX_IRQHandler
 .text.InitPITs
                0x00001d4c       0xe8 ./source/CDK66_Ref4.o
                0x00001d4c                InitPITs
 .text.ShowNumOFF
                0x00001e34       0x18 ./source/CDK66_Ref4.o
                0x00001e34                ShowNumOFF
 .text.PIT0_IRQHandler
                0x00001e4c       0x38 ./source/CDK66_Ref4.o
                0x00001e4c                PIT0_IRQHandler
 .text.main     0x00001e84      0x160 ./source/CDK66_Ref4.o
                0x00001e84                main
 .text.ADC16_GetInstance
                0x00001fe4       0x4c ./drivers/fsl_adc16.o
 .text.ADC16_Init
                0x00002030      0x10c ./drivers/fsl_adc16.o
                0x00002030                ADC16_Init
 .text.ADC16_SetChannelConfig
                0x0000213c       0x68 ./drivers/fsl_adc16.o
                0x0000213c                ADC16_SetChannelConfig
 .text.ADC16_GetChannelStatusFlags
                0x000021a4       0x40 ./drivers/fsl_adc16.o
                0x000021a4                ADC16_GetChannelStatusFlags
 .text.CLOCK_SetEr32kClock
                0x000021e4       0x30 ./drivers/fsl_clock.o
 .text.CLOCK_SetPllFllSelClock
                0x00002214       0x58 ./drivers/fsl_clock.o
 .text.CLOCK_GetMcgExtClkFreq
                0x0000226c       0x7c ./drivers/fsl_clock.o
 .text.CLOCK_GetFllExtRefClkFreq
                0x000022e8       0xb0 ./drivers/fsl_clock.o
 .text.CLOCK_GetInternalRefClkSelectFreq
                0x00002398       0x4c ./drivers/fsl_clock.o
 .text.CLOCK_GetFllRefClkFreq
                0x000023e4       0x34 ./drivers/fsl_clock.o
 .text.CLOCK_GetOscRangeFromFreq
                0x00002418       0x3c ./drivers/fsl_clock.o
 .text.CLOCK_GetOsc0ErClkUndivFreq
                0x00002454       0x44 ./drivers/fsl_clock.o
                0x00002454                CLOCK_GetOsc0ErClkUndivFreq
 .text.CLOCK_GetOsc0ErClkDivFreq
                0x00002498       0x58 ./drivers/fsl_clock.o
                0x00002498                CLOCK_GetOsc0ErClkDivFreq
 .text.CLOCK_GetEr32kClkFreq
                0x000024f0       0x74 ./drivers/fsl_clock.o
                0x000024f0                CLOCK_GetEr32kClkFreq
 .text.CLOCK_GetPllFllSelClkFreq
                0x00002564       0x94 ./drivers/fsl_clock.o
                0x00002564                CLOCK_GetPllFllSelClkFreq
 .text.CLOCK_GetFreq
                0x000025f8      0x150 ./drivers/fsl_clock.o
                0x000025f8                CLOCK_GetFreq
 .text.CLOCK_SetSimConfig
                0x00002748       0x44 ./drivers/fsl_clock.o
                0x00002748                CLOCK_SetSimConfig
 .text.CLOCK_GetOutClkFreq
                0x0000278c       0x90 ./drivers/fsl_clock.o
                0x0000278c                CLOCK_GetOutClkFreq
 .text.CLOCK_GetFllFreq
                0x0000281c       0x84 ./drivers/fsl_clock.o
                0x0000281c                CLOCK_GetFllFreq
 .text.CLOCK_GetInternalRefClkFreq
                0x000028a0       0x30 ./drivers/fsl_clock.o
                0x000028a0                CLOCK_GetInternalRefClkFreq
 .text.CLOCK_GetPll0Freq
                0x000028d0       0x7c ./drivers/fsl_clock.o
                0x000028d0                CLOCK_GetPll0Freq
 .text.CLOCK_GetExtPllFreq
                0x0000294c       0x18 ./drivers/fsl_clock.o
                0x0000294c                CLOCK_GetExtPllFreq
 .text.CLOCK_SetExternalRefClkConfig
                0x00002964       0x6c ./drivers/fsl_clock.o
                0x00002964                CLOCK_SetExternalRefClkConfig
 .text.CLOCK_EnablePll0
                0x000029d0       0x88 ./drivers/fsl_clock.o
                0x000029d0                CLOCK_EnablePll0
 .text.CLOCK_InitOsc0
                0x00002a58       0x8c ./drivers/fsl_clock.o
                0x00002a58                CLOCK_InitOsc0
 .text.CLOCK_SetPbeMode
                0x00002ae4       0xe8 ./drivers/fsl_clock.o
                0x00002ae4                CLOCK_SetPbeMode
 .text.CLOCK_BootToPeeMode
                0x00002bcc       0x68 ./drivers/fsl_clock.o
                0x00002bcc                CLOCK_BootToPeeMode
 .text.DMAMUX_GetInstance
                0x00002c34       0x44 ./drivers/fsl_dmamux.o
 .text.DMAMUX_Init
                0x00002c78       0x24 ./drivers/fsl_dmamux.o
                0x00002c78                DMAMUX_Init
 .text.DSPI_CommonIRQHandler
                0x00002c9c       0x44 ./drivers/fsl_dspi.o
 .text.SPI0_DriverIRQHandler
                0x00002ce0       0x30 ./drivers/fsl_dspi.o
                0x00002ce0                SPI0_DriverIRQHandler
 .text.SPI1_DriverIRQHandler
                0x00002d10       0x30 ./drivers/fsl_dspi.o
                0x00002d10                SPI1_DriverIRQHandler
 .text.SPI2_DriverIRQHandler
                0x00002d40       0x30 ./drivers/fsl_dspi.o
                0x00002d40                SPI2_DriverIRQHandler
 .text.EDMA_GetInstance
                0x00002d70       0x44 ./drivers/fsl_edma.o
 .text.EDMA_Init
                0x00002db4       0x98 ./drivers/fsl_edma.o
                0x00002db4                EDMA_Init
 .text.EDMA_SetTransferConfig
                0x00002e4c       0x60 ./drivers/fsl_edma.o
                0x00002e4c                EDMA_SetTransferConfig
 .text.EDMA_SetChannelPreemptionConfig
                0x00002eac       0x88 ./drivers/fsl_edma.o
                0x00002eac                EDMA_SetChannelPreemptionConfig
 .text.EDMA_SetBandWidth
                0x00002f34       0x5c ./drivers/fsl_edma.o
                0x00002f34                EDMA_SetBandWidth
 .text.EDMA_TcdSetTransferConfig
                0x00002f90      0x12c ./drivers/fsl_edma.o
                0x00002f90                EDMA_TcdSetTransferConfig
 .text.EDMA_GetChannelStatusFlags
                0x000030bc       0x74 ./drivers/fsl_edma.o
                0x000030bc                EDMA_GetChannelStatusFlags
 .text.EDMA_HandleIRQ
                0x00003130      0x160 ./drivers/fsl_edma.o
                0x00003130                EDMA_HandleIRQ
 .text.DMA0_DMA16_DriverIRQHandler
                0x00003290       0x50 ./drivers/fsl_edma.o
                0x00003290                DMA0_DMA16_DriverIRQHandler
 .text.DMA1_DMA17_DriverIRQHandler
                0x000032e0       0x50 ./drivers/fsl_edma.o
                0x000032e0                DMA1_DMA17_DriverIRQHandler
 .text.DMA2_DMA18_DriverIRQHandler
                0x00003330       0x50 ./drivers/fsl_edma.o
                0x00003330                DMA2_DMA18_DriverIRQHandler
 .text.DMA3_DMA19_DriverIRQHandler
                0x00003380       0x50 ./drivers/fsl_edma.o
                0x00003380                DMA3_DMA19_DriverIRQHandler
 .text.DMA4_DMA20_DriverIRQHandler
                0x000033d0       0x50 ./drivers/fsl_edma.o
                0x000033d0                DMA4_DMA20_DriverIRQHandler
 .text.DMA5_DMA21_DriverIRQHandler
                0x00003420       0x50 ./drivers/fsl_edma.o
                0x00003420                DMA5_DMA21_DriverIRQHandler
 .text.DMA6_DMA22_DriverIRQHandler
                0x00003470       0x50 ./drivers/fsl_edma.o
                0x00003470                DMA6_DMA22_DriverIRQHandler
 .text.DMA7_DMA23_DriverIRQHandler
                0x000034c0       0x50 ./drivers/fsl_edma.o
                0x000034c0                DMA7_DMA23_DriverIRQHandler
 .text.DMA8_DMA24_DriverIRQHandler
                0x00003510       0x50 ./drivers/fsl_edma.o
                0x00003510                DMA8_DMA24_DriverIRQHandler
 .text.DMA9_DMA25_DriverIRQHandler
                0x00003560       0x50 ./drivers/fsl_edma.o
                0x00003560                DMA9_DMA25_DriverIRQHandler
 .text.DMA10_DMA26_DriverIRQHandler
                0x000035b0       0x50 ./drivers/fsl_edma.o
                0x000035b0                DMA10_DMA26_DriverIRQHandler
 .text.DMA11_DMA27_DriverIRQHandler
                0x00003600       0x50 ./drivers/fsl_edma.o
                0x00003600                DMA11_DMA27_DriverIRQHandler
 .text.DMA12_DMA28_DriverIRQHandler
                0x00003650       0x50 ./drivers/fsl_edma.o
                0x00003650                DMA12_DMA28_DriverIRQHandler
 .text.DMA13_DMA29_DriverIRQHandler
                0x000036a0       0x50 ./drivers/fsl_edma.o
                0x000036a0                DMA13_DMA29_DriverIRQHandler
 .text.DMA14_DMA30_DriverIRQHandler
                0x000036f0       0x50 ./drivers/fsl_edma.o
                0x000036f0                DMA14_DMA30_DriverIRQHandler
 .text.DMA15_DMA31_DriverIRQHandler
                0x00003740       0x50 ./drivers/fsl_edma.o
                0x00003740                DMA15_DMA31_DriverIRQHandler
 .text.CAN0_DriverIRQHandler
                0x00003790       0x3c ./drivers/fsl_flexcan.o
                0x00003790                CAN0_DriverIRQHandler
 .text.CAN1_DriverIRQHandler
                0x000037cc       0x3c ./drivers/fsl_flexcan.o
                0x000037cc                CAN1_DriverIRQHandler
 .text.FTM_GetInstance
                0x00003808       0x54 ./drivers/fsl_ftm.o
 .text.FTM_SetPwmSync
                0x0000385c      0x140 ./drivers/fsl_ftm.o
 .text.FTM_SetReloadPoints
                0x0000399c      0x138 ./drivers/fsl_ftm.o
 .text.FTM_Init
                0x00003ad4       0xf4 ./drivers/fsl_ftm.o
                0x00003ad4                FTM_Init
 .text.FTM_SetupPwm
                0x00003bc8      0x330 ./drivers/fsl_ftm.o
                0x00003bc8                FTM_SetupPwm
 .text.GPIO_GetInstance
                0x00003ef8       0x4c ./drivers/fsl_gpio.o
 .text.GPIO_PinInit
                0x00003f44       0x68 ./drivers/fsl_gpio.o
                0x00003f44                GPIO_PinInit
 .text.GPIO_PortGetInterruptFlags
                0x00003fac       0x30 ./drivers/fsl_gpio.o
                0x00003fac                GPIO_PortGetInterruptFlags
 .text.GPIO_PortClearInterruptFlags
                0x00003fdc       0x34 ./drivers/fsl_gpio.o
                0x00003fdc                GPIO_PortClearInterruptFlags
 .text.I2C_GetInstance
                0x00004010       0x4c ./drivers/fsl_i2c.o
                0x00004010                I2C_GetInstance
 .text.I2C_TransferCommonIRQHandler
                0x0000405c       0x58 ./drivers/fsl_i2c.o
 .text.I2C_MasterInit
                0x000040b4       0xe4 ./drivers/fsl_i2c.o
                0x000040b4                I2C_MasterInit
 .text.I2C_MasterGetDefaultConfig
                0x00004198       0x48 ./drivers/fsl_i2c.o
                0x00004198                I2C_MasterGetDefaultConfig
 .text.I2C_MasterSetBaudRate
                0x000041e0       0xe8 ./drivers/fsl_i2c.o
                0x000041e0                I2C_MasterSetBaudRate
 .text.I2C_MasterTransferBlocking
                0x000042c8      0x24c ./drivers/fsl_i2c.o
                0x000042c8                I2C_MasterTransferBlocking
 .text.I2C0_DriverIRQHandler
                0x00004514       0x1c ./drivers/fsl_i2c.o
                0x00004514                I2C0_DriverIRQHandler
 .text.I2C1_DriverIRQHandler
                0x00004530       0x1c ./drivers/fsl_i2c.o
                0x00004530                I2C1_DriverIRQHandler
 .text.I2C2_DriverIRQHandler
                0x0000454c       0x1c ./drivers/fsl_i2c.o
                0x0000454c                I2C2_DriverIRQHandler
 .text.I2C3_DriverIRQHandler
                0x00004568       0x1c ./drivers/fsl_i2c.o
                0x00004568                I2C3_DriverIRQHandler
 .text.LPUART0_DriverIRQHandler
                0x00004584       0x28 ./drivers/fsl_lpuart.o
                0x00004584                LPUART0_DriverIRQHandler
 .text.PIT_GetInstance
                0x000045ac       0x44 ./drivers/fsl_pit.o
 .text.PIT_Init
                0x000045f0       0x94 ./drivers/fsl_pit.o
                0x000045f0                PIT_Init
 .text.RTC_Init
                0x00004684       0xa0 ./drivers/fsl_rtc.o
                0x00004684                RTC_Init
 .text.RTC_GetDefaultConfig
                0x00004724       0x48 ./drivers/fsl_rtc.o
                0x00004724                RTC_GetDefaultConfig
 .text.I2S0_Tx_DriverIRQHandler
                0x0000476c       0x3c ./drivers/fsl_sai.o
                0x0000476c                I2S0_Tx_DriverIRQHandler
 .text.I2S0_Rx_DriverIRQHandler
                0x000047a8       0x3c ./drivers/fsl_sai.o
                0x000047a8                I2S0_Rx_DriverIRQHandler
 .text.SDHC_DriverIRQHandler
                0x000047e4       0x3c ./drivers/fsl_sdhc.o
                0x000047e4                SDHC_DriverIRQHandler
 .text.UART_GetInstance
                0x00004820       0x54 ./drivers/fsl_uart.o
                0x00004820                UART_GetInstance
 .text.UART_Init
                0x00004874      0x2f4 ./drivers/fsl_uart.o
                0x00004874                UART_Init
 .text.UART_EnableInterrupts
                0x00004b68       0x70 ./drivers/fsl_uart.o
                0x00004b68                UART_EnableInterrupts
 .text.UART1_DriverIRQHandler
                0x00004bd8       0x28 ./drivers/fsl_uart.o
                0x00004bd8                UART1_DriverIRQHandler
 .text.UART2_DriverIRQHandler
                0x00004c00       0x28 ./drivers/fsl_uart.o
                0x00004c00                UART2_DriverIRQHandler
 .text.UART3_DriverIRQHandler
                0x00004c28       0x28 ./drivers/fsl_uart.o
                0x00004c28                UART3_DriverIRQHandler
 .text.UART4_DriverIRQHandler
                0x00004c50       0x28 ./drivers/fsl_uart.o
                0x00004c50                UART4_DriverIRQHandler
 .text.SystemInit
                0x00004c78       0x3c ./device/system_MK66F18.o
                0x00004c78                SystemInit
 .text.delay1ms
                0x00004cb4       0x98 ./board/board.o
                0x00004cb4                delay1ms
 .text.BOARD_InitI2C
                0x00004d4c       0xbc ./board/board.o
                0x00004d4c                BOARD_InitI2C
 .text.BOARD_InitRTC
                0x00004e08       0x30 ./board/board.o
                0x00004e08                BOARD_InitRTC
 .text.CLOCK_SetSimSafeDivs
                0x00004e38       0x24 ./board/clock_config.o
 .text.CLOCK_SetXtal0Freq
                0x00004e5c       0x20 ./board/clock_config.o
 .text.CLOCK_SetXtal32Freq
                0x00004e7c       0x20 ./board/clock_config.o
 .text.CLOCK_CONFIG_SetRtcClock
                0x00004e9c       0x84 ./board/clock_config.o
 .text.CLOCK_CONFIG_SetFllExtRefDiv
                0x00004f20       0x3c ./board/clock_config.o
 .text.BOARD_BootClockRUN
                0x00004f5c       0x7c ./board/clock_config.o
                0x00004f5c                BOARD_BootClockRUN
 .text.__NVIC_EnableIRQ
                0x00004fd8       0x3c ./board/peripherals.o
 .text.__NVIC_SetPriority
                0x00005014       0x54 ./board/peripherals.o
 .text.EDMA_EnableAutoStopRequest
                0x00005068       0x60 ./board/peripherals.o
 .text.EDMA_EnableChannelRequest
                0x000050c8       0x30 ./board/peripherals.o
 .text.DMAMUX_EnableChannel
                0x000050f8       0x3c ./board/peripherals.o
 .text.DMAMUX_SetSource
                0x00005134       0x4c ./board/peripherals.o
 .text.DMA_init
                0x00005180       0x60 ./board/peripherals.o
 .text.ADC0_init
                0x000051e0       0x48 ./board/peripherals.o
 .text.ADC1_init
                0x00005228       0x48 ./board/peripherals.o
 .text.FTM0_init
                0x00005270       0x44 ./board/peripherals.o
 .text.FTM3_init
                0x000052b4       0x44 ./board/peripherals.o
 .text.UART0_init
                0x000052f8       0x34 ./board/peripherals.o
 .text.BOARD_InitPeripherals
                0x0000532c       0x40 ./board/peripherals.o
                0x0000532c                BOARD_InitPeripherals
 .text.BOARD_InitPins
                0x0000536c      0x8d0 ./board/pin_mux.o
                0x0000536c                BOARD_InitPins
 .text.OLED_WrDat
                0x00005c3c       0x74 ./CDK66/CDK66_OLED.o
                0x00005c3c                OLED_WrDat
 .text.OLED_WrCmd
                0x00005cb0       0x74 ./CDK66/CDK66_OLED.o
                0x00005cb0                OLED_WrCmd
 .text.OLED_Init
                0x00005d24       0xe8 ./CDK66/CDK66_OLED.o
                0x00005d24                OLED_Init
 .text.__assertion_failed
                0x00005e0c       0x4c c:/nxp/mcuxpressoide_11.2.1_4149/ide/plugins/com.nxp.mcuxpresso.tools.win32_11.2.0.202008311134/tools/bin/../lib/gcc/arm-none-eabi/9.2.1/../../../../arm-none-eabi/lib/thumb/v7e-m+fp/hard\libcr_semihost_nf.a(_cr_assert.o)
                0x00005e0c                __assertion_failed
 .text.__sys_appexit
                0x00005e58        0xc c:/nxp/mcuxpressoide_11.2.1_4149/ide/plugins/com.nxp.mcuxpresso.tools.win32_11.2.0.202008311134/tools/bin/../lib/gcc/arm-none-eabi/9.2.1/../../../../arm-none-eabi/lib/thumb/v7e-m+fp/hard\libcr_semihost_nf.a(__sys_appexit.o)
                0x00005e58                __sys_appexit
                0x00005e58                __exit
 .text._Cwritebuf
                0x00005e64       0x6c c:/nxp/mcuxpressoide_11.2.1_4149/ide/plugins/com.nxp.mcuxpresso.tools.win32_11.2.0.202008311134/tools/bin/../lib/gcc/arm-none-eabi/9.2.1/../../../../arm-none-eabi/lib/thumb/v7e-m+fp/hard\libcr_c.a(_writebuf.o)
                0x00005e64                _Cwritebuf
 .text.malloc   0x00005ed0       0xc8 c:/nxp/mcuxpressoide_11.2.1_4149/ide/plugins/com.nxp.mcuxpresso.tools.win32_11.2.0.202008311134/tools/bin/../lib/gcc/arm-none-eabi/9.2.1/../../../../arm-none-eabi/lib/thumb/v7e-m+fp/hard\libcr_c.a(alloc.o)
                0x00005ed0                malloc
 .text._Csys_alloc
                0x00005f98       0x20 c:/nxp/mcuxpressoide_11.2.1_4149/ide/plugins/com.nxp.mcuxpresso.tools.win32_11.2.0.202008311134/tools/bin/../lib/gcc/arm-none-eabi/9.2.1/../../../../arm-none-eabi/lib/thumb/v7e-m+fp/hard\libcr_c.a(alloc.o)
                0x00005f98                _Csys_alloc
 .text.sprintf  0x00005fb8       0x6c c:/nxp/mcuxpressoide_11.2.1_4149/ide/plugins/com.nxp.mcuxpresso.tools.win32_11.2.0.202008311134/tools/bin/../lib/gcc/arm-none-eabi/9.2.1/../../../../arm-none-eabi/lib/thumb/v7e-m+fp/hard\libcr_c.a(fpprintf.o)
                0x00005fb8                sprintf
 .text.vsnprintf
                0x00006024       0x68 c:/nxp/mcuxpressoide_11.2.1_4149/ide/plugins/com.nxp.mcuxpresso.tools.win32_11.2.0.202008311134/tools/bin/../lib/gcc/arm-none-eabi/9.2.1/../../../../arm-none-eabi/lib/thumb/v7e-m+fp/hard\libcr_c.a(fpprintf.o)
                0x00006024                vsnprintf
 .text.printf   0x0000608c       0x54 c:/nxp/mcuxpressoide_11.2.1_4149/ide/plugins/com.nxp.mcuxpresso.tools.win32_11.2.0.202008311134/tools/bin/../lib/gcc/arm-none-eabi/9.2.1/../../../../arm-none-eabi/lib/thumb/v7e-m+fp/hard\libcr_c.a(fpprintf.o)
                0x0000608c                printf
 .text.fseek    0x000060e0      0x100 c:/nxp/mcuxpressoide_11.2.1_4149/ide/plugins/com.nxp.mcuxpresso.tools.win32_11.2.0.202008311134/tools/bin/../lib/gcc/arm-none-eabi/9.2.1/../../../../arm-none-eabi/lib/thumb/v7e-m+fp/hard\libcr_c.a(fseek.o)
                0x000060e0                fseek
 .text.ftell    0x000061e0       0x44 c:/nxp/mcuxpressoide_11.2.1_4149/ide/plugins/com.nxp.mcuxpresso.tools.win32_11.2.0.202008311134/tools/bin/../lib/gcc/arm-none-eabi/9.2.1/../../../../arm-none-eabi/lib/thumb/v7e-m+fp/hard\libcr_c.a(ftell.o)
                0x000061e0                ftell
 .text._initio  0x00006224       0x78 c:/nxp/mcuxpressoide_11.2.1_4149/ide/plugins/com.nxp.mcuxpresso.tools.win32_11.2.0.202008311134/tools/bin/../lib/gcc/arm-none-eabi/9.2.1/../../../../arm-none-eabi/lib/thumb/v7e-m+fp/hard\libcr_c.a(initio.o)
                0x00006224                _initio
 .text.__vfprintf
                0x0000629c      0xce8 c:/nxp/mcuxpressoide_11.2.1_4149/ide/plugins/com.nxp.mcuxpresso.tools.win32_11.2.0.202008311134/tools/bin/../lib/gcc/arm-none-eabi/9.2.1/../../../../arm-none-eabi/lib/thumb/v7e-m+fp/hard\libcr_c.a(printf.o)
                0x0000629c                __vfprintf
 .text.ch_val   0x00006f84       0x30 c:/nxp/mcuxpressoide_11.2.1_4149/ide/plugins/com.nxp.mcuxpresso.tools.win32_11.2.0.202008311134/tools/bin/../lib/gcc/arm-none-eabi/9.2.1/../../../../arm-none-eabi/lib/thumb/v7e-m+fp/hard\libcr_c.a(scanf.o)
 .text.cr_rd_int
                0x00006fb4      0x1a8 c:/nxp/mcuxpressoide_11.2.1_4149/ide/plugins/com.nxp.mcuxpresso.tools.win32_11.2.0.202008311134/tools/bin/../lib/gcc/arm-none-eabi/9.2.1/../../../../arm-none-eabi/lib/thumb/v7e-m+fp/hard\libcr_c.a(scanf.o)
 .text.__filbuf
                0x0000715c      0x178 c:/nxp/mcuxpressoide_11.2.1_4149/ide/plugins/com.nxp.mcuxpresso.tools.win32_11.2.0.202008311134/tools/bin/../lib/gcc/arm-none-eabi/9.2.1/../../../../arm-none-eabi/lib/thumb/v7e-m+fp/hard\libcr_c.a(__fillbuf.o)
                0x0000715c                __filbuf
 .text._sbrk    0x000072d4       0x3c c:/nxp/mcuxpressoide_11.2.1_4149/ide/plugins/com.nxp.mcuxpresso.tools.win32_11.2.0.202008311134/tools/bin/../lib/gcc/arm-none-eabi/9.2.1/../../../../arm-none-eabi/lib/thumb/v7e-m+fp/hard\libcr_c.a(_cr_sbrk.o)
                0x000072d4                _sbrk
 .text.fflush   0x00007310       0x44 c:/nxp/mcuxpressoide_11.2.1_4149/ide/plugins/com.nxp.mcuxpresso.tools.win32_11.2.0.202008311134/tools/bin/../lib/gcc/arm-none-eabi/9.2.1/../../../../arm-none-eabi/lib/thumb/v7e-m+fp/hard\libcr_c.a(fflush.o)
                0x00007310                fflush
 .text.__check_heap_overflow
                0x00007354       0x18 c:/nxp/mcuxpressoide_11.2.1_4149/ide/plugins/com.nxp.mcuxpresso.tools.win32_11.2.0.202008311134/tools/bin/../lib/gcc/arm-none-eabi/9.2.1/../../../../arm-none-eabi/lib/thumb/v7e-m+fp/hard\libcr_c.a(_cr_check_heap.o)
                0x00007354                __check_heap_overflow
 .text.__aeabi_dmul
                0x0000736c      0x114 c:/nxp/mcuxpressoide_11.2.1_4149/ide/plugins/com.nxp.mcuxpresso.tools.win32_11.2.0.202008311134/tools/bin/../lib/gcc/arm-none-eabi/9.2.1/thumb/v7e-m+fp/hard\libcr_eabihelpers.a(double.o)
                0x0000736c                __aeabi_dmul
 .text.__aeabi_ddiv
                0x00007480      0x144 c:/nxp/mcuxpressoide_11.2.1_4149/ide/plugins/com.nxp.mcuxpresso.tools.win32_11.2.0.202008311134/tools/bin/../lib/gcc/arm-none-eabi/9.2.1/thumb/v7e-m+fp/hard\libcr_eabihelpers.a(double.o)
                0x00007480                __aeabi_ddiv
 .text.__aeabi_dsub
                0x000075c4      0x1b0 c:/nxp/mcuxpressoide_11.2.1_4149/ide/plugins/com.nxp.mcuxpresso.tools.win32_11.2.0.202008311134/tools/bin/../lib/gcc/arm-none-eabi/9.2.1/thumb/v7e-m+fp/hard\libcr_eabihelpers.a(double.o)
                0x000075c4                __aeabi_dsub
 .text.__aeabi_dadd
                0x00007774      0x114 c:/nxp/mcuxpressoide_11.2.1_4149/ide/plugins/com.nxp.mcuxpresso.tools.win32_11.2.0.202008311134/tools/bin/../lib/gcc/arm-none-eabi/9.2.1/thumb/v7e-m+fp/hard\libcr_eabihelpers.a(double.o)
                0x00007774                __aeabi_dadd
 .text.__aeabi_d2f
                0x00007888       0x58 c:/nxp/mcuxpressoide_11.2.1_4149/ide/plugins/com.nxp.mcuxpresso.tools.win32_11.2.0.202008311134/tools/bin/../lib/gcc/arm-none-eabi/9.2.1/thumb/v7e-m+fp/hard\libcr_eabihelpers.a(double.o)
                0x00007888                __aeabi_d2f
 .text.DMA0_DMA16_IRQHandler
                0x000078e0        0x8 ./startup/startup_mk66f18.o
                0x000078e0                DMA0_DMA16_IRQHandler
 .text.DMA1_DMA17_IRQHandler
                0x000078e8        0x8 ./startup/startup_mk66f18.o
                0x000078e8                DMA1_DMA17_IRQHandler
 .text.DMA2_DMA18_IRQHandler
                0x000078f0        0x8 ./startup/startup_mk66f18.o
                0x000078f0                DMA2_DMA18_IRQHandler
 .text.DMA3_DMA19_IRQHandler
                0x000078f8        0x8 ./startup/startup_mk66f18.o
                0x000078f8                DMA3_DMA19_IRQHandler
 .text.DMA4_DMA20_IRQHandler
                0x00007900        0x8 ./startup/startup_mk66f18.o
                0x00007900                DMA4_DMA20_IRQHandler
 .text.DMA5_DMA21_IRQHandler
                0x00007908        0x8 ./startup/startup_mk66f18.o
                0x00007908                DMA5_DMA21_IRQHandler
 .text.DMA6_DMA22_IRQHandler
                0x00007910        0x8 ./startup/startup_mk66f18.o
                0x00007910                DMA6_DMA22_IRQHandler
 .text.DMA7_DMA23_IRQHandler
                0x00007918        0x8 ./startup/startup_mk66f18.o
                0x00007918                DMA7_DMA23_IRQHandler
 .text.DMA8_DMA24_IRQHandler
                0x00007920        0x8 ./startup/startup_mk66f18.o
                0x00007920                DMA8_DMA24_IRQHandler
 .text.DMA9_DMA25_IRQHandler
                0x00007928        0x8 ./startup/startup_mk66f18.o
                0x00007928                DMA9_DMA25_IRQHandler
 .text.DMA10_DMA26_IRQHandler
                0x00007930        0x8 ./startup/startup_mk66f18.o
                0x00007930                DMA10_DMA26_IRQHandler
 .text.DMA11_DMA27_IRQHandler
                0x00007938        0x8 ./startup/startup_mk66f18.o
                0x00007938                DMA11_DMA27_IRQHandler
 .text.DMA12_DMA28_IRQHandler
                0x00007940        0x8 ./startup/startup_mk66f18.o
                0x00007940                DMA12_DMA28_IRQHandler
 .text.DMA13_DMA29_IRQHandler
                0x00007948        0x8 ./startup/startup_mk66f18.o
                0x00007948                DMA13_DMA29_IRQHandler
 .text.DMA14_DMA30_IRQHandler
                0x00007950        0x8 ./startup/startup_mk66f18.o
                0x00007950                DMA14_DMA30_IRQHandler
 .text.DMA15_DMA31_IRQHandler
                0x00007958        0x8 ./startup/startup_mk66f18.o
                0x00007958                DMA15_DMA31_IRQHandler
 .text.DMA_Error_IRQHandler
                0x00007960        0x8 ./startup/startup_mk66f18.o
                0x00007960                DMA_Error_IRQHandler
 .text.MCM_IRQHandler
                0x00007968        0x8 ./startup/startup_mk66f18.o
                0x00007968                MCM_IRQHandler
 .text.FTFE_IRQHandler
                0x00007970        0x8 ./startup/startup_mk66f18.o
                0x00007970                FTFE_IRQHandler
 .text.Read_Collision_IRQHandler
                0x00007978        0x8 ./startup/startup_mk66f18.o
                0x00007978                Read_Collision_IRQHandler
 .text.LVD_LVW_IRQHandler
                0x00007980        0x8 ./startup/startup_mk66f18.o
                0x00007980                LVD_LVW_IRQHandler
 .text.LLWU_IRQHandler
                0x00007988        0x8 ./startup/startup_mk66f18.o
                0x00007988                LLWU_IRQHandler
 .text.WDOG_EWM_IRQHandler
                0x00007990        0x8 ./startup/startup_mk66f18.o
                0x00007990                WDOG_EWM_IRQHandler
 .text.RNG_IRQHandler
                0x00007998        0x8 ./startup/startup_mk66f18.o
                0x00007998                RNG_IRQHandler
 .text.I2C0_IRQHandler
                0x000079a0        0x8 ./startup/startup_mk66f18.o
                0x000079a0                I2C0_IRQHandler
 .text.I2C1_IRQHandler
                0x000079a8        0x8 ./startup/startup_mk66f18.o
                0x000079a8                I2C1_IRQHandler
 .text.SPI0_IRQHandler
                0x000079b0        0x8 ./startup/startup_mk66f18.o
                0x000079b0                SPI0_IRQHandler
 .text.SPI1_IRQHandler
                0x000079b8        0x8 ./startup/startup_mk66f18.o
                0x000079b8                SPI1_IRQHandler
 .text.I2S0_Tx_IRQHandler
                0x000079c0        0x8 ./startup/startup_mk66f18.o
                0x000079c0                I2S0_Tx_IRQHandler
 .text.I2S0_Rx_IRQHandler
                0x000079c8        0x8 ./startup/startup_mk66f18.o
                0x000079c8                I2S0_Rx_IRQHandler
 .text.Reserved46_IRQHandler
                0x000079d0        0x8 ./startup/startup_mk66f18.o
                0x000079d0                Reserved46_IRQHandler
 .text.UART0_ERR_IRQHandler
                0x000079d8        0x8 ./startup/startup_mk66f18.o
                0x000079d8                UART0_ERR_IRQHandler
 .text.UART1_RX_TX_IRQHandler
                0x000079e0        0x8 ./startup/startup_mk66f18.o
                0x000079e0                UART1_RX_TX_IRQHandler
 .text.UART1_ERR_IRQHandler
                0x000079e8        0x8 ./startup/startup_mk66f18.o
                0x000079e8                UART1_ERR_IRQHandler
 .text.UART2_RX_TX_IRQHandler
                0x000079f0        0x8 ./startup/startup_mk66f18.o
                0x000079f0                UART2_RX_TX_IRQHandler
 .text.UART2_ERR_IRQHandler
                0x000079f8        0x8 ./startup/startup_mk66f18.o
                0x000079f8                UART2_ERR_IRQHandler
 .text.UART3_RX_TX_IRQHandler
                0x00007a00        0x8 ./startup/startup_mk66f18.o
                0x00007a00                UART3_RX_TX_IRQHandler
 .text.UART3_ERR_IRQHandler
                0x00007a08        0x8 ./startup/startup_mk66f18.o
                0x00007a08                UART3_ERR_IRQHandler
 .text.ADC0_IRQHandler
                0x00007a10        0x8 ./startup/startup_mk66f18.o
                0x00007a10                ADC0_IRQHandler
 .text.CMP0_IRQHandler
                0x00007a18        0x8 ./startup/startup_mk66f18.o
                0x00007a18                CMP0_IRQHandler
 .text.CMP1_IRQHandler
                0x00007a20        0x8 ./startup/startup_mk66f18.o
                0x00007a20                CMP1_IRQHandler
 .text.FTM0_IRQHandler
                0x00007a28        0x8 ./startup/startup_mk66f18.o
                0x00007a28                FTM0_IRQHandler
 .text.FTM1_IRQHandler
                0x00007a30        0x8 ./startup/startup_mk66f18.o
                0x00007a30                FTM1_IRQHandler
 .text.FTM2_IRQHandler
                0x00007a38        0x8 ./startup/startup_mk66f18.o
                0x00007a38                FTM2_IRQHandler
 .text.CMT_IRQHandler
                0x00007a40        0x8 ./startup/startup_mk66f18.o
                0x00007a40                CMT_IRQHandler
 .text.RTC_IRQHandler
                0x00007a48        0x8 ./startup/startup_mk66f18.o
                0x00007a48                RTC_IRQHandler
 .text.RTC_Seconds_IRQHandler
                0x00007a50        0x8 ./startup/startup_mk66f18.o
                0x00007a50                RTC_Seconds_IRQHandler
 .text.PIT1_IRQHandler
                0x00007a58        0x8 ./startup/startup_mk66f18.o
                0x00007a58                PIT1_IRQHandler
 .text.PIT2_IRQHandler
                0x00007a60        0x8 ./startup/startup_mk66f18.o
                0x00007a60                PIT2_IRQHandler
 .text.PIT3_IRQHandler
                0x00007a68        0x8 ./startup/startup_mk66f18.o
                0x00007a68                PIT3_IRQHandler
 .text.PDB0_IRQHandler
                0x00007a70        0x8 ./startup/startup_mk66f18.o
                0x00007a70                PDB0_IRQHandler
 .text.USB0_IRQHandler
                0x00007a78        0x8 ./startup/startup_mk66f18.o
                0x00007a78                USB0_IRQHandler
 .text.USBDCD_IRQHandler
                0x00007a80        0x8 ./startup/startup_mk66f18.o
                0x00007a80                USBDCD_IRQHandler
 .text.Reserved71_IRQHandler
                0x00007a88        0x8 ./startup/startup_mk66f18.o
                0x00007a88                Reserved71_IRQHandler
 .text.DAC0_IRQHandler
                0x00007a90        0x8 ./startup/startup_mk66f18.o
                0x00007a90                DAC0_IRQHandler
 .text.MCG_IRQHandler
                0x00007a98        0x8 ./startup/startup_mk66f18.o
                0x00007a98                MCG_IRQHandler
 .text.LPTMR0_IRQHandler
                0x00007aa0        0x8 ./startup/startup_mk66f18.o
                0x00007aa0                LPTMR0_IRQHandler
 .text.PORTA_IRQHandler
                0x00007aa8        0x8 ./startup/startup_mk66f18.o
                0x00007aa8                PORTA_IRQHandler
 .text.PORTC_IRQHandler
                0x00007ab0        0x8 ./startup/startup_mk66f18.o
                0x00007ab0                PORTC_IRQHandler
 .text.PORTD_IRQHandler
                0x00007ab8        0x8 ./startup/startup_mk66f18.o
                0x00007ab8                PORTD_IRQHandler
 .text.PORTE_IRQHandler
                0x00007ac0        0x8 ./startup/startup_mk66f18.o
                0x00007ac0                PORTE_IRQHandler
 .text.SWI_IRQHandler
                0x00007ac8        0x8 ./startup/startup_mk66f18.o
                0x00007ac8                SWI_IRQHandler
 .text.SPI2_IRQHandler
                0x00007ad0        0x8 ./startup/startup_mk66f18.o
                0x00007ad0                SPI2_IRQHandler
 .text.UART4_RX_TX_IRQHandler
                0x00007ad8        0x8 ./startup/startup_mk66f18.o
                0x00007ad8                UART4_RX_TX_IRQHandler
 .text.UART4_ERR_IRQHandler
                0x00007ae0        0x8 ./startup/startup_mk66f18.o
                0x00007ae0                UART4_ERR_IRQHandler
 .text.Reserved84_IRQHandler
                0x00007ae8        0x8 ./startup/startup_mk66f18.o
                0x00007ae8                Reserved84_IRQHandler
 .text.Reserved85_IRQHandler
                0x00007af0        0x8 ./startup/startup_mk66f18.o
                0x00007af0                Reserved85_IRQHandler
 .text.CMP2_IRQHandler
                0x00007af8        0x8 ./startup/startup_mk66f18.o
                0x00007af8                CMP2_IRQHandler
 .text.FTM3_IRQHandler
                0x00007b00        0x8 ./startup/startup_mk66f18.o
                0x00007b00                FTM3_IRQHandler
 .text.DAC1_IRQHandler
                0x00007b08        0x8 ./startup/startup_mk66f18.o
                0x00007b08                DAC1_IRQHandler
 .text.ADC1_IRQHandler
                0x00007b10        0x8 ./startup/startup_mk66f18.o
                0x00007b10                ADC1_IRQHandler
 .text.I2C2_IRQHandler
                0x00007b18        0x8 ./startup/startup_mk66f18.o
                0x00007b18                I2C2_IRQHandler
 .text.CAN0_ORed_Message_buffer_IRQHandler
                0x00007b20        0x8 ./startup/startup_mk66f18.o
                0x00007b20                CAN0_ORed_Message_buffer_IRQHandler
 .text.CAN0_Bus_Off_IRQHandler
                0x00007b28        0x8 ./startup/startup_mk66f18.o
                0x00007b28                CAN0_Bus_Off_IRQHandler
 .text.CAN0_Error_IRQHandler
                0x00007b30        0x8 ./startup/startup_mk66f18.o
                0x00007b30                CAN0_Error_IRQHandler
 .text.CAN0_Tx_Warning_IRQHandler
                0x00007b38        0x8 ./startup/startup_mk66f18.o
                0x00007b38                CAN0_Tx_Warning_IRQHandler
 .text.CAN0_Rx_Warning_IRQHandler
                0x00007b40        0x8 ./startup/startup_mk66f18.o
                0x00007b40                CAN0_Rx_Warning_IRQHandler
 .text.CAN0_Wake_Up_IRQHandler
                0x00007b48        0x8 ./startup/startup_mk66f18.o
                0x00007b48                CAN0_Wake_Up_IRQHandler
 .text.SDHC_IRQHandler
                0x00007b50        0x8 ./startup/startup_mk66f18.o
                0x00007b50                SDHC_IRQHandler
 .text.ENET_1588_Timer_IRQHandler
                0x00007b58        0x8 ./startup/startup_mk66f18.o
                0x00007b58                ENET_1588_Timer_IRQHandler
 .text.ENET_Transmit_IRQHandler
                0x00007b60        0x8 ./startup/startup_mk66f18.o
                0x00007b60                ENET_Transmit_IRQHandler
 .text.ENET_Receive_IRQHandler
                0x00007b68        0x8 ./startup/startup_mk66f18.o
                0x00007b68                ENET_Receive_IRQHandler
 .text.ENET_Error_IRQHandler
                0x00007b70        0x8 ./startup/startup_mk66f18.o
                0x00007b70                ENET_Error_IRQHandler
 .text.LPUART0_IRQHandler
                0x00007b78        0x8 ./startup/startup_mk66f18.o
                0x00007b78                LPUART0_IRQHandler
 .text.TSI0_IRQHandler
                0x00007b80        0x8 ./startup/startup_mk66f18.o
                0x00007b80                TSI0_IRQHandler
 .text.TPM1_IRQHandler
                0x00007b88        0x8 ./startup/startup_mk66f18.o
                0x00007b88                TPM1_IRQHandler
 .text.TPM2_IRQHandler
                0x00007b90        0x8 ./startup/startup_mk66f18.o
                0x00007b90                TPM2_IRQHandler
 .text.USBHSDCD_IRQHandler
                0x00007b98        0x8 ./startup/startup_mk66f18.o
                0x00007b98                USBHSDCD_IRQHandler
 .text.I2C3_IRQHandler
                0x00007ba0        0x8 ./startup/startup_mk66f18.o
                0x00007ba0                I2C3_IRQHandler
 .text.CMP3_IRQHandler
                0x00007ba8        0x8 ./startup/startup_mk66f18.o
                0x00007ba8                CMP3_IRQHandler
 .text.USBHS_IRQHandler
                0x00007bb0        0x8 ./startup/startup_mk66f18.o
                0x00007bb0                USBHS_IRQHandler
 .text.CAN1_ORed_Message_buffer_IRQHandler
                0x00007bb8        0x8 ./startup/startup_mk66f18.o
                0x00007bb8                CAN1_ORed_Message_buffer_IRQHandler
 .text.CAN1_Bus_Off_IRQHandler
                0x00007bc0        0x8 ./startup/startup_mk66f18.o
                0x00007bc0                CAN1_Bus_Off_IRQHandler
 .text.CAN1_Error_IRQHandler
                0x00007bc8        0x8 ./startup/startup_mk66f18.o
                0x00007bc8                CAN1_Error_IRQHandler
 .text.CAN1_Tx_Warning_IRQHandler
                0x00007bd0        0x8 ./startup/startup_mk66f18.o
                0x00007bd0                CAN1_Tx_Warning_IRQHandler
 .text.CAN1_Rx_Warning_IRQHandler
                0x00007bd8        0x8 ./startup/startup_mk66f18.o
                0x00007bd8                CAN1_Rx_Warning_IRQHandler
 .text.CAN1_Wake_Up_IRQHandler
                0x00007be0        0x8 ./startup/startup_mk66f18.o
                0x00007be0                CAN1_Wake_Up_IRQHandler
 .text.EnableIRQ
                0x00007be8       0x2c ./source/CDK66_Ref4.o
 .text.GPIO_PinWrite
                0x00007c14       0x3a ./source/CDK66_Ref4.o
 .text.GPIO_PortSet
                0x00007c4e       0x1c ./source/CDK66_Ref4.o
 .text.GPIO_PortClear
                0x00007c6a       0x1c ./source/CDK66_Ref4.o
 .text.GPIO_PortToggle
                0x00007c86       0x1c ./source/CDK66_Ref4.o
 .text.GPIO_PinRead
                0x00007ca2       0x24 ./source/CDK66_Ref4.o
 .text.UART_ReadByte
                0x00007cc6       0x1a ./source/CDK66_Ref4.o
 .text.PIT_EnableInterrupts
                0x00007ce0       0x3a ./source/CDK66_Ref4.o
 .text.PIT_ClearStatusFlags
                0x00007d1a       0x2a ./source/CDK66_Ref4.o
 .text.PIT_SetTimerPeriod
                0x00007d44       0x28 ./source/CDK66_Ref4.o
 .text.PIT_StartTimer
                0x00007d6c       0x38 ./source/CDK66_Ref4.o
 .text.CCD_delay
                0x00007da4       0x24 ./source/CDK66_Ref4.o
                0x00007da4                CCD_delay
 .text.HardFault_Handler
                0x00007dc8       0x2c ./source/semihost_hardfault.o
                0x00007dc8                HardFault_Handler
 .text.CLOCK_EnableClock
                0x00007df4       0x34 ./drivers/fsl_adc16.o
 .text.ADC16_DoAutoCalibration
                0x00007e28      0x130 ./drivers/fsl_adc16.o
                0x00007e28                ADC16_DoAutoCalibration
 .text.ADC16_SetChannelMuxMode
                0x00007f58       0x38 ./drivers/fsl_adc16.o
                0x00007f58                ADC16_SetChannelMuxMode
 .text.ADC16_SetHardwareAverage
                0x00007f90       0x3e ./drivers/fsl_adc16.o
                0x00007f90                ADC16_SetHardwareAverage
 .text.ADC16_GetStatusFlags
                0x00007fce       0x42 ./drivers/fsl_adc16.o
                0x00007fce                ADC16_GetStatusFlags
 .text.OSC_SetExtRefClkConfig
                0x00008010       0x40 ./drivers/fsl_clock.o
 .text.OSC_SetCapLoad
                0x00008050       0x34 ./drivers/fsl_clock.o
 .text.CLOCK_GetPll0RefFreq
                0x00008084        0xe ./drivers/fsl_clock.o
 .text.CLOCK_GetFixedFreqClkFreq
                0x00008092       0x34 ./drivers/fsl_clock.o
                0x00008092                CLOCK_GetFixedFreqClkFreq
 .text.CLOCK_EnableClock
                0x000080c6       0x34 ./drivers/fsl_dmamux.o
 .text.DSPI_IsMaster
                0x000080fa       0x26 ./drivers/fsl_dspi.o
 .text.CLOCK_EnableClock
                0x00008120       0x34 ./drivers/fsl_edma.o
 .text.CLOCK_EnableClock
                0x00008154       0x34 ./drivers/fsl_ftm.o
 .text.FTM_SetDeadTimeEnable
                0x00008188       0x52 ./drivers/fsl_ftm.o
 .text.FTM_SetComplementaryEnable
                0x000081da       0x52 ./drivers/fsl_ftm.o
 .text.GPIO_PinWrite
                0x0000822c       0x3a ./drivers/fsl_gpio.o
 .text.CLOCK_EnableClock
                0x00008266       0x34 ./drivers/fsl_i2c.o
 .text.I2C_MasterClearStatusFlags
                0x0000829a       0x5a ./drivers/fsl_i2c.o
 .text.I2C_CheckAndClearError
                0x000082f4       0x44 ./drivers/fsl_i2c.o
 .text.I2C_MasterStart
                0x00008338       0x62 ./drivers/fsl_i2c.o
                0x00008338                I2C_MasterStart
 .text.I2C_MasterRepeatedStart
                0x0000839a       0x9a ./drivers/fsl_i2c.o
                0x0000839a                I2C_MasterRepeatedStart
 .text.I2C_MasterStop
                0x00008434       0x3a ./drivers/fsl_i2c.o
                0x00008434                I2C_MasterStop
 .text.I2C_MasterGetStatusFlags
                0x0000846e       0x4a ./drivers/fsl_i2c.o
                0x0000846e                I2C_MasterGetStatusFlags
 .text.I2C_MasterWriteBlocking
                0x000084b8       0xdc ./drivers/fsl_i2c.o
                0x000084b8                I2C_MasterWriteBlocking
 .text.I2C_MasterReadBlocking
                0x00008594       0xdc ./drivers/fsl_i2c.o
                0x00008594                I2C_MasterReadBlocking
 .text.CLOCK_EnableClock
                0x00008670       0x34 ./drivers/fsl_pit.o
 .text.CLOCK_EnableClock
                0x000086a4       0x34 ./drivers/fsl_rtc.o
 .text.RTC_Reset
                0x000086d8       0x32 ./drivers/fsl_rtc.o
 .text.RTC_GetStatusFlags
                0x0000870a       0x6a ./drivers/fsl_rtc.o
                0x0000870a                RTC_GetStatusFlags
 .text.SMC_SetPowerModeHsrun
                0x00008774       0x32 ./drivers/fsl_smc.o
                0x00008774                SMC_SetPowerModeHsrun
 .text.CLOCK_EnableClock
                0x000087a6       0x34 ./drivers/fsl_uart.o
 .text.UART_GetStatusFlags
                0x000087da       0x48 ./drivers/fsl_uart.o
                0x000087da                UART_GetStatusFlags
 .text.UART_WriteBlocking
                0x00008822       0x50 ./drivers/fsl_uart.o
                0x00008822                UART_WriteBlocking
 .text.UART1_RX_TX_DriverIRQHandler
                0x00008872       0x12 ./drivers/fsl_uart.o
                0x00008872                UART1_RX_TX_DriverIRQHandler
 .text.UART2_RX_TX_DriverIRQHandler
                0x00008884       0x12 ./drivers/fsl_uart.o
                0x00008884                UART2_RX_TX_DriverIRQHandler
 .text.UART3_RX_TX_DriverIRQHandler
                0x00008896       0x12 ./drivers/fsl_uart.o
                0x00008896                UART3_RX_TX_DriverIRQHandler
 .text.UART4_RX_TX_DriverIRQHandler
                0x000088a8       0x12 ./drivers/fsl_uart.o
                0x000088a8                UART4_RX_TX_DriverIRQHandler
 .text.SystemInitHook
                0x000088ba        0xe ./device/system_MK66F18.o
                0x000088ba                SystemInitHook
 .text.RTC_SetClockSource
                0x000088c8       0x20 ./board/board.o
 .text.delay    0x000088e8       0x26 ./board/board.o
                0x000088e8                delay
 .text.delay_short
                0x0000890e       0x26 ./board/board.o
                0x0000890e                delay_short
 .text.CLOCK_EnableClock
                0x00008934       0x34 ./board/clock_config.o
 .text.CLOCK_DisableClock
                0x00008968       0x38 ./board/clock_config.o
 .text.SMC_SetPowerModeProtection
                0x000089a0       0x1e ./board/clock_config.o
 .text.SMC_GetPowerModeState
                0x000089be       0x1a ./board/clock_config.o
 .text.RTC_SetOscCapLoad
                0x000089d8       0x32 ./board/clock_config.o
 .text.BOARD_InitBootClocks
                0x00008a0a        0xc ./board/clock_config.o
                0x00008a0a                BOARD_InitBootClocks
 .text.EnableIRQ
                0x00008a16       0x2c ./board/peripherals.o
 .text.ADC16_EnableHardwareTrigger
                0x00008a42       0x38 ./board/peripherals.o
 .text.FTM_StartTimer
                0x00008a7a       0x3a ./board/peripherals.o
 .text.GPIOB_init
                0x00008ab4       0x16 ./board/peripherals.o
 .text.BOARD_InitBootPeripherals
                0x00008aca        0xc ./board/peripherals.o
                0x00008aca                BOARD_InitBootPeripherals
 .text.CLOCK_EnableClock
                0x00008ad6       0x34 ./board/pin_mux.o
 .text.PORT_SetPinMux
                0x00008b0a       0x3a ./board/pin_mux.o
 .text.PORT_SetPinInterruptConfig
                0x00008b44       0x3a ./board/pin_mux.o
 .text.BOARD_InitBootPins
                0x00008b7e        0xc ./board/pin_mux.o
                0x00008b7e                BOARD_InitBootPins
 .text.GPIO_PortSet
                0x00008b8a       0x1c ./CDK66/CDK66_OLED.o
 .text.GPIO_PortClear
                0x00008ba6       0x1c ./CDK66/CDK66_OLED.o
 .text.OLED_Delay_ms
                0x00008bc2       0x58 ./CDK66/CDK66_OLED.o
                0x00008bc2                OLED_Delay_ms
 .text.OLED_Set_Pos
                0x00008c1a       0x44 ./CDK66/CDK66_OLED.o
                0x00008c1a                OLED_Set_Pos
 .text.OLED_Fill
                0x00008c5e       0x5a ./CDK66/CDK66_OLED.o
                0x00008c5e                OLED_Fill
 .text.__main   0x00008cb8        0xe c:/nxp/mcuxpressoide_11.2.1_4149/ide/plugins/com.nxp.mcuxpresso.tools.win32_11.2.0.202008311134/tools/bin/../lib/gcc/arm-none-eabi/9.2.1/../../../../arm-none-eabi/lib/thumb/v7e-m+fp/hard\libcr_semihost_nf.a(_cr__main.o)
                0x00008cb8                __CR_SEMIHOST
                0x00008cb8                __main
 .text.memset   0x00008cc6        0x4 c:/nxp/mcuxpressoide_11.2.1_4149/ide/plugins/com.nxp.mcuxpresso.tools.win32_11.2.0.202008311134/tools/bin/../lib/gcc/arm-none-eabi/9.2.1/../../../../arm-none-eabi/lib/thumb/v7e-m+fp/hard\libcr_c.a(memset.o)
                0x00008cc6                memset
 .text._deferredlazyseek
                0x00008cca       0x40 c:/nxp/mcuxpressoide_11.2.1_4149/ide/plugins/com.nxp.mcuxpresso.tools.win32_11.2.0.202008311134/tools/bin/../lib/gcc/arm-none-eabi/9.2.1/../../../../arm-none-eabi/lib/thumb/v7e-m+fp/hard\libcr_c.a(_deferredlazyseek.o)
                0x00008cca                _deferredlazyseek
 .text.__flsbuf
                0x00008d0a      0x140 c:/nxp/mcuxpressoide_11.2.1_4149/ide/plugins/com.nxp.mcuxpresso.tools.win32_11.2.0.202008311134/tools/bin/../lib/gcc/arm-none-eabi/9.2.1/../../../../arm-none-eabi/lib/thumb/v7e-m+fp/hard\libcr_c.a(_deferredlazyseek.o)
                0x00008d0a                __flsbuf
 .text._fflush  0x00008e4a       0x52 c:/nxp/mcuxpressoide_11.2.1_4149/ide/plugins/com.nxp.mcuxpresso.tools.win32_11.2.0.202008311134/tools/bin/../lib/gcc/arm-none-eabi/9.2.1/../../../../arm-none-eabi/lib/thumb/v7e-m+fp/hard\libcr_c.a(_fflush.o)
                0x00008e4a                _fflush
 .text.free     0x00008e9c       0x30 c:/nxp/mcuxpressoide_11.2.1_4149/ide/plugins/com.nxp.mcuxpresso.tools.win32_11.2.0.202008311134/tools/bin/../lib/gcc/arm-none-eabi/9.2.1/../../../../arm-none-eabi/lib/thumb/v7e-m+fp/hard\libcr_c.a(alloc.o)
                0x00008e9c                free
 .text.fp_round
                0x00008ecc       0x4e c:/nxp/mcuxpressoide_11.2.1_4149/ide/plugins/com.nxp.mcuxpresso.tools.win32_11.2.0.202008311134/tools/bin/../lib/gcc/arm-none-eabi/9.2.1/../../../../arm-none-eabi/lib/thumb/v7e-m+fp/hard\libcr_c.a(fpprintf.o)
 .text.pr_dec.constprop.0
                0x00008f1a       0x26 c:/nxp/mcuxpressoide_11.2.1_4149/ide/plugins/com.nxp.mcuxpresso.tools.win32_11.2.0.202008311134/tools/bin/../lib/gcc/arm-none-eabi/9.2.1/../../../../arm-none-eabi/lib/thumb/v7e-m+fp/hard\libcr_c.a(fpprintf.o)
 .text.fputs    0x00008f40       0x2c c:/nxp/mcuxpressoide_11.2.1_4149/ide/plugins/com.nxp.mcuxpresso.tools.win32_11.2.0.202008311134/tools/bin/../lib/gcc/arm-none-eabi/9.2.1/../../../../arm-none-eabi/lib/thumb/v7e-m+fp/hard\libcr_c.a(fputs.o)
                0x00008f40                fputs
 .text.sscanf   0x00008f6c       0x3e c:/nxp/mcuxpressoide_11.2.1_4149/ide/plugins/com.nxp.mcuxpresso.tools.win32_11.2.0.202008311134/tools/bin/../lib/gcc/arm-none-eabi/9.2.1/../../../../arm-none-eabi/lib/thumb/v7e-m+fp/hard\libcr_c.a(scanf.o)
                0x00008f6c                sscanf
 .text.setvbuf  0x00008faa       0x3e c:/nxp/mcuxpressoide_11.2.1_4149/ide/plugins/com.nxp.mcuxpresso.tools.win32_11.2.0.202008311134/tools/bin/../lib/gcc/arm-none-eabi/9.2.1/../../../../arm-none-eabi/lib/thumb/v7e-m+fp/hard\libcr_c.a(setvbuf.o)
                0x00008faa                setvbuf
 .text.strlen   0x00008fe8       0x4c c:/nxp/mcuxpressoide_11.2.1_4149/ide/plugins/com.nxp.mcuxpresso.tools.win32_11.2.0.202008311134/tools/bin/../lib/gcc/arm-none-eabi/9.2.1/../../../../arm-none-eabi/lib/thumb/v7e-m+fp/hard\libcr_c.a(strlen.o)
                0x00008fe8                strlen
 .text.ungetc   0x00009034       0x32 c:/nxp/mcuxpressoide_11.2.1_4149/ide/plugins/com.nxp.mcuxpresso.tools.win32_11.2.0.202008311134/tools/bin/../lib/gcc/arm-none-eabi/9.2.1/../../../../arm-none-eabi/lib/thumb/v7e-m+fp/hard\libcr_c.a(ungetc.o)
                0x00009034                ungetc
 .text._Csys_read_
                0x00009066       0x22 c:/nxp/mcuxpressoide_11.2.1_4149/ide/plugins/com.nxp.mcuxpresso.tools.win32_11.2.0.202008311134/tools/bin/../lib/gcc/arm-none-eabi/9.2.1/../../../../arm-none-eabi/lib/thumb/v7e-m+fp/hard\libcr_c.a(__fillbuf.o)
                0x00009066                _Csys_read_
 .text._fdopen  0x00009088       0x68 c:/nxp/mcuxpressoide_11.2.1_4149/ide/plugins/com.nxp.mcuxpresso.tools.win32_11.2.0.202008311134/tools/bin/../lib/gcc/arm-none-eabi/9.2.1/../../../../arm-none-eabi/lib/thumb/v7e-m+fp/hard\libcr_c.a(_fdopen.o)
                0x00009088                _fdopen
 .text.fclose   0x000090f0       0x58 c:/nxp/mcuxpressoide_11.2.1_4149/ide/plugins/com.nxp.mcuxpresso.tools.win32_11.2.0.202008311134/tools/bin/../lib/gcc/arm-none-eabi/9.2.1/../../../../arm-none-eabi/lib/thumb/v7e-m+fp/hard\libcr_c.a(fclose.o)
                0x000090f0                fclose
 .text.remove   0x00009148       0x14 c:/nxp/mcuxpressoide_11.2.1_4149/ide/plugins/com.nxp.mcuxpresso.tools.win32_11.2.0.202008311134/tools/bin/../lib/gcc/arm-none-eabi/9.2.1/../../../../arm-none-eabi/lib/thumb/v7e-m+fp/hard\libcr_c.a(remove.o)
                0x00009148                remove
 .text._do_fflush
                0x0000915c       0x40 c:/nxp/mcuxpressoide_11.2.1_4149/ide/plugins/com.nxp.mcuxpresso.tools.win32_11.2.0.202008311134/tools/bin/../lib/gcc/arm-none-eabi/9.2.1/../../../../arm-none-eabi/lib/thumb/v7e-m+fp/hard\libcr_c.a(_do_fflush.o)
                0x0000915c                _do_fflush
 .text.__aeabi_division_uldivmod
                0x0000919c      0x174 c:/nxp/mcuxpressoide_11.2.1_4149/ide/plugins/com.nxp.mcuxpresso.tools.win32_11.2.0.202008311134/tools/bin/../lib/gcc/arm-none-eabi/9.2.1/thumb/v7e-m+fp/hard\libcr_eabihelpers.a(division_64.o)
                0x0000919c                __aeabi_uldivmod
                0x000091a0                __bhs_ldivmod1
 .text.__aeabi_division_idiv0
                0x00009310        0x2 c:/nxp/mcuxpressoide_11.2.1_4149/ide/plugins/com.nxp.mcuxpresso.tools.win32_11.2.0.202008311134/tools/bin/../lib/gcc/arm-none-eabi/9.2.1/thumb/v7e-m+fp/hard\libcr_eabihelpers.a(division_idiv0.o)
                0x00009310                __aeabi_idiv0
 .text.__aeabi_d2iz
                0x00009312       0x40 c:/nxp/mcuxpressoide_11.2.1_4149/ide/plugins/com.nxp.mcuxpresso.tools.win32_11.2.0.202008311134/tools/bin/../lib/gcc/arm-none-eabi/9.2.1/thumb/v7e-m+fp/hard\libcr_eabihelpers.a(double.o)
                0x00009312                __aeabi_d2iz
 .text.__bhs_ui2d
                0x00009352       0x46 c:/nxp/mcuxpressoide_11.2.1_4149/ide/plugins/com.nxp.mcuxpresso.tools.win32_11.2.0.202008311134/tools/bin/../lib/gcc/arm-none-eabi/9.2.1/thumb/v7e-m+fp/hard\libcr_eabihelpers.a(double.o)
                0x00009352                __bhs_ui2d
 .text.__aeabi_i2d
                0x00009398       0x12 c:/nxp/mcuxpressoide_11.2.1_4149/ide/plugins/com.nxp.mcuxpresso.tools.win32_11.2.0.202008311134/tools/bin/../lib/gcc/arm-none-eabi/9.2.1/thumb/v7e-m+fp/hard\libcr_eabihelpers.a(double.o)
                0x00009398                __aeabi_i2d
 .text.__aeabi_dcmpeq
                0x000093aa       0x30 c:/nxp/mcuxpressoide_11.2.1_4149/ide/plugins/com.nxp.mcuxpresso.tools.win32_11.2.0.202008311134/tools/bin/../lib/gcc/arm-none-eabi/9.2.1/thumb/v7e-m+fp/hard\libcr_eabihelpers.a(double.o)
                0x000093aa                __aeabi_dcmpeq
 .text.__aeabi_dcmplt
                0x000093da       0x56 c:/nxp/mcuxpressoide_11.2.1_4149/ide/plugins/com.nxp.mcuxpresso.tools.win32_11.2.0.202008311134/tools/bin/../lib/gcc/arm-none-eabi/9.2.1/thumb/v7e-m+fp/hard\libcr_eabihelpers.a(double.o)
                0x000093da                __aeabi_dcmplt
 .text.__aeabi_dcmple
                0x00009430       0x56 c:/nxp/mcuxpressoide_11.2.1_4149/ide/plugins/com.nxp.mcuxpresso.tools.win32_11.2.0.202008311134/tools/bin/../lib/gcc/arm-none-eabi/9.2.1/thumb/v7e-m+fp/hard\libcr_eabihelpers.a(double.o)
                0x00009430                __aeabi_dcmple
 .text.__aeabi_dcmpge
                0x00009486       0x5c c:/nxp/mcuxpressoide_11.2.1_4149/ide/plugins/com.nxp.mcuxpresso.tools.win32_11.2.0.202008311134/tools/bin/../lib/gcc/arm-none-eabi/9.2.1/thumb/v7e-m+fp/hard\libcr_eabihelpers.a(double.o)
                0x00009486                __aeabi_dcmpge
 .text.__aeabi_memset_lowlevel
                0x000094e2       0x32 c:/nxp/mcuxpressoide_11.2.1_4149/ide/plugins/com.nxp.mcuxpresso.tools.win32_11.2.0.202008311134/tools/bin/../lib/gcc/arm-none-eabi/9.2.1/thumb/v7e-m+fp/hard\libcr_eabihelpers.a(memcpy.o)
                0x000094e2                __aeabi_lowlevel_memset
 .text.__sys_close
                0x00009514        0xc c:/nxp/mcuxpressoide_11.2.1_4149/ide/plugins/com.nxp.mcuxpresso.tools.win32_11.2.0.202008311134/tools/bin/../lib/gcc/arm-none-eabi/9.2.1/../../../../arm-none-eabi/lib/thumb/v7e-m+fp/hard\libcr_semihost_nf.a(__sys_close.o)
                0x00009514                __sys_close
 .text.__sys_flen
                0x00009520        0xc c:/nxp/mcuxpressoide_11.2.1_4149/ide/plugins/com.nxp.mcuxpresso.tools.win32_11.2.0.202008311134/tools/bin/../lib/gcc/arm-none-eabi/9.2.1/../../../../arm-none-eabi/lib/thumb/v7e-m+fp/hard\libcr_semihost_nf.a(__sys_flen.o)
                0x00009520                __sys_flen
 .text.__sys_istty
                0x0000952c        0xc c:/nxp/mcuxpressoide_11.2.1_4149/ide/plugins/com.nxp.mcuxpresso.tools.win32_11.2.0.202008311134/tools/bin/../lib/gcc/arm-none-eabi/9.2.1/../../../../arm-none-eabi/lib/thumb/v7e-m+fp/hard\libcr_semihost_nf.a(__sys_istty.o)
                0x0000952c                __sys_istty
 .text.__sys_read
                0x00009538        0xc c:/nxp/mcuxpressoide_11.2.1_4149/ide/plugins/com.nxp.mcuxpresso.tools.win32_11.2.0.202008311134/tools/bin/../lib/gcc/arm-none-eabi/9.2.1/../../../../arm-none-eabi/lib/thumb/v7e-m+fp/hard\libcr_semihost_nf.a(__sys_read.o)
                0x00009538                __sys_read
 .text.__sys_readc
                0x00009544        0x8 c:/nxp/mcuxpressoide_11.2.1_4149/ide/plugins/com.nxp.mcuxpresso.tools.win32_11.2.0.202008311134/tools/bin/../lib/gcc/arm-none-eabi/9.2.1/../../../../arm-none-eabi/lib/thumb/v7e-m+fp/hard\libcr_semihost_nf.a(__sys_readc.o)
                0x00009544                __sys_readc
                0x00009544                __readc
 .text.__sys_remove
                0x0000954c        0xc c:/nxp/mcuxpressoide_11.2.1_4149/ide/plugins/com.nxp.mcuxpresso.tools.win32_11.2.0.202008311134/tools/bin/../lib/gcc/arm-none-eabi/9.2.1/../../../../arm-none-eabi/lib/thumb/v7e-m+fp/hard\libcr_semihost_nf.a(__sys_remove.o)
                0x0000954c                __sys_remove
 .text.__sys_seek
                0x00009558        0xc c:/nxp/mcuxpressoide_11.2.1_4149/ide/plugins/com.nxp.mcuxpresso.tools.win32_11.2.0.202008311134/tools/bin/../lib/gcc/arm-none-eabi/9.2.1/../../../../arm-none-eabi/lib/thumb/v7e-m+fp/hard\libcr_semihost_nf.a(__sys_seek.o)
                0x00009558                __sys_seek
 .text.__sys_tmpnam
                0x00009564        0xc c:/nxp/mcuxpressoide_11.2.1_4149/ide/plugins/com.nxp.mcuxpresso.tools.win32_11.2.0.202008311134/tools/bin/../lib/gcc/arm-none-eabi/9.2.1/../../../../arm-none-eabi/lib/thumb/v7e-m+fp/hard\libcr_semihost_nf.a(__sys_tmpnam.o)
                0x00009564                __sys_tmpnam
 .text.__sys_write
                0x00009570        0xc c:/nxp/mcuxpressoide_11.2.1_4149/ide/plugins/com.nxp.mcuxpresso.tools.win32_11.2.0.202008311134/tools/bin/../lib/gcc/arm-none-eabi/9.2.1/../../../../arm-none-eabi/lib/thumb/v7e-m+fp/hard\libcr_semihost_nf.a(__sys_write.o)
                0x00009570                __sys_write
 *(SORT_BY_ALIGNMENT(.rodata) SORT_BY_ALIGNMENT(.rodata.*) SORT_BY_ALIGNMENT(.constdata) SORT_BY_ALIGNMENT(.constdata.*))
 .rodata.ADC16_GetChannelConversionValue.str1.4
                0x0000957c       0x7c ./source/CDK66_Ref4.o
 .rodata.PIT_GetDefaultConfig.str1.4
                0x000095f8       0x45 ./source/CDK66_Ref4.o
 *fill*         0x0000963d        0x3 ff
 .rodata.PcCmdProcess.str1.4
                0x00009640       0x7b ./source/CDK66_Ref4.o
 *fill*         0x000096bb        0x1 ff
 .rodata.main.str1.4
                0x000096bc       0x45 ./source/CDK66_Ref4.o
 *fill*         0x00009701        0x3 ff
 .rodata.s_adc16Bases
                0x00009704        0x8 ./drivers/fsl_adc16.o
 .rodata.s_adc16Clocks
                0x0000970c        0x8 ./drivers/fsl_adc16.o
 .rodata.ADC16_GetInstance.str1.4
                0x00009714       0x36 ./drivers/fsl_adc16.o
 *fill*         0x0000974a        0x2 ff
 .rodata.ADC16_Init.str1.4
                0x0000974c       0x21 ./drivers/fsl_adc16.o
 *fill*         0x0000976d        0x3 ff
 .rodata.ADC16_SetChannelConfig.str1.4
                0x00009770       0x52 ./drivers/fsl_adc16.o
 *fill*         0x000097c2        0x2 ff
 .rodata.ADC16_GetChannelStatusFlags.str1.4
                0x000097c4       0x30 ./drivers/fsl_adc16.o
 .rodata.CLOCK_GetMcgExtClkFreq.str1.4
                0x000097f4       0x4e ./drivers/fsl_clock.o
 *fill*         0x00009842        0x2 ff
 .rodata.CLOCK_GetOsc0ErClkUndivFreq.str1.4
                0x00009844       0x1f ./drivers/fsl_clock.o
 *fill*         0x00009863        0x1 ff
 .rodata.CLOCK_GetOsc0ErClkDivFreq.str1.4
                0x00009864       0x1f ./drivers/fsl_clock.o
 *fill*         0x00009883        0x1 ff
 .rodata.CLOCK_GetEr32kClkFreq.str1.4
                0x00009884       0x20 ./drivers/fsl_clock.o
 .rodata.CLOCK_GetPll0Freq.str1.4
                0x000098a4       0x1e ./drivers/fsl_clock.o
 *fill*         0x000098c2        0x2 ff
 .rodata.CLOCK_EnablePll0.str1.4
                0x000098c4       0x1b ./drivers/fsl_clock.o
 *fill*         0x000098df        0x1 ff
 .rodata.CLOCK_SetPbeMode.str1.4
                0x000098e0       0x1b ./drivers/fsl_clock.o
 *fill*         0x000098fb        0x1 ff
 .rodata.CLOCK_BootToPeeMode.str1.4
                0x000098fc       0x1b ./drivers/fsl_clock.o
 *fill*         0x00009917        0x1 ff
 .rodata.fllFactorTable.8351
                0x00009918       0x10 ./drivers/fsl_clock.o
 .rodata.DMAMUX_GetInstance.str1.4
                0x00009928       0x38 ./drivers/fsl_dmamux.o
 .rodata.SPI0_DriverIRQHandler.str1.4
                0x00009960       0x2b ./drivers/fsl_dspi.o
 *fill*         0x0000998b        0x1 ff
 .rodata.SPI1_DriverIRQHandler.str1.4
                0x0000998c       0x2b ./drivers/fsl_dspi.o
 *fill*         0x000099b7        0x1 ff
 .rodata.SPI2_DriverIRQHandler.str1.4
                0x000099b8       0x2b ./drivers/fsl_dspi.o
 *fill*         0x000099e3        0x1 ff
 .rodata.EDMA_GetInstance.str1.4
                0x000099e4       0x34 ./drivers/fsl_edma.o
 .rodata.EDMA_Init.str1.4
                0x00009a18       0x21 ./drivers/fsl_edma.o
 *fill*         0x00009a39        0x3 ff
 .rodata.EDMA_SetTransferConfig.str1.4
                0x00009a3c       0xa0 ./drivers/fsl_edma.o
 .rodata.EDMA_SetChannelPreemptionConfig.str1.4
                0x00009adc       0x69 ./drivers/fsl_edma.o
 *fill*         0x00009b45        0x3 ff
 .rodata.EDMA_SetBandWidth.str1.4
                0x00009b48       0x46 ./drivers/fsl_edma.o
 *fill*         0x00009b8e        0x2 ff
 .rodata.EDMA_TcdSetTransferConfig.str1.4
                0x00009b90      0x159 ./drivers/fsl_edma.o
 *fill*         0x00009ce9        0x3 ff
 .rodata.EDMA_GetChannelStatusFlags.str1.4
                0x00009cec       0x46 ./drivers/fsl_edma.o
 *fill*         0x00009d32        0x2 ff
 .rodata.EDMA_HandleIRQ.str1.4
                0x00009d34       0x22 ./drivers/fsl_edma.o
 *fill*         0x00009d56        0x2 ff
 .rodata.CAN0_DriverIRQHandler.str1.4
                0x00009d58       0x31 ./drivers/fsl_flexcan.o
 *fill*         0x00009d89        0x3 ff
 .rodata.CAN1_DriverIRQHandler.str1.4
                0x00009d8c       0x31 ./drivers/fsl_flexcan.o
 *fill*         0x00009dbd        0x3 ff
 .rodata.s_ftmBases
                0x00009dc0       0x10 ./drivers/fsl_ftm.o
 .rodata.s_ftmClocks
                0x00009dd0       0x10 ./drivers/fsl_ftm.o
 .rodata.FTM_GetInstance.str1.4
                0x00009de0       0x29 ./drivers/fsl_ftm.o
 *fill*         0x00009e09        0x3 ff
 .rodata.FTM_SetPwmSync.str1.4
                0x00009e0c       0x3b ./drivers/fsl_ftm.o
 *fill*         0x00009e47        0x1 ff
 .rodata.FTM_SetReloadPoints.str1.4
                0x00009e48       0x21 ./drivers/fsl_ftm.o
 *fill*         0x00009e69        0x3 ff
 .rodata.FTM_Init.str1.4
                0x00009e6c       0x18 ./drivers/fsl_ftm.o
 .rodata.FTM_SetupPwm.str1.4
                0x00009e84       0xcc ./drivers/fsl_ftm.o
 .rodata.s_portBases
                0x00009f50       0x14 ./drivers/fsl_gpio.o
 .rodata.s_gpioBases
                0x00009f64       0x14 ./drivers/fsl_gpio.o
 .rodata.GPIO_GetInstance.str1.4
                0x00009f78       0x34 ./drivers/fsl_gpio.o
 .rodata.GPIO_PinInit.str1.4
                0x00009fac       0x21 ./drivers/fsl_gpio.o
 *fill*         0x00009fcd        0x3 ff
 .rodata.s_i2cDividerTable
                0x00009fd0       0x80 ./drivers/fsl_i2c.o
 .rodata.s_i2cClocks
                0x0000a050       0x10 ./drivers/fsl_i2c.o
 .rodata.s_i2cBases
                0x0000a060       0x10 ./drivers/fsl_i2c.o
 .rodata.I2C_GetInstance.str1.4
                0x0000a070       0x33 ./drivers/fsl_i2c.o
 *fill*         0x0000a0a3        0x1 ff
 .rodata.I2C_MasterInit.str1.4
                0x0000a0a4       0x4b ./drivers/fsl_i2c.o
 *fill*         0x0000a0ef        0x1 ff
 .rodata.I2C_MasterGetDefaultConfig.str1.4
                0x0000a0f0       0x26 ./drivers/fsl_i2c.o
 *fill*         0x0000a116        0x2 ff
 .rodata.I2C_MasterTransferBlocking.str1.4
                0x0000a118       0x1f ./drivers/fsl_i2c.o
 *fill*         0x0000a137        0x1 ff
 .rodata.PIT_GetInstance.str1.4
                0x0000a138       0x32 ./drivers/fsl_pit.o
 *fill*         0x0000a16a        0x2 ff
 .rodata.PIT_Init.str1.4
                0x0000a16c       0x1f ./drivers/fsl_pit.o
 *fill*         0x0000a18b        0x1 ff
 .rodata.RTC_Init.str1.4
                0x0000a18c       0x20 ./drivers/fsl_rtc.o
 .rodata.RTC_GetDefaultConfig.str1.4
                0x0000a1ac       0x20 ./drivers/fsl_rtc.o
 .rodata.I2S0_Tx_DriverIRQHandler.str1.4
                0x0000a1cc       0x2c ./drivers/fsl_sai.o
 .rodata.I2S0_Rx_DriverIRQHandler.str1.4
                0x0000a1f8       0x2c ./drivers/fsl_sai.o
 .rodata.SDHC_DriverIRQHandler.str1.4
                0x0000a224       0x2b ./drivers/fsl_sdhc.o
 *fill*         0x0000a24f        0x1 ff
 .rodata.s_uartBases
                0x0000a250       0x14 ./drivers/fsl_uart.o
 .rodata.s_uartClock
                0x0000a264       0x14 ./drivers/fsl_uart.o
 .rodata.UART_GetInstance.str1.4
                0x0000a278       0x2c ./drivers/fsl_uart.o
 .rodata.UART_Init.str1.4
                0x0000a2a4       0xf4 ./drivers/fsl_uart.o
 .rodata.mcgConfig_BOARD_BootClockRUN
                0x0000a398        0xc ./board/clock_config.o
                0x0000a398                mcgConfig_BOARD_BootClockRUN
 .rodata.simConfig_BOARD_BootClockRUN
                0x0000a3a4        0x8 ./board/clock_config.o
                0x0000a3a4                simConfig_BOARD_BootClockRUN
 .rodata.oscConfig_BOARD_BootClockRUN
                0x0000a3ac        0x8 ./board/clock_config.o
                0x0000a3ac                oscConfig_BOARD_BootClockRUN
 .rodata.EDMA_EnableAutoStopRequest.str1.4
                0x0000a3b4       0x6d ./board/peripherals.o
 *fill*         0x0000a421        0x3 ff
 .rodata.EDMA_EnableChannelRequest.str1.4
                0x0000a424       0x6d ./board/peripherals.o
 *fill*         0x0000a491        0x3 ff
 .rodata.DMAMUX_EnableChannel.str1.4
                0x0000a494       0x6e ./board/peripherals.o
 *fill*         0x0000a502        0x2 ff
 .rodata.DMAMUX_SetSource.str1.4
                0x0000a504       0x6f ./board/peripherals.o
 *fill*         0x0000a573        0x1 ff
 .rodata.DMA_config
                0x0000a574        0x4 ./board/peripherals.o
                0x0000a574                DMA_config
 .rodata.DMA_CH0_preemption_config
                0x0000a578        0x3 ./board/peripherals.o
                0x0000a578                DMA_CH0_preemption_config
 *fill*         0x0000a57b        0x1 ff
 .rodata.ADC0_config
                0x0000a57c        0x9 ./board/peripherals.o
                0x0000a57c                ADC0_config
 *fill*         0x0000a585        0x3 ff
 .rodata.ADC1_config
                0x0000a588        0x9 ./board/peripherals.o
                0x0000a588                ADC1_config
 *fill*         0x0000a591        0x3 ff
 .rodata.FTM0_config
                0x0000a594       0x1c ./board/peripherals.o
                0x0000a594                FTM0_config
 .rodata.FTM0_pwmSignalParams
                0x0000a5b0       0x14 ./board/peripherals.o
                0x0000a5b0                FTM0_pwmSignalParams
 .rodata.FTM3_config
                0x0000a5c4       0x1c ./board/peripherals.o
                0x0000a5c4                FTM3_config
 .rodata.FTM3_pwmSignalParams
                0x0000a5e0        0xa ./board/peripherals.o
                0x0000a5e0                FTM3_pwmSignalParams
 *fill*         0x0000a5ea        0x2 ff
 .rodata.UART0_config
                0x0000a5ec       0x10 ./board/peripherals.o
                0x0000a5ec                UART0_config
 .rodata        0x0000a5fc        0x2 ./board/pin_mux.o
 *fill*         0x0000a5fe        0x2 ff
 .rodata.__num_Ciob_streams
                0x0000a600        0x4 c:/nxp/mcuxpressoide_11.2.1_4149/ide/plugins/com.nxp.mcuxpresso.tools.win32_11.2.0.202008311134/tools/bin/../lib/gcc/arm-none-eabi/9.2.1/../../../../arm-none-eabi/lib/thumb/v7e-m+fp/hard\libcr_semihost_nf.a(__ciob.o)
                0x0000a600                __num_Ciob_streams
 .rodata.__assertion_failed.str1.1
                0x0000a604       0x15 c:/nxp/mcuxpressoide_11.2.1_4149/ide/plugins/com.nxp.mcuxpresso.tools.win32_11.2.0.202008311134/tools/bin/../lib/gcc/arm-none-eabi/9.2.1/../../../../arm-none-eabi/lib/thumb/v7e-m+fp/hard\libcr_semihost_nf.a(_cr_assert.o)
 .rodata._Csys_alloc.str1.1
                0x0000a619       0x18 c:/nxp/mcuxpressoide_11.2.1_4149/ide/plugins/com.nxp.mcuxpresso.tools.win32_11.2.0.202008311134/tools/bin/../lib/gcc/arm-none-eabi/9.2.1/../../../../arm-none-eabi/lib/thumb/v7e-m+fp/hard\libcr_c.a(alloc.o)
 .rodata.fp_display.str1.1
                0x0000a631       0x32 c:/nxp/mcuxpressoide_11.2.1_4149/ide/plugins/com.nxp.mcuxpresso.tools.win32_11.2.0.202008311134/tools/bin/../lib/gcc/arm-none-eabi/9.2.1/../../../../arm-none-eabi/lib/thumb/v7e-m+fp/hard\libcr_c.a(fpprintf.o)
                                 0x35 (size before relaxing)
 .rodata._initio.str1.1
                0x0000a663        0x4 c:/nxp/mcuxpressoide_11.2.1_4149/ide/plugins/com.nxp.mcuxpresso.tools.win32_11.2.0.202008311134/tools/bin/../lib/gcc/arm-none-eabi/9.2.1/../../../../arm-none-eabi/lib/thumb/v7e-m+fp/hard\libcr_c.a(initio.o)
 .rodata.__vfprintf.str1.1
                0x0000a667       0x31 c:/nxp/mcuxpressoide_11.2.1_4149/ide/plugins/com.nxp.mcuxpresso.tools.win32_11.2.0.202008311134/tools/bin/../lib/gcc/arm-none-eabi/9.2.1/../../../../arm-none-eabi/lib/thumb/v7e-m+fp/hard\libcr_c.a(printf.o)
                                 0x38 (size before relaxing)
 .rodata.__ctype
                0x0000a698      0x180 c:/nxp/mcuxpressoide_11.2.1_4149/ide/plugins/com.nxp.mcuxpresso.tools.win32_11.2.0.202008311134/tools/bin/../lib/gcc/arm-none-eabi/9.2.1/../../../../arm-none-eabi/lib/thumb/v7e-m+fp/hard\libcr_c.a(ctype.o)
                0x0000a698                __ctype
                0x0000a818                . = ALIGN (0x8)

.glue_7         0x0000a818        0x0
 .glue_7        0x0000a818        0x0 linker stubs

.glue_7t        0x0000a818        0x0
 .glue_7t       0x0000a818        0x0 linker stubs

.vfp11_veneer   0x0000a818        0x0
 .vfp11_veneer  0x0000a818        0x0 linker stubs

.v4_bx          0x0000a818        0x0
 .v4_bx         0x0000a818        0x0 linker stubs

.iplt           0x0000a818        0x0
 .iplt          0x0000a818        0x0 ./startup/startup_mk66f18.o

.rel.dyn        0x0000a818        0x0
 .rel.iplt      0x0000a818        0x0 ./startup/startup_mk66f18.o

.ARM.extab
 *(SORT_BY_ALIGNMENT(.ARM.extab*) SORT_BY_ALIGNMENT(.gnu.linkonce.armextab.*))

.ARM.exidx      0x0000a818        0x0
                0x0000a818                __exidx_start = .
 *(SORT_BY_ALIGNMENT(.ARM.exidx*) SORT_BY_ALIGNMENT(.gnu.linkonce.armexidx.*))
                0x0000a818                __exidx_end = .
                0x0000a818                _etext = .

.m_usb_data
 *(SORT_BY_ALIGNMENT(m_usb_bdt))

.data_RAM2      0x1fff0000        0x0 load address 0x0000a818
 FILL mask 0xff
                [!provide]                PROVIDE (__start_data_RAM2 = .)
                [!provide]                PROVIDE (__start_data_SRAM_LOWER = .)
 *(SORT_BY_ALIGNMENT(.ramfunc.$RAM2))
 *(SORT_BY_ALIGNMENT(.ramfunc.$SRAM_LOWER))
 *(SORT_BY_ALIGNMENT(.data.$RAM2))
 *(SORT_BY_ALIGNMENT(.data.$SRAM_LOWER))
 *(SORT_BY_ALIGNMENT(.data.$RAM2.*))
 *(SORT_BY_ALIGNMENT(.data.$SRAM_LOWER.*))
                0x1fff0000                . = ALIGN (0x8)
                [!provide]                PROVIDE (__end_data_RAM2 = .)
                [!provide]                PROVIDE (__end_data_SRAM_LOWER = .)

.data_RAM3      0x14000000        0x0 load address 0x0000a818
 FILL mask 0xff
                [!provide]                PROVIDE (__start_data_RAM3 = .)
                [!provide]                PROVIDE (__start_data_FLEX_RAM = .)
 *(SORT_BY_ALIGNMENT(.ramfunc.$RAM3))
 *(SORT_BY_ALIGNMENT(.ramfunc.$FLEX_RAM))
 *(SORT_BY_ALIGNMENT(.data.$RAM3))
 *(SORT_BY_ALIGNMENT(.data.$FLEX_RAM))
 *(SORT_BY_ALIGNMENT(.data.$RAM3.*))
 *(SORT_BY_ALIGNMENT(.data.$FLEX_RAM.*))
                0x14000000                . = ALIGN (0x8)
                [!provide]                PROVIDE (__end_data_RAM3 = .)
                [!provide]                PROVIDE (__end_data_FLEX_RAM = .)

.uninit_RESERVED
                0x20000000        0x0
                0x20000000                _start_uninit_RESERVED = .
 *(SORT_BY_ALIGNMENT(.bss.$RESERVED*))
                0x20000000                . = ALIGN (0x8)
                0x20000000                _end_uninit_RESERVED = .

.data           0x20000000       0x80 load address 0x0000a818
 FILL mask 0xff
                0x20000000                _data = .
                [!provide]                PROVIDE (__start_data_RAM = .)
                [!provide]                PROVIDE (__start_data_SRAM_UPPER = .)
 *(SORT_BY_ALIGNMENT(vtable))
 *(SORT_BY_ALIGNMENT(.ramfunc*))
 *(SORT_BY_ALIGNMENT(CodeQuickAccess))
 *(SORT_BY_ALIGNMENT(DataQuickAccess))
 *(SORT_BY_ALIGNMENT(RamFunction))
 *(SORT_BY_ALIGNMENT(.data*))
 .data.s_slowIrcFreq
                0x20000000        0x4 ./drivers/fsl_clock.o
 .data.s_fastIrcFreq
                0x20000004        0x4 ./drivers/fsl_clock.o
 .data.SystemCoreClock
                0x20000008        0x4 ./device/system_MK66F18.o
                0x20000008                SystemCoreClock
 .data.DMA_CH0_transfer_config
                0x2000000c       0x18 ./board/peripherals.o
                0x2000000c                DMA_CH0_transfer_config
 .data.ADC0_channelsConfig
                0x20000024       0x30 ./board/peripherals.o
                0x20000024                ADC0_channelsConfig
 .data.ADC1_channelsConfig
                0x20000054       0x20 ./board/peripherals.o
                0x20000054                ADC1_channelsConfig
 .data.neginf.5757
                0x20000074        0x4 c:/nxp/mcuxpressoide_11.2.1_4149/ide/plugins/com.nxp.mcuxpresso.tools.win32_11.2.0.202008311134/tools/bin/../lib/gcc/arm-none-eabi/9.2.1/../../../../arm-none-eabi/lib/thumb/v7e-m+fp/hard\libcr_c.a(scanf.o)
 .data.posinf.5756
                0x20000078        0x4 c:/nxp/mcuxpressoide_11.2.1_4149/ide/plugins/com.nxp.mcuxpresso.tools.win32_11.2.0.202008311134/tools/bin/../lib/gcc/arm-none-eabi/9.2.1/../../../../arm-none-eabi/lib/thumb/v7e-m+fp/hard\libcr_c.a(scanf.o)
                0x20000080                . = ALIGN (0x8)
 *fill*         0x2000007c        0x4 ff
                0x20000080                _edata = .
                [!provide]                PROVIDE (__end_data_RAM = .)
                [!provide]                PROVIDE (__end_data_SRAM_UPPER = .)

.igot.plt       0x20000080        0x0 load address 0x0000a898
 .igot.plt      0x20000080        0x0 ./startup/startup_mk66f18.o

.bss_RAM2       0x1fff0000        0x0
                [!provide]                PROVIDE (__start_bss_RAM2 = .)
                [!provide]                PROVIDE (__start_bss_SRAM_LOWER = .)
 *(SORT_BY_ALIGNMENT(.bss.$RAM2))
 *(SORT_BY_ALIGNMENT(.bss.$SRAM_LOWER))
 *(SORT_BY_ALIGNMENT(.bss.$RAM2.*))
 *(SORT_BY_ALIGNMENT(.bss.$SRAM_LOWER.*))
                0x1fff0000                . = ALIGN ((. != 0x0)?0x8:0x1)
                [!provide]                PROVIDE (__end_bss_RAM2 = .)
                [!provide]                PROVIDE (__end_bss_SRAM_LOWER = .)

.bss_RAM3       0x14000000        0x0
                [!provide]                PROVIDE (__start_bss_RAM3 = .)
                [!provide]                PROVIDE (__start_bss_FLEX_RAM = .)
 *(SORT_BY_ALIGNMENT(.bss.$RAM3))
 *(SORT_BY_ALIGNMENT(.bss.$FLEX_RAM))
 *(SORT_BY_ALIGNMENT(.bss.$RAM3.*))
 *(SORT_BY_ALIGNMENT(.bss.$FLEX_RAM.*))
                0x14000000                . = ALIGN ((. != 0x0)?0x8:0x1)
                [!provide]                PROVIDE (__end_bss_RAM3 = .)
                [!provide]                PROVIDE (__end_bss_FLEX_RAM = .)

.bss            0x20000080     0x5bf8
                0x20000080                _bss = .
                [!provide]                PROVIDE (__start_bss_RAM = .)
                [!provide]                PROVIDE (__start_bss_SRAM_UPPER = .)
 *(SORT_BY_ALIGNMENT(.bss*))
 .bss.appTick   0x20000080        0x4 ./source/CDK66_Ref4.o
 .bss.appTick2  0x20000084        0x4 ./source/CDK66_Ref4.o
 .bss.QESVar    0x20000088        0x4 ./source/CDK66_Ref4.o
 .bss.UsbRingBuffer
                0x2000008c       0x80 ./source/CDK66_Ref4.o
                0x2000008c                UsbRingBuffer
 .bss.CCDData   0x2000010c      0x100 ./source/CDK66_Ref4.o
                0x2000010c                CCDData
 .bss.Image_Data
                0x2000020c     0x5820 ./source/CDK66_Ref4.o
                0x2000020c                Image_Data
 .bss.CmdDataBuffer
                0x20005a2c       0x64 ./source/CDK66_Ref4.o
                0x20005a2c                CmdDataBuffer
 .bss.s_extPllFreq
                0x20005a90        0x4 ./drivers/fsl_clock.o
 .bss.g_xtal0Freq
                0x20005a94        0x4 ./drivers/fsl_clock.o
                0x20005a94                g_xtal0Freq
 .bss.g_xtal32Freq
                0x20005a98        0x4 ./drivers/fsl_clock.o
                0x20005a98                g_xtal32Freq
 .bss.g_dspiHandle
                0x20005a9c        0xc ./drivers/fsl_dspi.o
 .bss.s_dspiMasterIsr
                0x20005aa8        0x4 ./drivers/fsl_dspi.o
 .bss.s_dspiSlaveIsr
                0x20005aac        0x4 ./drivers/fsl_dspi.o
 .bss.s_EDMAHandle
                0x20005ab0       0x80 ./drivers/fsl_edma.o
 .bss.s_flexcanHandle
                0x20005b30        0x8 ./drivers/fsl_flexcan.o
 .bss.s_flexcanIsr
                0x20005b38        0x4 ./drivers/fsl_flexcan.o
 .bss.s_i2cHandle
                0x20005b3c       0x10 ./drivers/fsl_i2c.o
 .bss.s_i2cMasterIsr
                0x20005b4c        0x4 ./drivers/fsl_i2c.o
 .bss.s_i2cSlaveIsr
                0x20005b50        0x4 ./drivers/fsl_i2c.o
 .bss.s_lpuartHandle
                0x20005b54        0x4 ./drivers/fsl_lpuart.o
 .bss.s_lpuartIsr
                0x20005b58        0x4 ./drivers/fsl_lpuart.o
 .bss.s_saiHandle
                0x20005b5c        0x8 ./drivers/fsl_sai.o
 .bss.s_saiTxIsr
                0x20005b64        0x4 ./drivers/fsl_sai.o
 .bss.s_saiRxIsr
                0x20005b68        0x4 ./drivers/fsl_sai.o
 .bss.s_sdhcHandle
                0x20005b6c        0x4 ./drivers/fsl_sdhc.o
 .bss.s_sdhcIsr
                0x20005b70        0x4 ./drivers/fsl_sdhc.o
 .bss.s_uartHandle
                0x20005b74       0x14 ./drivers/fsl_uart.o
 .bss.s_uartIsr
                0x20005b88        0x4 ./drivers/fsl_uart.o
 .bss.g_master_txBuff
                0x20005b8c        0x2 ./board/board.o
                0x20005b8c                g_master_txBuff
 *fill*         0x20005b8e        0x2 
 .bss.masterXfer
                0x20005b90       0x18 ./board/board.o
                0x20005b90                masterXfer
 .bss.__Ciob    0x20005ba8       0xb4 c:/nxp/mcuxpressoide_11.2.1_4149/ide/plugins/com.nxp.mcuxpresso.tools.win32_11.2.0.202008311134/tools/bin/../lib/gcc/arm-none-eabi/9.2.1/../../../../arm-none-eabi/lib/thumb/v7e-m+fp/hard\libcr_semihost_nf.a(__ciob.o)
                0x20005ba8                __Ciob
 .bss.__end_of_heap
                0x20005c5c        0x4 c:/nxp/mcuxpressoide_11.2.1_4149/ide/plugins/com.nxp.mcuxpresso.tools.win32_11.2.0.202008311134/tools/bin/../lib/gcc/arm-none-eabi/9.2.1/../../../../arm-none-eabi/lib/thumb/v7e-m+fp/hard\libcr_c.a(__init_alloc.o)
                0x20005c5c                __end_of_heap
 .bss.__heaps   0x20005c60        0x4 c:/nxp/mcuxpressoide_11.2.1_4149/ide/plugins/com.nxp.mcuxpresso.tools.win32_11.2.0.202008311134/tools/bin/../lib/gcc/arm-none-eabi/9.2.1/../../../../arm-none-eabi/lib/thumb/v7e-m+fp/hard\libcr_c.a(__init_alloc.o)
                0x20005c60                __heaps
 .bss.errno     0x20005c64        0x4 c:/nxp/mcuxpressoide_11.2.1_4149/ide/plugins/com.nxp.mcuxpresso.tools.win32_11.2.0.202008311134/tools/bin/../lib/gcc/arm-none-eabi/9.2.1/../../../../arm-none-eabi/lib/thumb/v7e-m+fp/hard\libcr_c.a(errno.o)
                0x20005c64                errno
 .bss.txIndexUSB
                0x20005c68        0x2 ./source/CDK66_Ref4.o
                0x20005c68                txIndexUSB
 .bss.rxIndexUSB
                0x20005c6a        0x2 ./source/CDK66_Ref4.o
                0x20005c6a                rxIndexUSB
 .bss.CAM_DMA_Counter
                0x20005c6c        0x2 ./source/CDK66_Ref4.o
                0x20005c6c                CAM_DMA_Counter
 .bss.CmdDataLen
                0x20005c6e        0x1 ./source/CDK66_Ref4.o
                0x20005c6e                CmdDataLen
 .bss.CmdDataReady
                0x20005c6f        0x1 ./source/CDK66_Ref4.o
                0x20005c6f                CmdDataReady
 .bss.CamDataReady
                0x20005c70        0x1 ./source/CDK66_Ref4.o
                0x20005c70                CamDataReady
 .bss.CamLineCounter
                0x20005c71        0x1 ./source/CDK66_Ref4.o
                0x20005c71                CamLineCounter
 *(SORT_BY_ALIGNMENT(COMMON))
                0x20005c78                . = ALIGN (0x8)
 *fill*         0x20005c72        0x6 
                0x20005c78                _ebss = .