Archive member included to satisfy reference by file (symbol)

e:/nxp/mcuxpressoide_11.3.0_5222/ide/plugins/com.nxp.mcuxpresso.tools.win32_11.3.0.202008311133/tools/bin/../lib/gcc/arm-none-eabi/9.3.1/../../../../arm-none-eabi/lib/thumb/v7e-m+fp/hard\libcr_semihost_nf.a(_cr__main.o)
                              ./startup/startup_mk66f18.o (__main)
e:/nxp/mcuxpressoide_11.3.0_5222/ide/plugins/com.nxp.mcuxpresso.tools.win32_11.3.0.202008311133/tools/bin/../lib/gcc/arm-none-eabi/9.3.1/../../../../arm-none-eabi/lib/thumb/v7e-m+fp/hard\libcr_semihost_nf.a(_cr_assert.o)
                              ./source/CDK66_KC4D.o (__assertion_failed)
e:/nxp/mcuxpressoide_11.3.0_5222/ide/plugins/com.nxp.mcuxpresso.tools.win32_11.3.0.202008311133/tools/bin/../lib/gcc/arm-none-eabi/9.3.1/../../../../arm-none-eabi/lib/thumb/v7e-m+fp/hard\libcr_semihost_nf.a(__ciob.o)
                              e:/nxp/mcuxpressoide_11.3.0_5222/ide/plugins/com.nxp.mcuxpresso.tools.win32_11.3.0.202008311133/tools/bin/../lib/gcc/arm-none-eabi/9.3.1/../../../../arm-none-eabi/lib/thumb/v7e-m+fp/hard\libcr_semihost_nf.a(_cr_assert.o) (__Ciob)
e:/nxp/mcuxpressoide_11.3.0_5222/ide/plugins/com.nxp.mcuxpresso.tools.win32_11.3.0.202008311133/tools/bin/../lib/gcc/arm-none-eabi/9.3.1/../../../../arm-none-eabi/lib/thumb/v7e-m+fp/hard\libcr_semihost_nf.a(__sys_appexit.o)
                              e:/nxp/mcuxpressoide_11.3.0_5222/ide/plugins/com.nxp.mcuxpresso.tools.win32_11.3.0.202008311133/tools/bin/../lib/gcc/arm-none-eabi/9.3.1/../../../../arm-none-eabi/lib/thumb/v7e-m+fp/hard\libcr_semihost_nf.a(_cr_assert.o) (__sys_appexit)
e:/nxp/mcuxpressoide_11.3.0_5222/ide/plugins/com.nxp.mcuxpresso.tools.win32_11.3.0.202008311133/tools/bin/../lib/gcc/arm-none-eabi/9.3.1/../../../../arm-none-eabi/lib/thumb/v7e-m+fp/hard\libcr_c.a(memcpy.o)
                              ./drivers/fsl_ftfx_cache.o (memcpy)
e:/nxp/mcuxpressoide_11.3.0_5222/ide/plugins/com.nxp.mcuxpresso.tools.win32_11.3.0.202008311133/tools/bin/../lib/gcc/arm-none-eabi/9.3.1/../../../../arm-none-eabi/lib/thumb/v7e-m+fp/hard\libcr_c.a(memset.o)
                              ./source/CDK66_KC4D.o (memset)
e:/nxp/mcuxpressoide_11.3.0_5222/ide/plugins/com.nxp.mcuxpresso.tools.win32_11.3.0.202008311133/tools/bin/../lib/gcc/arm-none-eabi/9.3.1/../../../../arm-none-eabi/lib/thumb/v7e-m+fp/hard\libcr_c.a(_deferredlazyseek.o)
                              e:/nxp/mcuxpressoide_11.3.0_5222/ide/plugins/com.nxp.mcuxpresso.tools.win32_11.3.0.202008311133/tools/bin/../lib/gcc/arm-none-eabi/9.3.1/../../../../arm-none-eabi/lib/thumb/v7e-m+fp/hard\libcr_semihost_nf.a(_cr_assert.o) (__flsbuf)
e:/nxp/mcuxpressoide_11.3.0_5222/ide/plugins/com.nxp.mcuxpresso.tools.win32_11.3.0.202008311133/tools/bin/../lib/gcc/arm-none-eabi/9.3.1/../../../../arm-none-eabi/lib/thumb/v7e-m+fp/hard\libcr_c.a(_fflush.o)
                              e:/nxp/mcuxpressoide_11.3.0_5222/ide/plugins/com.nxp.mcuxpresso.tools.win32_11.3.0.202008311133/tools/bin/../lib/gcc/arm-none-eabi/9.3.1/../../../../arm-none-eabi/lib/thumb/v7e-m+fp/hard\libcr_c.a(_deferredlazyseek.o) (_fflush)
e:/nxp/mcuxpressoide_11.3.0_5222/ide/plugins/com.nxp.mcuxpresso.tools.win32_11.3.0.202008311133/tools/bin/../lib/gcc/arm-none-eabi/9.3.1/../../../../arm-none-eabi/lib/thumb/v7e-m+fp/hard\libcr_c.a(_writebuf.o)
                              e:/nxp/mcuxpressoide_11.3.0_5222/ide/plugins/com.nxp.mcuxpresso.tools.win32_11.3.0.202008311133/tools/bin/../lib/gcc/arm-none-eabi/9.3.1/../../../../arm-none-eabi/lib/thumb/v7e-m+fp/hard\libcr_c.a(_deferredlazyseek.o) (_Cwritebuf)
e:/nxp/mcuxpressoide_11.3.0_5222/ide/plugins/com.nxp.mcuxpresso.tools.win32_11.3.0.202008311133/tools/bin/../lib/gcc/arm-none-eabi/9.3.1/../../../../arm-none-eabi/lib/thumb/v7e-m+fp/hard\libcr_c.a(alloc.o)
                              ./drivers/fsl_common.o (malloc)
e:/nxp/mcuxpressoide_11.3.0_5222/ide/plugins/com.nxp.mcuxpresso.tools.win32_11.3.0.202008311133/tools/bin/../lib/gcc/arm-none-eabi/9.3.1/../../../../arm-none-eabi/lib/thumb/v7e-m+fp/hard\libcr_c.a(exp.o)
                              ./source/CDK66_KC4D.o (exp)
e:/nxp/mcuxpressoide_11.3.0_5222/ide/plugins/com.nxp.mcuxpresso.tools.win32_11.3.0.202008311133/tools/bin/../lib/gcc/arm-none-eabi/9.3.1/../../../../arm-none-eabi/lib/thumb/v7e-m+fp/hard\libcr_c.a(fabs.o)
                              e:/nxp/mcuxpressoide_11.3.0_5222/ide/plugins/com.nxp.mcuxpresso.tools.win32_11.3.0.202008311133/tools/bin/../lib/gcc/arm-none-eabi/9.3.1/../../../../arm-none-eabi/lib/thumb/v7e-m+fp/hard\libcr_c.a(exp.o) (fabs)
e:/nxp/mcuxpressoide_11.3.0_5222/ide/plugins/com.nxp.mcuxpresso.tools.win32_11.3.0.202008311133/tools/bin/../lib/gcc/arm-none-eabi/9.3.1/../../../../arm-none-eabi/lib/thumb/v7e-m+fp/hard\libcr_c.a(fpprintf.o)
                              ./source/CDK66_KC4D.o (sprintf)
[...]
Memory Configuration

Name             Origin             Length             Attributes
PROGRAM_FLASH    0x00000000         0x00200000         xr
SRAM_UPPER       0x20000000         0x00030000         xrw
SRAM_LOWER       0x1fff0000         0x00010000         xrw
FLEX_RAM         0x14000000         0x00001000         xrw
*default*        0x00000000         0xffffffff

Linker script and memory map

LOAD ./startup/startup_mk66f18.o
LOAD ./source/CDK66_KC4D.o
LOAD ./source/semihost_hardfault.o
LOAD ./drivers/fsl_adc16.o
LOAD ./drivers/fsl_clock.o
LOAD ./drivers/fsl_cmp.o
LOAD ./drivers/fsl_cmt.o
LOAD ./drivers/fsl_common.o
LOAD ./drivers/fsl_crc.o
LOAD ./drivers/fsl_dac.o
LOAD ./drivers/fsl_dmamux.o
LOAD ./drivers/fsl_dspi.o
LOAD ./drivers/fsl_edma.o
LOAD ./drivers/fsl_ewm.o
LOAD ./drivers/fsl_flexcan.o
LOAD ./drivers/fsl_ftfx_cache.o
LOAD ./drivers/fsl_ftfx_controller.o
LOAD ./drivers/fsl_ftfx_flash.o
LOAD ./drivers/fsl_ftfx_flexnvm.o
LOAD ./drivers/fsl_ftm.o
LOAD ./drivers/fsl_gpio.o
LOAD ./drivers/fsl_i2c.o
LOAD ./drivers/fsl_llwu.o
LOAD ./drivers/fsl_lmem_cache.o
LOAD ./drivers/fsl_lptmr.o
LOAD ./drivers/fsl_lpuart.o
LOAD ./drivers/fsl_pdb.o
LOAD ./drivers/fsl_pit.o
LOAD ./drivers/fsl_pmc.o
LOAD ./drivers/fsl_rcm.o
LOAD ./drivers/fsl_rnga.o
LOAD ./drivers/fsl_rtc.o
LOAD ./drivers/fsl_sai.o
LOAD ./drivers/fsl_sai_edma.o
LOAD ./drivers/fsl_sdhc.o
LOAD ./drivers/fsl_sdramc.o
LOAD ./drivers/fsl_sim.o
LOAD ./drivers/fsl_smc.o
LOAD ./drivers/fsl_sysmpu.o
LOAD ./drivers/fsl_tpm.o
LOAD ./drivers/fsl_uart.o
LOAD ./drivers/fsl_vref.o
LOAD ./drivers/fsl_wdog.o
LOAD ./device/system_MK66F18.o
LOAD ./component/lists/generic_list.o
LOAD ./board/board.o
LOAD ./board/clock_config.o
LOAD ./board/peripherals.o
LOAD ./board/pin_mux.o
LOAD ./CDK66/CDK66_MT9V034.o
LOAD ./CDK66/CDK66_OLED.o
START GROUP
LOAD e:/nxp/mcuxpressoide_11.3.0_5222/ide/plugins/com.nxp.mcuxpresso.tools.win32_11.3.0.202008311133/tools/bin/../lib/gcc/arm-none-eabi/9.3.1/../../../../arm-none-eabi/lib/thumb/v7e-m+fp/hard\libcr_semihost_nf.a
LOAD e:/nxp/mcuxpressoide_11.3.0_5222/ide/plugins/com.nxp.mcuxpresso.tools.win32_11.3.0.202008311133/tools/bin/../lib/gcc/arm-none-eabi/9.3.1/../../../../arm-none-eabi/lib/thumb/v7e-m+fp/hard\libcr_c.a
LOAD e:/nxp/mcuxpressoide_11.3.0_5222/ide/plugins/com.nxp.mcuxpresso.tools.win32_11.3.0.202008311133/tools/bin/../lib/gcc/arm-none-eabi/9.3.1/thumb/v7e-m+fp/hard\libcr_eabihelpers.a
LOAD e:/nxp/mcuxpressoide_11.3.0_5222/ide/plugins/com.nxp.mcuxpresso.tools.win32_11.3.0.202008311133/tools/bin/../lib/gcc/arm-none-eabi/9.3.1/thumb/v7e-m+fp/hard\libgcc.a
END GROUP
                0x00000000                __base_PROGRAM_FLASH = 0x0
                0x00000000                __base_Flash = 0x0
                0x00200000                __top_PROGRAM_FLASH = 0x200000
                0x00200000                __top_Flash = 0x200000
                0x20000000                __base_SRAM_UPPER = 0x20000000
                0x20000000                __base_RAM = 0x20000000
                0x20030000                __top_SRAM_UPPER = 0x20030000
                0x20030000                __top_RAM = 0x20030000
                0x1fff0000                __base_SRAM_LOWER = 0x1fff0000
                0x1fff0000                __base_RAM2 = 0x1fff0000
                0x20000000                __top_SRAM_LOWER = 0x20000000
                0x20000000                __top_RAM2 = 0x20000000
                0x14000000                __base_FLEX_RAM = 0x14000000
                0x14000000                __base_RAM3 = 0x14000000
                0x14001000                __top_FLEX_RAM = 0x14001000
                0x14001000                __top_RAM3 = 0x14001000

.text           0x00000000     0xece8
 FILL mask 0xff
                0x00000000                __vectors_start__ = ABSOLUTE (.)
 *(SORT_BY_ALIGNMENT(.isr_vector))
 .isr_vector    0x00000000      0x1d0 ./startup/startup_mk66f18.o
                0x00000000                g_pfnVectors
                0x00000000                __Vectors
                0x000001d0                . = ALIGN (0x4)
                0x000001d0                __section_table_start = .
                0x000001d0                __data_section_table = .
                0x000001d0        0x4 LONG 0xece8 LOADADDR (.data)
                0x000001d4        0x4 LONG 0x20000000 ADDR (.data)
                0x000001d8        0x4 LONG 0x90 SIZEOF (.data)
                0x000001dc        0x4 LONG 0xece8 LOADADDR (.data_RAM2)
                0x000001e0        0x4 LONG 0x1fff0000 ADDR (.data_RAM2)
                0x000001e4        0x4 LONG 0x0 SIZEOF (.data_RAM2)
                0x000001e8        0x4 LONG 0xece8 LOADADDR (.data_RAM3)
                0x000001ec        0x4 LONG 0x14000000 ADDR (.data_RAM3)
                0x000001f0        0x4 LONG 0x0 SIZEOF (.data_RAM3)
                0x000001f4                __data_section_table_end = .
                0x000001f4                __bss_section_table = .
                0x000001f4        0x4 LONG 0x20000090 ADDR (.bss)
                0x000001f8        0x4 LONG 0x8a30 SIZEOF (.bss)
                0x000001fc        0x4 LONG 0x1fff0000 ADDR (.bss_RAM2)
                0x00000200        0x4 LONG 0x0 SIZEOF (.bss_RAM2)
                0x00000204        0x4 LONG 0x14000000 ADDR (.bss_RAM3)
                0x00000208        0x4 LONG 0x0 SIZEOF (.bss_RAM3)
                0x0000020c                __bss_section_table_end = .
                0x0000020c                __section_table_end = .
 *(SORT_BY_ALIGNMENT(.after_vectors*))
 .after_vectors.reset
                0x0000020c       0x4c ./startup/startup_mk66f18.o
                0x0000020c                ResetISR
 .after_vectors.init_data
                0x00000258       0x1e ./startup/startup_mk66f18.o
                0x00000258                data_init
 .after_vectors.init_bss
                0x00000276       0x12 ./startup/startup_mk66f18.o
                0x00000276                bss_init
 .after_vectors
                0x00000288       0x14 ./startup/startup_mk66f18.o
                0x00000288                NMI_Handler
                0x0000028c                MemManage_Handler
                0x0000028e                BusFault_Handler
                0x00000290                UsageFault_Handler
                0x00000292                SVC_Handler
                0x00000294                DebugMon_Handler
                0x00000296                PendSV_Handler
                0x00000298                SysTick_Handler
                0x0000029a                FTM2_DriverIRQHandler
                0x0000029a                PIT2_DriverIRQHandler
                0x0000029a                TPM2_DriverIRQHandler
                0x0000029a                TSI0_DriverIRQHandler
                0x0000029a                RTC_Seconds_DriverIRQHandler
                0x0000029a                FTM1_DriverIRQHandler
                0x0000029a                LLWU_DriverIRQHandler
                0x0000029a                MCM_DriverIRQHandler
                0x0000029a                MCG_DriverIRQHandler
                0x0000029a                ENET_1588_Timer_DriverIRQHandler
                0x0000029a                DAC1_DriverIRQHandler
                0x0000029a                CMP3_DriverIRQHandler
                0x0000029a                CMP1_DriverIRQHandler
                0x0000029a                USBHSDCD_DriverIRQHandler
                0x0000029a                FTM0_DriverIRQHandler
                0x0000029a                IntDefaultHandler
                0x0000029a                USB0_DriverIRQHandler
                0x0000029a                PORTC_DriverIRQHandler
                0x0000029a                DAC0_DriverIRQHandler
                0x0000029a                CMP2_DriverIRQHandler
                0x0000029a                UART2_ERR_DriverIRQHandler
                0x0000029a                DMA_Error_DriverIRQHandler
                0x0000029a                Reserved84_DriverIRQHandler
                0x0000029a                PIT0_DriverIRQHandler
                0x0000029a                RNG_DriverIRQHandler
                0x0000029a                USBDCD_DriverIRQHandler
                0x0000029a                UART3_ERR_DriverIRQHandler
                0x0000029a                UART0_ERR_DriverIRQHandler
                0x0000029a                CMT_DriverIRQHandler
                0x0000029a                Reserved71_DriverIRQHandler
                0x0000029a                ADC1_DriverIRQHandler
                0x0000029a                PORTA_DriverIRQHandler
                0x0000029a                PIT3_DriverIRQHandler
                0x0000029a                PIT1_DriverIRQHandler
                0x0000029a                TPM1_DriverIRQHandler
                0x0000029a                WDOG_EWM_DriverIRQHandler
                0x0000029a                PDB0_DriverIRQHandler
                0x0000029a                RTC_DriverIRQHandler
                0x0000029a                Read_Collision_DriverIRQHandler
                0x0000029a                SWI_DriverIRQHandler
                0x0000029a                UART4_ERR_DriverIRQHandler
                0x0000029a                LPTMR0_DriverIRQHandler
                0x0000029a                PORTB_DriverIRQHandler
                0x0000029a                ENET_Receive_DriverIRQHandler
                0x0000029a                ENET_Error_DriverIRQHandler
                0x0000029a                Reserved85_DriverIRQHandler
                0x0000029a                ADC0_DriverIRQHandler
                0x0000029a                USBHS_DriverIRQHandler
                0x0000029a                CMP0_DriverIRQHandler
                0x0000029a                FTM3_DriverIRQHandler
                0x0000029a                LVD_LVW_DriverIRQHandler
                0x0000029a                UART1_ERR_DriverIRQHandler
                0x0000029a                ENET_Transmit_DriverIRQHandler
                0x0000029a                PORTD_DriverIRQHandler
                0x0000029a                Reserved46_DriverIRQHandler
                0x0000029a                PORTE_DriverIRQHandler
                0x0000029a                FTFE_DriverIRQHandler
                0x00000400                . = 0x400
 *fill*         0x0000029c      0x164 ff
                0x00000400                PROVIDE (__FLASH_CONFIG_START__ = .)
 *(SORT_BY_ALIGNMENT(.FlashConfig))
 .FlashConfig   0x00000400       0x10 ./startup/startup_mk66f18.o
                0x00000400                Flash_Config
                0x00000410                PROVIDE (__FLASH_CONFIG_END__ = .)
                0x00000001                ASSERT (! ((__FLASH_CONFIG_START__ == __FLASH_CONFIG_END__)), Linker Flash Config Support Enabled, but no .FlashConfig section provided within application)
 *(SORT_BY_ALIGNMENT(.text*))
 .text.Get_01_Value_CCD
                0x00000410       0xe0 ./source/CDK66_KC4D.o
                0x00000410                Get_01_Value_CCD
 .text.CCDGaus  0x000004f0      0x200 ./source/CDK66_KC4D.o
                0x000004f0                CCDGaus
 .text.LDC      0x000006f0       0xb8 ./source/CDK66_KC4D.o
                0x000006f0                LDC
 .text.main     0x000007a8      0xccc ./source/CDK66_KC4D.o
                0x000007a8                main
 *fill*         0x00001474        0x4 ff
 .text.MT9V034_SetFrameRate
                0x00001478      0x1d8 ./CDK66/CDK66_MT9V034.o
                0x00001478                MT9V034_SetFrameRate
 .text.exp      0x00001650      0x1e0 e:/nxp/mcuxpressoide_11.3.0_5222/ide/plugins/com.nxp.mcuxpresso.tools.win32_11.3.0.202008311133/tools/bin/../lib/gcc/arm-none-eabi/9.3.1/../../../../arm-none-eabi/lib/thumb/v7e-m+fp/hard\libcr_c.a(exp.o)
                0x00001650                exp
 .text.fp_display
                0x00001830      0x964 e:/nxp/mcuxpressoide_11.3.0_5222/ide/plugins/com.nxp.mcuxpresso.tools.win32_11.3.0.202008311133/tools/bin/../lib/gcc/arm-none-eabi/9.3.1/../../../../arm-none-eabi/lib/thumb/v7e-m+fp/hard\libcr_c.a(fpprintf.o)
 *fill*         0x00002194        0x4 ff
 .text.ldexp    0x00002198       0x5c e:/nxp/mcuxpressoide_11.3.0_5222/ide/plugins/com.nxp.mcuxpresso.tools.win32_11.3.0.202008311133/tools/bin/../lib/gcc/arm-none-eabi/9.3.1/../../../../arm-none-eabi/lib/thumb/v7e-m+fp/hard\libcr_c.a(ldexp.o)
                0x00002198                ldexp
 *fill*         0x000021f4        0x4 ff
 .text.pow      0x000021f8      0x564 e:/nxp/mcuxpressoide_11.3.0_5222/ide/plugins/com.nxp.mcuxpresso.tools.win32_11.3.0.202008311133/tools/bin/../lib/gcc/arm-none-eabi/9.3.1/../../../../arm-none-eabi/lib/thumb/v7e-m+fp/hard\libcr_c.a(pow.o)
                0x000021f8                pow
 *fill*         0x0000275c        0x4 ff
 .text.vfscanf  0x00002760      0x9a8 e:/nxp/mcuxpressoide_11.3.0_5222/ide/plugins/com.nxp.mcuxpresso.tools.win32_11.3.0.202008311133/tools/bin/../lib/gcc/arm-none-eabi/9.3.1/../../../../arm-none-eabi/lib/thumb/v7e-m+fp/hard\libcr_c.a(scanf.o)
                0x00002760                vfscanf
 .text.sqrt     0x00003108      0x114 e:/nxp/mcuxpressoide_11.3.0_5222/ide/plugins/com.nxp.mcuxpresso.tools.win32_11.3.0.202008311133/tools/bin/../lib/gcc/arm-none-eabi/9.3.1/../../../../arm-none-eabi/lib/thumb/v7e-m+fp/hard\libcr_c.a(sqrt.o)
                0x00003108                sqrt
 *fill*         0x0000321c        0x4 ff
 .text._frexpl  0x00003220       0x68 e:/nxp/mcuxpressoide_11.3.0_5222/ide/plugins/com.nxp.mcuxpresso.tools.win32_11.3.0.202008311133/tools/bin/../lib/gcc/arm-none-eabi/9.3.1/../../../../arm-none-eabi/lib/thumb/v7e-m+fp/hard\libcr_c.a(_frexpl.o)
                0x00003220                _frexpl
 .text._ldexpl  0x00003288       0x5c e:/nxp/mcuxpressoide_11.3.0_5222/ide/plugins/com.nxp.mcuxpresso.tools.win32_11.3.0.202008311133/tools/bin/../lib/gcc/arm-none-eabi/9.3.1/../../../../arm-none-eabi/lib/thumb/v7e-m+fp/hard\libcr_c.a(_ldexpl.o)
                0x00003288                _ldexpl
 *fill*         0x000032e4        0x4 ff
 .text.frexp    0x000032e8       0x68 e:/nxp/mcuxpressoide_11.3.0_5222/ide/plugins/com.nxp.mcuxpresso.tools.win32_11.3.0.202008311133/tools/bin/../lib/gcc/arm-none-eabi/9.3.1/../../../../arm-none-eabi/lib/thumb/v7e-m+fp/hard\libcr_c.a(frexp.o)
                0x000032e8                frexp
 .text.__NVIC_EnableIRQ
                0x00003350       0x3c ./source/CDK66_KC4D.o
 .text.ADC16_GetChannelConversionValue
                0x0000338c       0x2c ./source/CDK66_KC4D.o
 .text.PIT_GetDefaultConfig
                0x000033b8       0x28 ./source/CDK66_KC4D.o
 .text.DMA_CAM_Repeat
                0x000033e0       0x54 ./source/CDK66_KC4D.o
                0x000033e0                DMA_CAM_Repeat
 .text.PORTB_IRQHandler
                0x00003434      0x138 ./source/CDK66_KC4D.o
                0x00003434                PORTB_IRQHandler
 .text.LinearCameraFlush
                0x0000356c       0x7c ./source/CDK66_KC4D.o
                0x0000356c                LinearCameraFlush
 .text.LinearCameraOneShot
                0x000035e8      0x118 ./source/CDK66_KC4D.o
                0x000035e8                LinearCameraOneShot
 .text.PcCmdProcess
                0x00003700       0xc4 ./source/CDK66_KC4D.o
                0x00003700                PcCmdProcess
 .text.UART0_RX_TX_IRQHandler
                0x000037c4       0xec ./source/CDK66_KC4D.o
                0x000037c4                UART0_RX_TX_IRQHandler
 .text.InitPITs
                0x000038b0       0xe8 ./source/CDK66_KC4D.o
                0x000038b0                InitPITs
 .text.ShowNumDEC
                0x00003998       0x58 ./source/CDK66_KC4D.o
                0x00003998                ShowNumDEC
 .text.ShowNumOFF
                0x000039f0       0x18 ./source/CDK66_KC4D.o
                0x000039f0                ShowNumOFF
 .text.PIT0_IRQHandler
                0x00003a08       0x38 ./source/CDK66_KC4D.o
                0x00003a08                PIT0_IRQHandler
 .text.CDK66_Analog_Input
                0x00003a40      0x24c ./source/CDK66_KC4D.o
                0x00003a40                CDK66_Analog_Input
 .text.Update_ServoUS
                0x00003c8c       0x74 ./source/CDK66_KC4D.o
 .text.Get_Use_Image
                0x00003d00       0x84 ./source/CDK66_KC4D.o
                0x00003d00                Get_Use_Image
 .text.GetOTSU  0x00003d84      0x310 ./source/CDK66_KC4D.o
                0x00003d84                GetOTSU
 .text.Get_01_Value
                0x00004094      0x164 ./source/CDK66_KC4D.o
                0x00004094                Get_01_Value
 .text.Draw_CameraView
                0x000041f8      0x164 ./source/CDK66_KC4D.o
                0x000041f8                Draw_CameraView
 .text.SendImage
                0x0000435c       0x40 ./source/CDK66_KC4D.o
                0x0000435c                SendImage
 .text.SendCCDData
                0x0000439c       0x68 ./source/CDK66_KC4D.o
                0x0000439c                SendCCDData
 .text.FindMidLine
                0x00004404       0xa0 ./source/CDK66_KC4D.o
                0x00004404                FindMidLine
 .text.ADC16_GetInstance
                0x000044a4       0x4c ./drivers/fsl_adc16.o
 .text.ADC16_Init
                0x000044f0      0x10c ./drivers/fsl_adc16.o
                0x000044f0                ADC16_Init
 .text.ADC16_SetChannelConfig
                0x000045fc       0x68 ./drivers/fsl_adc16.o
                0x000045fc                ADC16_SetChannelConfig
 .text.ADC16_GetChannelStatusFlags
                0x00004664       0x40 ./drivers/fsl_adc16.o
                0x00004664                ADC16_GetChannelStatusFlags
 .text.CLOCK_SetEr32kClock
                0x000046a4       0x30 ./drivers/fsl_clock.o
 .text.CLOCK_SetPllFllSelClock
                0x000046d4       0x58 ./drivers/fsl_clock.o
 .text.CLOCK_GetMcgExtClkFreq
                0x0000472c       0x7c ./drivers/fsl_clock.o
 .text.CLOCK_GetFllExtRefClkFreq
                0x000047a8       0xb0 ./drivers/fsl_clock.o
 .text.CLOCK_GetInternalRefClkSelectFreq
                0x00004858       0x4c ./drivers/fsl_clock.o
 .text.CLOCK_GetFllRefClkFreq
                0x000048a4       0x34 ./drivers/fsl_clock.o
 .text.CLOCK_GetOscRangeFromFreq
                0x000048d8       0x3c ./drivers/fsl_clock.o
 .text.CLOCK_GetOsc0ErClkUndivFreq
                0x00004914       0x44 ./drivers/fsl_clock.o
                0x00004914                CLOCK_GetOsc0ErClkUndivFreq
 .text.CLOCK_GetOsc0ErClkDivFreq
                0x00004958       0x58 ./drivers/fsl_clock.o
                0x00004958                CLOCK_GetOsc0ErClkDivFreq
 .text.CLOCK_GetEr32kClkFreq
                0x000049b0       0x74 ./drivers/fsl_clock.o
                0x000049b0                CLOCK_GetEr32kClkFreq
 .text.CLOCK_GetPllFllSelClkFreq
                0x00004a24       0x94 ./drivers/fsl_clock.o
                0x00004a24                CLOCK_GetPllFllSelClkFreq
 .text.CLOCK_GetFreq
                0x00004ab8      0x150 ./drivers/fsl_clock.o
                0x00004ab8                CLOCK_GetFreq
 .text.CLOCK_SetSimConfig
                0x00004c08       0x44 ./drivers/fsl_clock.o
                0x00004c08                CLOCK_SetSimConfig
 .text.CLOCK_GetOutClkFreq
                0x00004c4c       0x90 ./drivers/fsl_clock.o
                0x00004c4c                CLOCK_GetOutClkFreq
 .text.CLOCK_GetFllFreq
                0x00004cdc       0x84 ./drivers/fsl_clock.o
                0x00004cdc                CLOCK_GetFllFreq
 .text.CLOCK_GetInternalRefClkFreq
                0x00004d60       0x30 ./drivers/fsl_clock.o
                0x00004d60                CLOCK_GetInternalRefClkFreq
 .text.CLOCK_GetPll0Freq
                0x00004d90       0x7c ./drivers/fsl_clock.o
                0x00004d90                CLOCK_GetPll0Freq
 .text.CLOCK_GetExtPllFreq
                0x00004e0c       0x18 ./drivers/fsl_clock.o
                0x00004e0c                CLOCK_GetExtPllFreq
 .text.CLOCK_SetExternalRefClkConfig
                0x00004e24       0x6c ./drivers/fsl_clock.o
                0x00004e24                CLOCK_SetExternalRefClkConfig
 .text.CLOCK_EnablePll0
                0x00004e90       0x88 ./drivers/fsl_clock.o
                0x00004e90                CLOCK_EnablePll0
 .text.CLOCK_InitOsc0
                0x00004f18       0x8c ./drivers/fsl_clock.o
                0x00004f18                CLOCK_InitOsc0
 .text.CLOCK_SetPbeMode
                0x00004fa4       0xe8 ./drivers/fsl_clock.o
                0x00004fa4                CLOCK_SetPbeMode
 .text.CLOCK_BootToPeeMode
                0x0000508c       0x68 ./drivers/fsl_clock.o
                0x0000508c                CLOCK_BootToPeeMode
 .text.DMAMUX_GetInstance
                0x000050f4       0x44 ./drivers/fsl_dmamux.o
 .text.DMAMUX_Init
                0x00005138       0x24 ./drivers/fsl_dmamux.o
                0x00005138                DMAMUX_Init
 .text.DSPI_CommonIRQHandler
                0x0000515c       0x44 ./drivers/fsl_dspi.o
 .text.SPI0_DriverIRQHandler
                0x000051a0       0x30 ./drivers/fsl_dspi.o
                0x000051a0                SPI0_DriverIRQHandler
 .text.SPI1_DriverIRQHandler
                0x000051d0       0x30 ./drivers/fsl_dspi.o
                0x000051d0                SPI1_DriverIRQHandler
 .text.SPI2_DriverIRQHandler
                0x00005200       0x30 ./drivers/fsl_dspi.o
                0x00005200                SPI2_DriverIRQHandler
 .text.EDMA_GetInstance
                0x00005230       0x44 ./drivers/fsl_edma.o
 .text.EDMA_Init
                0x00005274       0x98 ./drivers/fsl_edma.o
                0x00005274                EDMA_Init
 .text.EDMA_ResetChannel
                0x0000530c       0x34 ./drivers/fsl_edma.o
                0x0000530c                EDMA_ResetChannel
 .text.EDMA_SetTransferConfig
                0x00005340       0x60 ./drivers/fsl_edma.o
                0x00005340                EDMA_SetTransferConfig
 .text.EDMA_SetChannelPreemptionConfig
                0x000053a0       0x88 ./drivers/fsl_edma.o
                0x000053a0                EDMA_SetChannelPreemptionConfig
 .text.EDMA_SetBandWidth
                0x00005428       0x5c ./drivers/fsl_edma.o
                0x00005428                EDMA_SetBandWidth
 .text.EDMA_TcdReset
                0x00005484       0x78 ./drivers/fsl_edma.o
                0x00005484                EDMA_TcdReset
 .text.EDMA_TcdSetTransferConfig
                0x000054fc      0x12c ./drivers/fsl_edma.o
                0x000054fc                EDMA_TcdSetTransferConfig
 .text.EDMA_GetChannelStatusFlags
                0x00005628       0x74 ./drivers/fsl_edma.o
                0x00005628                EDMA_GetChannelStatusFlags
 .text.EDMA_HandleIRQ
                0x0000569c      0x160 ./drivers/fsl_edma.o
                0x0000569c                EDMA_HandleIRQ
 .text.DMA0_DMA16_DriverIRQHandler
                0x000057fc       0x50 ./drivers/fsl_edma.o
                0x000057fc                DMA0_DMA16_DriverIRQHandler
 .text.DMA1_DMA17_DriverIRQHandler
                0x0000584c       0x50 ./drivers/fsl_edma.o
                0x0000584c                DMA1_DMA17_DriverIRQHandler
 .text.DMA2_DMA18_DriverIRQHandler
                0x0000589c       0x50 ./drivers/fsl_edma.o
                0x0000589c                DMA2_DMA18_DriverIRQHandler
 .text.DMA3_DMA19_DriverIRQHandler
                0x000058ec       0x50 ./drivers/fsl_edma.o
                0x000058ec                DMA3_DMA19_DriverIRQHandler
 .text.DMA4_DMA20_DriverIRQHandler
                0x0000593c       0x50 ./drivers/fsl_edma.o
                0x0000593c                DMA4_DMA20_DriverIRQHandler
 .text.DMA5_DMA21_DriverIRQHandler
                0x0000598c       0x50 ./drivers/fsl_edma.o
                0x0000598c                DMA5_DMA21_DriverIRQHandler
 .text.DMA6_DMA22_DriverIRQHandler
                0x000059dc       0x50 ./drivers/fsl_edma.o
                0x000059dc                DMA6_DMA22_DriverIRQHandler
 .text.DMA7_DMA23_DriverIRQHandler
                0x00005a2c       0x50 ./drivers/fsl_edma.o
                0x00005a2c                DMA7_DMA23_DriverIRQHandler
 .text.DMA8_DMA24_DriverIRQHandler
                0x00005a7c       0x50 ./drivers/fsl_edma.o
                0x00005a7c                DMA8_DMA24_DriverIRQHandler
 .text.DMA9_DMA25_DriverIRQHandler
                0x00005acc       0x50 ./drivers/fsl_edma.o
                0x00005acc                DMA9_DMA25_DriverIRQHandler
 .text.DMA10_DMA26_DriverIRQHandler
                0x00005b1c       0x50 ./drivers/fsl_edma.o
                0x00005b1c                DMA10_DMA26_DriverIRQHandler
 .text.DMA11_DMA27_DriverIRQHandler
                0x00005b6c       0x50 ./drivers/fsl_edma.o
                0x00005b6c                DMA11_DMA27_DriverIRQHandler
 .text.DMA12_DMA28_DriverIRQHandler
                0x00005bbc       0x50 ./drivers/fsl_edma.o
                0x00005bbc                DMA12_DMA28_DriverIRQHandler
 .text.DMA13_DMA29_DriverIRQHandler
                0x00005c0c       0x50 ./drivers/fsl_edma.o
                0x00005c0c                DMA13_DMA29_DriverIRQHandler
 .text.DMA14_DMA30_DriverIRQHandler
                0x00005c5c       0x50 ./drivers/fsl_edma.o
                0x00005c5c                DMA14_DMA30_DriverIRQHandler
 .text.DMA15_DMA31_DriverIRQHandler
                0x00005cac       0x50 ./drivers/fsl_edma.o
                0x00005cac                DMA15_DMA31_DriverIRQHandler
 .text.CAN0_DriverIRQHandler
                0x00005cfc       0x3c ./drivers/fsl_flexcan.o
                0x00005cfc                CAN0_DriverIRQHandler
 .text.CAN1_DriverIRQHandler
                0x00005d38       0x3c ./drivers/fsl_flexcan.o
                0x00005d38                CAN1_DriverIRQHandler
 .text.FTM_GetInstance
                0x00005d74       0x54 ./drivers/fsl_ftm.o
 .text.FTM_SetPwmSync
                0x00005dc8      0x140 ./drivers/fsl_ftm.o
 .text.FTM_SetReloadPoints
                0x00005f08      0x138 ./drivers/fsl_ftm.o
 .text.FTM_Init
                0x00006040       0xf4 ./drivers/fsl_ftm.o
                0x00006040                FTM_Init
 .text.FTM_SetupPwm
                0x00006134      0x330 ./drivers/fsl_ftm.o
                0x00006134                FTM_SetupPwm
 .text.GPIO_GetInstance
                0x00006464       0x4c ./drivers/fsl_gpio.o
 .text.GPIO_PinInit
                0x000064b0       0x68 ./drivers/fsl_gpio.o
                0x000064b0                GPIO_PinInit
 .text.GPIO_PortGetInterruptFlags
                0x00006518       0x30 ./drivers/fsl_gpio.o
                0x00006518                GPIO_PortGetInterruptFlags
 .text.GPIO_PortClearInterruptFlags
                0x00006548       0x34 ./drivers/fsl_gpio.o
                0x00006548                GPIO_PortClearInterruptFlags
 .text.I2C_GetInstance
                0x0000657c       0x4c ./drivers/fsl_i2c.o
                0x0000657c                I2C_GetInstance
 .text.I2C_TransferCommonIRQHandler
                0x000065c8       0x58 ./drivers/fsl_i2c.o
 .text.I2C_MasterInit
                0x00006620       0xe4 ./drivers/fsl_i2c.o
                0x00006620                I2C_MasterInit
 .text.I2C_MasterGetDefaultConfig
                0x00006704       0x48 ./drivers/fsl_i2c.o
                0x00006704                I2C_MasterGetDefaultConfig
 .text.I2C_MasterSetBaudRate
                0x0000674c       0xe8 ./drivers/fsl_i2c.o
                0x0000674c                I2C_MasterSetBaudRate
 .text.I2C_MasterTransferBlocking
                0x00006834      0x24c ./drivers/fsl_i2c.o
                0x00006834                I2C_MasterTransferBlocking
 .text.I2C0_DriverIRQHandler
                0x00006a80       0x1c ./drivers/fsl_i2c.o
                0x00006a80                I2C0_DriverIRQHandler
 .text.I2C1_DriverIRQHandler
                0x00006a9c       0x1c ./drivers/fsl_i2c.o
                0x00006a9c                I2C1_DriverIRQHandler
 .text.I2C2_DriverIRQHandler
                0x00006ab8       0x1c ./drivers/fsl_i2c.o
                0x00006ab8                I2C2_DriverIRQHandler
 .text.I2C3_DriverIRQHandler
                0x00006ad4       0x1c ./drivers/fsl_i2c.o
                0x00006ad4                I2C3_DriverIRQHandler
 .text.LPUART0_DriverIRQHandler
                0x00006af0       0x28 ./drivers/fsl_lpuart.o
                0x00006af0                LPUART0_DriverIRQHandler
 .text.PIT_GetInstance
                0x00006b18       0x44 ./drivers/fsl_pit.o
 .text.PIT_Init
                0x00006b5c       0x94 ./drivers/fsl_pit.o
                0x00006b5c                PIT_Init
 .text.RTC_CheckDatetimeFormat
                0x00006bf0       0xe4 ./drivers/fsl_rtc.o
 .text.RTC_ConvertDatetimeToSeconds
                0x00006cd4       0xdc ./drivers/fsl_rtc.o
 .text.RTC_ConvertSecondsToDatetime
                0x00006db0      0x158 ./drivers/fsl_rtc.o
 .text.RTC_Init
                0x00006f08       0xa0 ./drivers/fsl_rtc.o
                0x00006f08                RTC_Init
 .text.RTC_GetDefaultConfig
                0x00006fa8       0x48 ./drivers/fsl_rtc.o
                0x00006fa8                RTC_GetDefaultConfig
 .text.RTC_SetDatetime
                0x00006ff0       0x48 ./drivers/fsl_rtc.o
                0x00006ff0                RTC_SetDatetime
 .text.RTC_GetDatetime
                0x00007038       0x34 ./drivers/fsl_rtc.o
                0x00007038                RTC_GetDatetime
 .text.I2S0_Tx_DriverIRQHandler
                0x0000706c       0x3c ./drivers/fsl_sai.o
                0x0000706c                I2S0_Tx_DriverIRQHandler
 .text.I2S0_Rx_DriverIRQHandler
                0x000070a8       0x3c ./drivers/fsl_sai.o
                0x000070a8                I2S0_Rx_DriverIRQHandler
 .text.SDHC_DriverIRQHandler
                0x000070e4       0x3c ./drivers/fsl_sdhc.o
                0x000070e4                SDHC_DriverIRQHandler
 .text.UART_GetInstance
                0x00007120       0x54 ./drivers/fsl_uart.o
                0x00007120                UART_GetInstance
 .text.UART_Init
                0x00007174      0x2f4 ./drivers/fsl_uart.o
                0x00007174                UART_Init
 .text.UART_EnableInterrupts
                0x00007468       0x70 ./drivers/fsl_uart.o
                0x00007468                UART_EnableInterrupts
 .text.UART1_DriverIRQHandler
                0x000074d8       0x28 ./drivers/fsl_uart.o
                0x000074d8                UART1_DriverIRQHandler
 .text.UART2_DriverIRQHandler
                0x00007500       0x28 ./drivers/fsl_uart.o
                0x00007500                UART2_DriverIRQHandler
 .text.UART3_DriverIRQHandler
                0x00007528       0x28 ./drivers/fsl_uart.o
                0x00007528                UART3_DriverIRQHandler
 .text.UART4_DriverIRQHandler
                0x00007550       0x28 ./drivers/fsl_uart.o
                0x00007550                UART4_DriverIRQHandler
 .text.SystemInit
                0x00007578       0x3c ./device/system_MK66F18.o
                0x00007578                SystemInit
 .text.delay1ms
                0x000075b4       0x98 ./board/board.o
                0x000075b4                delay1ms
 .text.BOARD_InitI2C
                0x0000764c       0xbc ./board/board.o
                0x0000764c                BOARD_InitI2C
 .text.BOARD_I2C_GPIO
                0x00007708       0x78 ./board/board.o
                0x00007708                BOARD_I2C_GPIO
 .text.BOARD_InitRTC
                0x00007780       0x30 ./board/board.o
                0x00007780                BOARD_InitRTC
 .text.CLOCK_SetSimSafeDivs
                0x000077b0       0x24 ./board/clock_config.o
 .text.CLOCK_SetXtal0Freq
                0x000077d4       0x20 ./board/clock_config.o
 .text.CLOCK_SetXtal32Freq
                0x000077f4       0x20 ./board/clock_config.o
 .text.CLOCK_CONFIG_SetRtcClock
                0x00007814       0x84 ./board/clock_config.o
 .text.CLOCK_CONFIG_SetFllExtRefDiv
                0x00007898       0x3c ./board/clock_config.o
 .text.BOARD_BootClockRUN
                0x000078d4       0x7c ./board/clock_config.o
                0x000078d4                BOARD_BootClockRUN
 .text.__NVIC_EnableIRQ
                0x00007950       0x3c ./board/peripherals.o
 .text.__NVIC_SetPriority
                0x0000798c       0x54 ./board/peripherals.o
 .text.EDMA_EnableAutoStopRequest
                0x000079e0       0x60 ./board/peripherals.o
 .text.EDMA_EnableChannelRequest
                0x00007a40       0x30 ./board/peripherals.o
 .text.DMAMUX_EnableChannel
                0x00007a70       0x3c ./board/peripherals.o
 .text.DMAMUX_SetSource
                0x00007aac       0x4c ./board/peripherals.o
 .text.DMA_init
                0x00007af8       0x68 ./board/peripherals.o
 .text.ADC0_init
                0x00007b60       0x48 ./board/peripherals.o
 .text.ADC1_init
                0x00007ba8       0x48 ./board/peripherals.o
 .text.FTM0_init
                0x00007bf0       0x44 ./board/peripherals.o
 .text.FTM3_init
                0x00007c34       0x44 ./board/peripherals.o
 .text.UART0_init
                0x00007c78       0x34 ./board/peripherals.o
 .text.BOARD_InitPeripherals
                0x00007cac       0x40 ./board/peripherals.o
                0x00007cac                BOARD_InitPeripherals
 .text.BOARD_InitPins
                0x00007cec      0x8d0 ./board/pin_mux.o
                0x00007cec                BOARD_InitPins
 .text.MT9V034_Init
                0x000085bc      0x100 ./CDK66/CDK66_MT9V034.o
                0x000085bc                MT9V034_Init
 .text.SCCB_Init
                0x000086bc       0x20 ./CDK66/CDK66_MT9V034.o
                0x000086bc                SCCB_Init
 .text.SCCB_Star
                0x000086dc       0x54 ./CDK66/CDK66_MT9V034.o
                0x000086dc                SCCB_Star
 .text.SCCB_Stop
                0x00008730       0x48 ./CDK66/CDK66_MT9V034.o
                0x00008730                SCCB_Stop
 .text.SCCB_SendByte
                0x00008778       0xc0 ./CDK66/CDK66_MT9V034.o
                0x00008778                SCCB_SendByte
 .text.SCCB_ReadByte
                0x00008838       0x88 ./CDK66/CDK66_MT9V034.o
                0x00008838                SCCB_ReadByte
 .text.SCCB_Ack
                0x000088c0       0x50 ./CDK66/CDK66_MT9V034.o
 .text.SCCB_NAck
                0x00008910       0x54 ./CDK66/CDK66_MT9V034.o
 .text.OLED_WrDat
                0x00008964       0x74 ./CDK66/CDK66_OLED.o
                0x00008964                OLED_WrDat
 .text.OLED_WrCmd
                0x000089d8       0x74 ./CDK66/CDK66_OLED.o
                0x000089d8                OLED_WrCmd
 .text.OLED_Init
                0x00008a4c       0xe8 ./CDK66/CDK66_OLED.o
                0x00008a4c                OLED_Init
 .text.OLED_P6x8Str
                0x00008b34       0x98 ./CDK66/CDK66_OLED.o
                0x00008b34                OLED_P6x8Str
 .text.OLED_P8x16Str
                0x00008bcc       0xc8 ./CDK66/CDK66_OLED.o
                0x00008bcc                OLED_P8x16Str
 .text.__assertion_failed
                0x00008c94       0x4c e:/nxp/mcuxpressoide_11.3.0_5222/ide/plugins/com.nxp.mcuxpresso.tools.win32_11.3.0.202008311133/tools/bin/../lib/gcc/arm-none-eabi/9.3.1/../../../../arm-none-eabi/lib/thumb/v7e-m+fp/hard\libcr_semihost_nf.a(_cr_assert.o)
                0x00008c94                __assertion_failed
 .text.__sys_appexit
                0x00008ce0        0xc e:/nxp/mcuxpressoide_11.3.0_5222/ide/plugins/com.nxp.mcuxpresso.tools.win32_11.3.0.202008311133/tools/bin/../lib/gcc/arm-none-eabi/9.3.1/../../../../arm-none-eabi/lib/thumb/v7e-m+fp/hard\libcr_semihost_nf.a(__sys_appexit.o)
                0x00008ce0                __sys_appexit
                0x00008ce0                __exit
 .text._Cwritebuf
                0x00008cec       0x6c e:/nxp/mcuxpressoide_11.3.0_5222/ide/plugins/com.nxp.mcuxpresso.tools.win32_11.3.0.202008311133/tools/bin/../lib/gcc/arm-none-eabi/9.3.1/../../../../arm-none-eabi/lib/thumb/v7e-m+fp/hard\libcr_c.a(_writebuf.o)
                0x00008cec                _Cwritebuf
 .text.malloc   0x00008d58       0xc8 e:/nxp/mcuxpressoide_11.3.0_5222/ide/plugins/com.nxp.mcuxpresso.tools.win32_11.3.0.202008311133/tools/bin/../lib/gcc/arm-none-eabi/9.3.1/../../../../arm-none-eabi/lib/thumb/v7e-m+fp/hard\libcr_c.a(alloc.o)
                0x00008d58                malloc
 .text._Csys_alloc
                0x00008e20       0x20 e:/nxp/mcuxpressoide_11.3.0_5222/ide/plugins/com.nxp.mcuxpresso.tools.win32_11.3.0.202008311133/tools/bin/../lib/gcc/arm-none-eabi/9.3.1/../../../../arm-none-eabi/lib/thumb/v7e-m+fp/hard\libcr_c.a(alloc.o)
                0x00008e20                _Csys_alloc
 .text.sprintf  0x00008e40       0x6c e:/nxp/mcuxpressoide_11.3.0_5222/ide/plugins/com.nxp.mcuxpresso.tools.win32_11.3.0.202008311133/tools/bin/../lib/gcc/arm-none-eabi/9.3.1/../../../../arm-none-eabi/lib/thumb/v7e-m+fp/hard\libcr_c.a(fpprintf.o)
                0x00008e40                sprintf
 .text.vsnprintf
                0x00008eac       0x68 e:/nxp/mcuxpressoide_11.3.0_5222/ide/plugins/com.nxp.mcuxpresso.tools.win32_11.3.0.202008311133/tools/bin/../lib/gcc/arm-none-eabi/9.3.1/../../../../arm-none-eabi/lib/thumb/v7e-m+fp/hard\libcr_c.a(fpprintf.o)
                0x00008eac                vsnprintf
 .text.printf   0x00008f14       0x54 e:/nxp/mcuxpressoide_11.3.0_5222/ide/plugins/com.nxp.mcuxpresso.tools.win32_11.3.0.202008311133/tools/bin/../lib/gcc/arm-none-eabi/9.3.1/../../../../arm-none-eabi/lib/thumb/v7e-m+fp/hard\libcr_c.a(fpprintf.o)
                0x00008f14                printf
 .text.fseek    0x00008f68      0x100 e:/nxp/mcuxpressoide_11.3.0_5222/ide/plugins/com.nxp.mcuxpresso.tools.win32_11.3.0.202008311133/tools/bin/../lib/gcc/arm-none-eabi/9.3.1/../../../../arm-none-eabi/lib/thumb/v7e-m+fp/hard\libcr_c.a(fseek.o)
                0x00008f68                fseek
 .text.ftell    0x00009068       0x44 e:/nxp/mcuxpressoide_11.3.0_5222/ide/plugins/com.nxp.mcuxpresso.tools.win32_11.3.0.202008311133/tools/bin/../lib/gcc/arm-none-eabi/9.3.1/../../../../arm-none-eabi/lib/thumb/v7e-m+fp/hard\libcr_c.a(ftell.o)
                0x00009068                ftell
 .text._initio  0x000090ac       0x78 e:/nxp/mcuxpressoide_11.3.0_5222/ide/plugins/com.nxp.mcuxpresso.tools.win32_11.3.0.202008311133/tools/bin/../lib/gcc/arm-none-eabi/9.3.1/../../../../arm-none-eabi/lib/thumb/v7e-m+fp/hard\libcr_c.a(initio.o)
                0x000090ac                _initio
 .text.__vfprintf
                0x00009124      0xce8 e:/nxp/mcuxpressoide_11.3.0_5222/ide/plugins/com.nxp.mcuxpresso.tools.win32_11.3.0.202008311133/tools/bin/../lib/gcc/arm-none-eabi/9.3.1/../../../../arm-none-eabi/lib/thumb/v7e-m+fp/hard\libcr_c.a(printf.o)
                0x00009124                __vfprintf
 .text.ch_val   0x00009e0c       0x30 e:/nxp/mcuxpressoide_11.3.0_5222/ide/plugins/com.nxp.mcuxpresso.tools.win32_11.3.0.202008311133/tools/bin/../lib/gcc/arm-none-eabi/9.3.1/../../../../arm-none-eabi/lib/thumb/v7e-m+fp/hard\libcr_c.a(scanf.o)
 .text.cr_rd_int
                0x00009e3c      0x1a8 e:/nxp/mcuxpressoide_11.3.0_5222/ide/plugins/com.nxp.mcuxpresso.tools.win32_11.3.0.202008311133/tools/bin/../lib/gcc/arm-none-eabi/9.3.1/../../../../arm-none-eabi/lib/thumb/v7e-m+fp/hard\libcr_c.a(scanf.o)
 .text.__filbuf
                0x00009fe4      0x178 e:/nxp/mcuxpressoide_11.3.0_5222/ide/plugins/com.nxp.mcuxpresso.tools.win32_11.3.0.202008311133/tools/bin/../lib/gcc/arm-none-eabi/9.3.1/../../../../arm-none-eabi/lib/thumb/v7e-m+fp/hard\libcr_c.a(__fillbuf.o)
                0x00009fe4                __filbuf
 .text._sbrk    0x0000a15c       0x3c e:/nxp/mcuxpressoide_11.3.0_5222/ide/plugins/com.nxp.mcuxpresso.tools.win32_11.3.0.202008311133/tools/bin/../lib/gcc/arm-none-eabi/9.3.1/../../../../arm-none-eabi/lib/thumb/v7e-m+fp/hard\libcr_c.a(_cr_sbrk.o)
                0x0000a15c                _sbrk
 .text.fflush   0x0000a198       0x44 e:/nxp/mcuxpressoide_11.3.0_5222/ide/plugins/com.nxp.mcuxpresso.tools.win32_11.3.0.202008311133/tools/bin/../lib/gcc/arm-none-eabi/9.3.1/../../../../arm-none-eabi/lib/thumb/v7e-m+fp/hard\libcr_c.a(fflush.o)
                0x0000a198                fflush
 .text.__check_heap_overflow
                0x0000a1dc       0x18 e:/nxp/mcuxpressoide_11.3.0_5222/ide/plugins/com.nxp.mcuxpresso.tools.win32_11.3.0.202008311133/tools/bin/../lib/gcc/arm-none-eabi/9.3.1/../../../../arm-none-eabi/lib/thumb/v7e-m+fp/hard\libcr_c.a(_cr_check_heap.o)
                0x0000a1dc                __check_heap_overflow
 .text.__aeabi_dmul
                0x0000a1f4      0x114 e:/nxp/mcuxpressoide_11.3.0_5222/ide/plugins/com.nxp.mcuxpresso.tools.win32_11.3.0.202008311133/tools/bin/../lib/gcc/arm-none-eabi/9.3.1/thumb/v7e-m+fp/hard\libcr_eabihelpers.a(double.o)
                0x0000a1f4                __aeabi_dmul
 .text.__aeabi_ddiv
                0x0000a308      0x144 e:/nxp/mcuxpressoide_11.3.0_5222/ide/plugins/com.nxp.mcuxpresso.tools.win32_11.3.0.202008311133/tools/bin/../lib/gcc/arm-none-eabi/9.3.1/thumb/v7e-m+fp/hard\libcr_eabihelpers.a(double.o)
                0x0000a308                __aeabi_ddiv
 .text.__aeabi_dsub
                0x0000a44c      0x1b0 e:/nxp/mcuxpressoide_11.3.0_5222/ide/plugins/com.nxp.mcuxpresso.tools.win32_11.3.0.202008311133/tools/bin/../lib/gcc/arm-none-eabi/9.3.1/thumb/v7e-m+fp/hard\libcr_eabihelpers.a(double.o)
                0x0000a44c                __aeabi_dsub
 .text.__aeabi_dadd
                0x0000a5fc      0x114 e:/nxp/mcuxpressoide_11.3.0_5222/ide/plugins/com.nxp.mcuxpresso.tools.win32_11.3.0.202008311133/tools/bin/../lib/gcc/arm-none-eabi/9.3.1/thumb/v7e-m+fp/hard\libcr_eabihelpers.a(double.o)
                0x0000a5fc                __aeabi_dadd
 .text.__aeabi_d2f
                0x0000a710       0x58 e:/nxp/mcuxpressoide_11.3.0_5222/ide/plugins/com.nxp.mcuxpresso.tools.win32_11.3.0.202008311133/tools/bin/../lib/gcc/arm-none-eabi/9.3.1/thumb/v7e-m+fp/hard\libcr_eabihelpers.a(double.o)
                0x0000a710                __aeabi_d2f
 .text.__aeabi_f2d
                0x0000a768       0x38 e:/nxp/mcuxpressoide_11.3.0_5222/ide/plugins/com.nxp.mcuxpresso.tools.win32_11.3.0.202008311133/tools/bin/../lib/gcc/arm-none-eabi/9.3.1/thumb/v7e-m+fp/hard\libcr_eabihelpers.a(float.o)
                0x0000a768                __aeabi_f2d
 .text.DMA0_DMA16_IRQHandler
                0x0000a7a0        0x8 ./startup/startup_mk66f18.o
                0x0000a7a0                DMA0_DMA16_IRQHandler
 .text.DMA1_DMA17_IRQHandler
                0x0000a7a8        0x8 ./startup/startup_mk66f18.o
                0x0000a7a8                DMA1_DMA17_IRQHandler
 .text.DMA2_DMA18_IRQHandler
                0x0000a7b0        0x8 ./startup/startup_mk66f18.o
                0x0000a7b0                DMA2_DMA18_IRQHandler
 .text.DMA3_DMA19_IRQHandler
                0x0000a7b8        0x8 ./startup/startup_mk66f18.o
                0x0000a7b8                DMA3_DMA19_IRQHandler
 .text.DMA4_DMA20_IRQHandler
                0x0000a7c0        0x8 ./startup/startup_mk66f18.o
                0x0000a7c0                DMA4_DMA20_IRQHandler
 .text.DMA5_DMA21_IRQHandler
                0x0000a7c8        0x8 ./startup/startup_mk66f18.o
                0x0000a7c8                DMA5_DMA21_IRQHandler
 .text.DMA6_DMA22_IRQHandler
                0x0000a7d0        0x8 ./startup/startup_mk66f18.o
                0x0000a7d0                DMA6_DMA22_IRQHandler
 .text.DMA7_DMA23_IRQHandler
                0x0000a7d8        0x8 ./startup/startup_mk66f18.o
                0x0000a7d8                DMA7_DMA23_IRQHandler
 .text.DMA8_DMA24_IRQHandler
                0x0000a7e0        0x8 ./startup/startup_mk66f18.o
                0x0000a7e0                DMA8_DMA24_IRQHandler
 .text.DMA9_DMA25_IRQHandler
                0x0000a7e8        0x8 ./startup/startup_mk66f18.o
                0x0000a7e8                DMA9_DMA25_IRQHandler
 .text.DMA10_DMA26_IRQHandler
                0x0000a7f0        0x8 ./startup/startup_mk66f18.o
                0x0000a7f0                DMA10_DMA26_IRQHandler
 .text.DMA11_DMA27_IRQHandler
                0x0000a7f8        0x8 ./startup/startup_mk66f18.o
                0x0000a7f8                DMA11_DMA27_IRQHandler
 .text.DMA12_DMA28_IRQHandler
                0x0000a800        0x8 ./startup/startup_mk66f18.o
                0x0000a800                DMA12_DMA28_IRQHandler
 .text.DMA13_DMA29_IRQHandler
                0x0000a808        0x8 ./startup/startup_mk66f18.o
                0x0000a808                DMA13_DMA29_IRQHandler
 .text.DMA14_DMA30_IRQHandler
                0x0000a810        0x8 ./startup/startup_mk66f18.o
                0x0000a810                DMA14_DMA30_IRQHandler
 .text.DMA15_DMA31_IRQHandler
                0x0000a818        0x8 ./startup/startup_mk66f18.o
                0x0000a818                DMA15_DMA31_IRQHandler
 .text.DMA_Error_IRQHandler
                0x0000a820        0x8 ./startup/startup_mk66f18.o
                0x0000a820                DMA_Error_IRQHandler
 .text.MCM_IRQHandler
                0x0000a828        0x8 ./startup/startup_mk66f18.o
                0x0000a828                MCM_IRQHandler
 .text.FTFE_IRQHandler
                0x0000a830        0x8 ./startup/startup_mk66f18.o
                0x0000a830                FTFE_IRQHandler
 .text.Read_Collision_IRQHandler
                0x0000a838        0x8 ./startup/startup_mk66f18.o
                0x0000a838                Read_Collision_IRQHandler
 .text.LVD_LVW_IRQHandler
                0x0000a840        0x8 ./startup/startup_mk66f18.o
                0x0000a840                LVD_LVW_IRQHandler
 .text.LLWU_IRQHandler
                0x0000a848        0x8 ./startup/startup_mk66f18.o
                0x0000a848                LLWU_IRQHandler
 .text.WDOG_EWM_IRQHandler
                0x0000a850        0x8 ./startup/startup_mk66f18.o
                0x0000a850                WDOG_EWM_IRQHandler
 .text.RNG_IRQHandler
                0x0000a858        0x8 ./startup/startup_mk66f18.o
                0x0000a858                RNG_IRQHandler
 .text.I2C0_IRQHandler
                0x0000a860        0x8 ./startup/startup_mk66f18.o
                0x0000a860                I2C0_IRQHandler
 .text.I2C1_IRQHandler
                0x0000a868        0x8 ./startup/startup_mk66f18.o
                0x0000a868                I2C1_IRQHandler
 .text.SPI0_IRQHandler
                0x0000a870        0x8 ./startup/startup_mk66f18.o
                0x0000a870                SPI0_IRQHandler
 .text.SPI1_IRQHandler
                0x0000a878        0x8 ./startup/startup_mk66f18.o
                0x0000a878                SPI1_IRQHandler
 .text.I2S0_Tx_IRQHandler
                0x0000a880        0x8 ./startup/startup_mk66f18.o
                0x0000a880                I2S0_Tx_IRQHandler
 .text.I2S0_Rx_IRQHandler
                0x0000a888        0x8 ./startup/startup_mk66f18.o
                0x0000a888                I2S0_Rx_IRQHandler
 .text.Reserved46_IRQHandler
                0x0000a890        0x8 ./startup/startup_mk66f18.o
                0x0000a890                Reserved46_IRQHandler
 .text.UART0_ERR_IRQHandler
                0x0000a898        0x8 ./startup/startup_mk66f18.o
                0x0000a898                UART0_ERR_IRQHandler
 .text.UART1_RX_TX_IRQHandler
                0x0000a8a0        0x8 ./startup/startup_mk66f18.o
                0x0000a8a0                UART1_RX_TX_IRQHandler
 .text.UART1_ERR_IRQHandler
                0x0000a8a8        0x8 ./startup/startup_mk66f18.o
                0x0000a8a8                UART1_ERR_IRQHandler
 .text.UART2_RX_TX_IRQHandler
                0x0000a8b0        0x8 ./startup/startup_mk66f18.o
                0x0000a8b0                UART2_RX_TX_IRQHandler
 .text.UART2_ERR_IRQHandler
                0x0000a8b8        0x8 ./startup/startup_mk66f18.o
                0x0000a8b8                UART2_ERR_IRQHandler
 .text.UART3_RX_TX_IRQHandler
                0x0000a8c0        0x8 ./startup/startup_mk66f18.o
                0x0000a8c0                UART3_RX_TX_IRQHandler
 .text.UART3_ERR_IRQHandler
                0x0000a8c8        0x8 ./startup/startup_mk66f18.o
                0x0000a8c8                UART3_ERR_IRQHandler
 .text.ADC0_IRQHandler
                0x0000a8d0        0x8 ./startup/startup_mk66f18.o
                0x0000a8d0                ADC0_IRQHandler
 .text.CMP0_IRQHandler
                0x0000a8d8        0x8 ./startup/startup_mk66f18.o
                0x0000a8d8                CMP0_IRQHandler
 .text.CMP1_IRQHandler
                0x0000a8e0        0x8 ./startup/startup_mk66f18.o
                0x0000a8e0                CMP1_IRQHandler
 .text.FTM0_IRQHandler
                0x0000a8e8        0x8 ./startup/startup_mk66f18.o
                0x0000a8e8                FTM0_IRQHandler
 .text.FTM1_IRQHandler
                0x0000a8f0        0x8 ./startup/startup_mk66f18.o
                0x0000a8f0                FTM1_IRQHandler
 .text.FTM2_IRQHandler
                0x0000a8f8        0x8 ./startup/startup_mk66f18.o
                0x0000a8f8                FTM2_IRQHandler
 .text.CMT_IRQHandler
                0x0000a900        0x8 ./startup/startup_mk66f18.o
                0x0000a900                CMT_IRQHandler
 .text.RTC_IRQHandler
                0x0000a908        0x8 ./startup/startup_mk66f18.o
                0x0000a908                RTC_IRQHandler
 .text.RTC_Seconds_IRQHandler
                0x0000a910        0x8 ./startup/startup_mk66f18.o
                0x0000a910                RTC_Seconds_IRQHandler
 .text.PIT1_IRQHandler
                0x0000a918        0x8 ./startup/startup_mk66f18.o
                0x0000a918                PIT1_IRQHandler
 .text.PIT2_IRQHandler
                0x0000a920        0x8 ./startup/startup_mk66f18.o
                0x0000a920                PIT2_IRQHandler
 .text.PIT3_IRQHandler
                0x0000a928        0x8 ./startup/startup_mk66f18.o
                0x0000a928                PIT3_IRQHandler
 .text.PDB0_IRQHandler
                0x0000a930        0x8 ./startup/startup_mk66f18.o
                0x0000a930                PDB0_IRQHandler
 .text.USB0_IRQHandler
                0x0000a938        0x8 ./startup/startup_mk66f18.o
                0x0000a938                USB0_IRQHandler
 .text.USBDCD_IRQHandler
                0x0000a940        0x8 ./startup/startup_mk66f18.o
                0x0000a940                USBDCD_IRQHandler
 .text.Reserved71_IRQHandler
                0x0000a948        0x8 ./startup/startup_mk66f18.o
                0x0000a948                Reserved71_IRQHandler
 .text.DAC0_IRQHandler
                0x0000a950        0x8 ./startup/startup_mk66f18.o
                0x0000a950                DAC0_IRQHandler
 .text.MCG_IRQHandler
                0x0000a958        0x8 ./startup/startup_mk66f18.o
                0x0000a958                MCG_IRQHandler
 .text.LPTMR0_IRQHandler
                0x0000a960        0x8 ./startup/startup_mk66f18.o
                0x0000a960                LPTMR0_IRQHandler
 .text.PORTA_IRQHandler
                0x0000a968        0x8 ./startup/startup_mk66f18.o
                0x0000a968                PORTA_IRQHandler
 .text.PORTC_IRQHandler
                0x0000a970        0x8 ./startup/startup_mk66f18.o
                0x0000a970                PORTC_IRQHandler
 .text.PORTD_IRQHandler
                0x0000a978        0x8 ./startup/startup_mk66f18.o
                0x0000a978                PORTD_IRQHandler
 .text.PORTE_IRQHandler
                0x0000a980        0x8 ./startup/startup_mk66f18.o
                0x0000a980                PORTE_IRQHandler
 .text.SWI_IRQHandler
                0x0000a988        0x8 ./startup/startup_mk66f18.o
                0x0000a988                SWI_IRQHandler
 .text.SPI2_IRQHandler
                0x0000a990        0x8 ./startup/startup_mk66f18.o
                0x0000a990                SPI2_IRQHandler
 .text.UART4_RX_TX_IRQHandler
                0x0000a998        0x8 ./startup/startup_mk66f18.o
                0x0000a998                UART4_RX_TX_IRQHandler
 .text.UART4_ERR_IRQHandler
                0x0000a9a0        0x8 ./startup/startup_mk66f18.o
                0x0000a9a0                UART4_ERR_IRQHandler
 .text.Reserved84_IRQHandler
                0x0000a9a8        0x8 ./startup/startup_mk66f18.o
                0x0000a9a8                Reserved84_IRQHandler
 .text.Reserved85_IRQHandler
                0x0000a9b0        0x8 ./startup/startup_mk66f18.o
                0x0000a9b0                Reserved85_IRQHandler
 .text.CMP2_IRQHandler
                0x0000a9b8        0x8 ./startup/startup_mk66f18.o
                0x0000a9b8                CMP2_IRQHandler
 .text.FTM3_IRQHandler
                0x0000a9c0        0x8 ./startup/startup_mk66f18.o
                0x0000a9c0                FTM3_IRQHandler
 .text.DAC1_IRQHandler
                0x0000a9c8        0x8 ./startup/startup_mk66f18.o
                0x0000a9c8                DAC1_IRQHandler
 .text.ADC1_IRQHandler
                0x0000a9d0        0x8 ./startup/startup_mk66f18.o
                0x0000a9d0                ADC1_IRQHandler
 .text.I2C2_IRQHandler
                0x0000a9d8        0x8 ./startup/startup_mk66f18.o
                0x0000a9d8                I2C2_IRQHandler
 .text.CAN0_ORed_Message_buffer_IRQHandler
                0x0000a9e0        0x8 ./startup/startup_mk66f18.o
                0x0000a9e0                CAN0_ORed_Message_buffer_IRQHandler
 .text.CAN0_Bus_Off_IRQHandler
                0x0000a9e8        0x8 ./startup/startup_mk66f18.o
                0x0000a9e8                CAN0_Bus_Off_IRQHandler
 .text.CAN0_Error_IRQHandler
                0x0000a9f0        0x8 ./startup/startup_mk66f18.o
                0x0000a9f0                CAN0_Error_IRQHandler
 .text.CAN0_Tx_Warning_IRQHandler
                0x0000a9f8        0x8 ./startup/startup_mk66f18.o
                0x0000a9f8                CAN0_Tx_Warning_IRQHandler
 .text.CAN0_Rx_Warning_IRQHandler
                0x0000aa00        0x8 ./startup/startup_mk66f18.o
                0x0000aa00                CAN0_Rx_Warning_IRQHandler
 .text.CAN0_Wake_Up_IRQHandler
                0x0000aa08        0x8 ./startup/startup_mk66f18.o
                0x0000aa08                CAN0_Wake_Up_IRQHandler
 .text.SDHC_IRQHandler
                0x0000aa10        0x8 ./startup/startup_mk66f18.o
                0x0000aa10                SDHC_IRQHandler
 .text.ENET_1588_Timer_IRQHandler
                0x0000aa18        0x8 ./startup/startup_mk66f18.o
                0x0000aa18                ENET_1588_Timer_IRQHandler
 .text.ENET_Transmit_IRQHandler
                0x0000aa20        0x8 ./startup/startup_mk66f18.o
                0x0000aa20                ENET_Transmit_IRQHandler
 .text.ENET_Receive_IRQHandler
                0x0000aa28        0x8 ./startup/startup_mk66f18.o
                0x0000aa28                ENET_Receive_IRQHandler
 .text.ENET_Error_IRQHandler
                0x0000aa30        0x8 ./startup/startup_mk66f18.o
                0x0000aa30                ENET_Error_IRQHandler
 .text.LPUART0_IRQHandler
                0x0000aa38        0x8 ./startup/startup_mk66f18.o
                0x0000aa38                LPUART0_IRQHandler
 .text.TSI0_IRQHandler
                0x0000aa40        0x8 ./startup/startup_mk66f18.o
                0x0000aa40                TSI0_IRQHandler
 .text.TPM1_IRQHandler
                0x0000aa48        0x8 ./startup/startup_mk66f18.o
                0x0000aa48                TPM1_IRQHandler
 .text.TPM2_IRQHandler
                0x0000aa50        0x8 ./startup/startup_mk66f18.o
                0x0000aa50                TPM2_IRQHandler
 .text.USBHSDCD_IRQHandler
                0x0000aa58        0x8 ./startup/startup_mk66f18.o
                0x0000aa58                USBHSDCD_IRQHandler
 .text.I2C3_IRQHandler
                0x0000aa60        0x8 ./startup/startup_mk66f18.o
                0x0000aa60                I2C3_IRQHandler
 .text.CMP3_IRQHandler
                0x0000aa68        0x8 ./startup/startup_mk66f18.o
                0x0000aa68                CMP3_IRQHandler
 .text.USBHS_IRQHandler
                0x0000aa70        0x8 ./startup/startup_mk66f18.o
                0x0000aa70                USBHS_IRQHandler
 .text.CAN1_ORed_Message_buffer_IRQHandler
                0x0000aa78        0x8 ./startup/startup_mk66f18.o
                0x0000aa78                CAN1_ORed_Message_buffer_IRQHandler
 .text.CAN1_Bus_Off_IRQHandler
                0x0000aa80        0x8 ./startup/startup_mk66f18.o
                0x0000aa80                CAN1_Bus_Off_IRQHandler
 .text.CAN1_Error_IRQHandler
                0x0000aa88        0x8 ./startup/startup_mk66f18.o
                0x0000aa88                CAN1_Error_IRQHandler
 .text.CAN1_Tx_Warning_IRQHandler
                0x0000aa90        0x8 ./startup/startup_mk66f18.o
                0x0000aa90                CAN1_Tx_Warning_IRQHandler
 .text.CAN1_Rx_Warning_IRQHandler
                0x0000aa98        0x8 ./startup/startup_mk66f18.o
                0x0000aa98                CAN1_Rx_Warning_IRQHandler
 .text.CAN1_Wake_Up_IRQHandler
                0x0000aaa0        0x8 ./startup/startup_mk66f18.o
                0x0000aaa0                CAN1_Wake_Up_IRQHandler
 .text.EnableIRQ
                0x0000aaa8       0x2c ./source/CDK66_KC4D.o
 .text.GPIO_PinWrite
                0x0000aad4       0x3a ./source/CDK66_KC4D.o
 .text.GPIO_PortSet
                0x0000ab0e       0x1c ./source/CDK66_KC4D.o
 .text.GPIO_PortClear
                0x0000ab2a       0x1c ./source/CDK66_KC4D.o
 .text.GPIO_PortToggle
                0x0000ab46       0x1c ./source/CDK66_KC4D.o
 .text.GPIO_PinRead
                0x0000ab62       0x24 ./source/CDK66_KC4D.o
 .text.FTM_SetSoftwareTrigger
                0x0000ab86       0x38 ./source/CDK66_KC4D.o
 .text.UART_ReadByte
                0x0000abbe       0x1a ./source/CDK66_KC4D.o
 .text.PIT_EnableInterrupts
                0x0000abd8       0x3a ./source/CDK66_KC4D.o
 .text.PIT_ClearStatusFlags
                0x0000ac12       0x2a ./source/CDK66_KC4D.o
 .text.PIT_SetTimerPeriod
                0x0000ac3c       0x28 ./source/CDK66_KC4D.o
 .text.PIT_StartTimer
                0x0000ac64       0x38 ./source/CDK66_KC4D.o
 .text.RTC_StartTimer
                0x0000ac9c       0x20 ./source/CDK66_KC4D.o
 .text.RTC_StopTimer
                0x0000acbc       0x20 ./source/CDK66_KC4D.o
 .text.CCD_delay
                0x0000acdc       0x24 ./source/CDK66_KC4D.o
                0x0000acdc                CCD_delay
 .text.Draw_LinearView
                0x0000ad00       0xa8 ./source/CDK66_KC4D.o
                0x0000ad00                Draw_LinearView
 .text.HardFault_Handler
                0x0000ada8       0x2c ./source/semihost_hardfault.o
                0x0000ada8                HardFault_Handler
 .text.CLOCK_EnableClock
                0x0000add4       0x34 ./drivers/fsl_adc16.o
 .text.ADC16_DoAutoCalibration
                0x0000ae08      0x130 ./drivers/fsl_adc16.o
                0x0000ae08                ADC16_DoAutoCalibration
 .text.ADC16_SetChannelMuxMode
                0x0000af38       0x38 ./drivers/fsl_adc16.o
                0x0000af38                ADC16_SetChannelMuxMode
 .text.ADC16_SetHardwareAverage
                0x0000af70       0x3e ./drivers/fsl_adc16.o
                0x0000af70                ADC16_SetHardwareAverage
 .text.ADC16_GetStatusFlags
                0x0000afae       0x42 ./drivers/fsl_adc16.o
                0x0000afae                ADC16_GetStatusFlags
 .text.OSC_SetExtRefClkConfig
                0x0000aff0       0x40 ./drivers/fsl_clock.o
 .text.OSC_SetCapLoad
                0x0000b030       0x34 ./drivers/fsl_clock.o
 .text.CLOCK_GetPll0RefFreq
                0x0000b064        0xe ./drivers/fsl_clock.o
 .text.CLOCK_GetFixedFreqClkFreq
                0x0000b072       0x34 ./drivers/fsl_clock.o
                0x0000b072                CLOCK_GetFixedFreqClkFreq
 .text.CLOCK_EnableClock
                0x0000b0a6       0x34 ./drivers/fsl_dmamux.o
 .text.DSPI_IsMaster
                0x0000b0da       0x26 ./drivers/fsl_dspi.o
 .text.CLOCK_EnableClock
                0x0000b100       0x34 ./drivers/fsl_edma.o
 .text.CLOCK_EnableClock
                0x0000b134       0x34 ./drivers/fsl_ftm.o
 .text.FTM_SetDeadTimeEnable
                0x0000b168       0x52 ./drivers/fsl_ftm.o
 .text.FTM_SetComplementaryEnable
                0x0000b1ba       0x52 ./drivers/fsl_ftm.o
 .text.GPIO_PinWrite
                0x0000b20c       0x3a ./drivers/fsl_gpio.o
 .text.CLOCK_EnableClock
                0x0000b246       0x34 ./drivers/fsl_i2c.o
 .text.I2C_MasterClearStatusFlags
                0x0000b27a       0x5a ./drivers/fsl_i2c.o
 .text.I2C_CheckAndClearError
                0x0000b2d4       0x44 ./drivers/fsl_i2c.o
 .text.I2C_MasterStart
                0x0000b318       0x62 ./drivers/fsl_i2c.o
                0x0000b318                I2C_MasterStart
 .text.I2C_MasterRepeatedStart
                0x0000b37a       0x9a ./drivers/fsl_i2c.o
                0x0000b37a                I2C_MasterRepeatedStart
 .text.I2C_MasterStop
                0x0000b414       0x3a ./drivers/fsl_i2c.o
                0x0000b414                I2C_MasterStop
 .text.I2C_MasterGetStatusFlags
                0x0000b44e       0x4a ./drivers/fsl_i2c.o
                0x0000b44e                I2C_MasterGetStatusFlags
 .text.I2C_MasterWriteBlocking
                0x0000b498       0xdc ./drivers/fsl_i2c.o
                0x0000b498                I2C_MasterWriteBlocking
 .text.I2C_MasterReadBlocking
                0x0000b574       0xdc ./drivers/fsl_i2c.o
                0x0000b574                I2C_MasterReadBlocking
 .text.CLOCK_EnableClock
                0x0000b650       0x34 ./drivers/fsl_pit.o
 .text.CLOCK_EnableClock
                0x0000b684       0x34 ./drivers/fsl_rtc.o
 .text.RTC_Reset
                0x0000b6b8       0x32 ./drivers/fsl_rtc.o
 .text.RTC_GetStatusFlags
                0x0000b6ea       0x6a ./drivers/fsl_rtc.o
                0x0000b6ea                RTC_GetStatusFlags
 .text.SMC_SetPowerModeHsrun
                0x0000b754       0x32 ./drivers/fsl_smc.o
                0x0000b754                SMC_SetPowerModeHsrun
 .text.CLOCK_EnableClock
                0x0000b786       0x34 ./drivers/fsl_uart.o
 .text.UART_GetStatusFlags
                0x0000b7ba       0x48 ./drivers/fsl_uart.o
                0x0000b7ba                UART_GetStatusFlags
 .text.UART_WriteBlocking
                0x0000b802       0x50 ./drivers/fsl_uart.o
                0x0000b802                UART_WriteBlocking
 .text.UART1_RX_TX_DriverIRQHandler
                0x0000b852       0x12 ./drivers/fsl_uart.o
                0x0000b852                UART1_RX_TX_DriverIRQHandler
 .text.UART2_RX_TX_DriverIRQHandler
                0x0000b864       0x12 ./drivers/fsl_uart.o
                0x0000b864                UART2_RX_TX_DriverIRQHandler
 .text.UART3_RX_TX_DriverIRQHandler
                0x0000b876       0x12 ./drivers/fsl_uart.o
                0x0000b876                UART3_RX_TX_DriverIRQHandler
 .text.UART4_RX_TX_DriverIRQHandler
                0x0000b888       0x12 ./drivers/fsl_uart.o
                0x0000b888                UART4_RX_TX_DriverIRQHandler
 .text.SystemInitHook
                0x0000b89a        0xe ./device/system_MK66F18.o
                0x0000b89a                SystemInitHook
 .text.RTC_SetClockSource
                0x0000b8a8       0x20 ./board/board.o
 .text.delay    0x0000b8c8       0x26 ./board/board.o
                0x0000b8c8                delay
 .text.delay_short
                0x0000b8ee       0x26 ./board/board.o
                0x0000b8ee                delay_short
 .text.InverseByteBits
                0x0000b914       0x70 ./board/board.o
                0x0000b914                InverseByteBits
 .text.CLOCK_EnableClock
                0x0000b984       0x34 ./board/clock_config.o
 .text.CLOCK_DisableClock
                0x0000b9b8       0x38 ./board/clock_config.o
 .text.SMC_SetPowerModeProtection
                0x0000b9f0       0x1e ./board/clock_config.o
 .text.SMC_GetPowerModeState
                0x0000ba0e       0x1a ./board/clock_config.o
 .text.RTC_SetOscCapLoad
                0x0000ba28       0x32 ./board/clock_config.o
 .text.BOARD_InitBootClocks
                0x0000ba5a        0xc ./board/clock_config.o
                0x0000ba5a                BOARD_InitBootClocks
 .text.EnableIRQ
                0x0000ba66       0x2c ./board/peripherals.o
 .text.ADC16_EnableHardwareTrigger
                0x0000ba92       0x38 ./board/peripherals.o
 .text.FTM_StartTimer
                0x0000baca       0x3a ./board/peripherals.o
 .text.GPIOB_init
                0x0000bb04       0x16 ./board/peripherals.o
 .text.BOARD_InitBootPeripherals
                0x0000bb1a        0xc ./board/peripherals.o
                0x0000bb1a                BOARD_InitBootPeripherals
 .text.CLOCK_EnableClock
                0x0000bb26       0x34 ./board/pin_mux.o
 .text.PORT_SetPinMux
                0x0000bb5a       0x3a ./board/pin_mux.o
 .text.PORT_SetPinInterruptConfig
                0x0000bb94       0x3a ./board/pin_mux.o
 .text.BOARD_InitBootPins
                0x0000bbce        0xc ./board/pin_mux.o
                0x0000bbce                BOARD_InitBootPins
 .text.PORT_SetPinMux
                0x0000bbda       0x3a ./CDK66/CDK66_MT9V034.o
 .text.GPIO_PinWrite
                0x0000bc14       0x3a ./CDK66/CDK66_MT9V034.o
 .text.GPIO_PinRead
                0x0000bc4e       0x24 ./CDK66/CDK66_MT9V034.o
 .text.MT9V034_SetFrameResolution
                0x0000bc72       0xb6 ./CDK66/CDK66_MT9V034.o
 .text.MT9V034_SetAutoExposure
                0x0000bd28       0x8e ./CDK66/CDK66_MT9V034.o
                0x0000bd28                MT9V034_SetAutoExposure
 .text.MT9V034_Default_Settings
                0x0000bdb6      0x45e ./CDK66/CDK66_MT9V034.o
                0x0000bdb6                MT9V034_Default_Settings
 .text.MTV_IICWriteReg16
                0x0000c214       0x24 ./CDK66/CDK66_MT9V034.o
                0x0000c214                MTV_IICWriteReg16
 .text.SCCB_Wait
                0x0000c238       0x2c ./CDK66/CDK66_MT9V034.o
                0x0000c238                SCCB_Wait
 .text.SCCB_RegWrite
                0x0000c264       0x94 ./CDK66/CDK66_MT9V034.o
                0x0000c264                SCCB_RegWrite
 .text.SCCB_RegRead
                0x0000c2f8       0xa0 ./CDK66/CDK66_MT9V034.o
                0x0000c2f8                SCCB_RegRead
 .text.GPIO_PortSet
                0x0000c398       0x1c ./CDK66/CDK66_OLED.o
 .text.GPIO_PortClear
                0x0000c3b4       0x1c ./CDK66/CDK66_OLED.o
 .text.OLED_Delay_ms
                0x0000c3d0       0x58 ./CDK66/CDK66_OLED.o
                0x0000c3d0                OLED_Delay_ms
 .text.OLED_Set_Pos
                0x0000c428       0x44 ./CDK66/CDK66_OLED.o
                0x0000c428                OLED_Set_Pos
 .text.OLED_Fill
                0x0000c46c       0x5a ./CDK66/CDK66_OLED.o
                0x0000c46c                OLED_Fill
 .text.__main   0x0000c4c6        0xe e:/nxp/mcuxpressoide_11.3.0_5222/ide/plugins/com.nxp.mcuxpresso.tools.win32_11.3.0.202008311133/tools/bin/../lib/gcc/arm-none-eabi/9.3.1/../../../../arm-none-eabi/lib/thumb/v7e-m+fp/hard\libcr_semihost_nf.a(_cr__main.o)
                0x0000c4c6                __CR_SEMIHOST
                0x0000c4c6                __main
 .text.memset   0x0000c4d4        0x4 e:/nxp/mcuxpressoide_11.3.0_5222/ide/plugins/com.nxp.mcuxpresso.tools.win32_11.3.0.202008311133/tools/bin/../lib/gcc/arm-none-eabi/9.3.1/../../../../arm-none-eabi/lib/thumb/v7e-m+fp/hard\libcr_c.a(memset.o)
                0x0000c4d4                memset
 .text._deferredlazyseek
                0x0000c4d8       0x40 e:/nxp/mcuxpressoide_11.3.0_5222/ide/plugins/com.nxp.mcuxpresso.tools.win32_11.3.0.202008311133/tools/bin/../lib/gcc/arm-none-eabi/9.3.1/../../../../arm-none-eabi/lib/thumb/v7e-m+fp/hard\libcr_c.a(_deferredlazyseek.o)
                0x0000c4d8                _deferredlazyseek
 .text.__flsbuf
                0x0000c518      0x140 e:/nxp/mcuxpressoide_11.3.0_5222/ide/plugins/com.nxp.mcuxpresso.tools.win32_11.3.0.202008311133/tools/bin/../lib/gcc/arm-none-eabi/9.3.1/../../../../arm-none-eabi/lib/thumb/v7e-m+fp/hard\libcr_c.a(_deferredlazyseek.o)
                0x0000c518                __flsbuf
 .text._fflush  0x0000c658       0x52 e:/nxp/mcuxpressoide_11.3.0_5222/ide/plugins/com.nxp.mcuxpresso.tools.win32_11.3.0.202008311133/tools/bin/../lib/gcc/arm-none-eabi/9.3.1/../../../../arm-none-eabi/lib/thumb/v7e-m+fp/hard\libcr_c.a(_fflush.o)
                0x0000c658                _fflush
 .text.free     0x0000c6aa       0x30 e:/nxp/mcuxpressoide_11.3.0_5222/ide/plugins/com.nxp.mcuxpresso.tools.win32_11.3.0.202008311133/tools/bin/../lib/gcc/arm-none-eabi/9.3.1/../../../../arm-none-eabi/lib/thumb/v7e-m+fp/hard\libcr_c.a(alloc.o)
                0x0000c6aa                free
 .text.fabs     0x0000c6da       0x22 e:/nxp/mcuxpressoide_11.3.0_5222/ide/plugins/com.nxp.mcuxpresso.tools.win32_11.3.0.202008311133/tools/bin/../lib/gcc/arm-none-eabi/9.3.1/../../../../arm-none-eabi/lib/thumb/v7e-m+fp/hard\libcr_c.a(fabs.o)
                0x0000c6da                fabs
 .text.fp_round
                0x0000c6fc       0x4e e:/nxp/mcuxpressoide_11.3.0_5222/ide/plugins/com.nxp.mcuxpresso.tools.win32_11.3.0.202008311133/tools/bin/../lib/gcc/arm-none-eabi/9.3.1/../../../../arm-none-eabi/lib/thumb/v7e-m+fp/hard\libcr_c.a(fpprintf.o)
 .text.pr_dec.constprop.0
                0x0000c74a       0x26 e:/nxp/mcuxpressoide_11.3.0_5222/ide/plugins/com.nxp.mcuxpresso.tools.win32_11.3.0.202008311133/tools/bin/../lib/gcc/arm-none-eabi/9.3.1/../../../../arm-none-eabi/lib/thumb/v7e-m+fp/hard\libcr_c.a(fpprintf.o)
 .text.fputs    0x0000c770       0x2c e:/nxp/mcuxpressoide_11.3.0_5222/ide/plugins/com.nxp.mcuxpresso.tools.win32_11.3.0.202008311133/tools/bin/../lib/gcc/arm-none-eabi/9.3.1/../../../../arm-none-eabi/lib/thumb/v7e-m+fp/hard\libcr_c.a(fputs.o)
                0x0000c770                fputs
 .text.sscanf   0x0000c79c       0x3e e:/nxp/mcuxpressoide_11.3.0_5222/ide/plugins/com.nxp.mcuxpresso.tools.win32_11.3.0.202008311133/tools/bin/../lib/gcc/arm-none-eabi/9.3.1/../../../../arm-none-eabi/lib/thumb/v7e-m+fp/hard\libcr_c.a(scanf.o)
                0x0000c79c                sscanf
 .text.setvbuf  0x0000c7da       0x3e e:/nxp/mcuxpressoide_11.3.0_5222/ide/plugins/com.nxp.mcuxpresso.tools.win32_11.3.0.202008311133/tools/bin/../lib/gcc/arm-none-eabi/9.3.1/../../../../arm-none-eabi/lib/thumb/v7e-m+fp/hard\libcr_c.a(setvbuf.o)
                0x0000c7da                setvbuf
 .text.abs      0x0000c818        0x8 e:/nxp/mcuxpressoide_11.3.0_5222/ide/plugins/com.nxp.mcuxpresso.tools.win32_11.3.0.202008311133/tools/bin/../lib/gcc/arm-none-eabi/9.3.1/../../../../arm-none-eabi/lib/thumb/v7e-m+fp/hard\libcr_c.a(stdlib.o)
                0x0000c818                abs
 .text.strlen   0x0000c820       0x4c e:/nxp/mcuxpressoide_11.3.0_5222/ide/plugins/com.nxp.mcuxpresso.tools.win32_11.3.0.202008311133/tools/bin/../lib/gcc/arm-none-eabi/9.3.1/../../../../arm-none-eabi/lib/thumb/v7e-m+fp/hard\libcr_c.a(strlen.o)
                0x0000c820                strlen
 .text.ungetc   0x0000c86c       0x32 e:/nxp/mcuxpressoide_11.3.0_5222/ide/plugins/com.nxp.mcuxpresso.tools.win32_11.3.0.202008311133/tools/bin/../lib/gcc/arm-none-eabi/9.3.1/../../../../arm-none-eabi/lib/thumb/v7e-m+fp/hard\libcr_c.a(ungetc.o)
                0x0000c86c                ungetc
 .text._Csys_read_
                0x0000c89e       0x22 e:/nxp/mcuxpressoide_11.3.0_5222/ide/plugins/com.nxp.mcuxpresso.tools.win32_11.3.0.202008311133/tools/bin/../lib/gcc/arm-none-eabi/9.3.1/../../../../arm-none-eabi/lib/thumb/v7e-m+fp/hard\libcr_c.a(__fillbuf.o)
                0x0000c89e                _Csys_read_
 .text._fdopen  0x0000c8c0       0x68 e:/nxp/mcuxpressoide_11.3.0_5222/ide/plugins/com.nxp.mcuxpresso.tools.win32_11.3.0.202008311133/tools/bin/../lib/gcc/arm-none-eabi/9.3.1/../../../../arm-none-eabi/lib/thumb/v7e-m+fp/hard\libcr_c.a(_fdopen.o)
                0x0000c8c0                _fdopen
 .text.fclose   0x0000c928       0x58 e:/nxp/mcuxpressoide_11.3.0_5222/ide/plugins/com.nxp.mcuxpresso.tools.win32_11.3.0.202008311133/tools/bin/../lib/gcc/arm-none-eabi/9.3.1/../../../../arm-none-eabi/lib/thumb/v7e-m+fp/hard\libcr_c.a(fclose.o)
                0x0000c928                fclose
 .text.remove   0x0000c980       0x14 e:/nxp/mcuxpressoide_11.3.0_5222/ide/plugins/com.nxp.mcuxpresso.tools.win32_11.3.0.202008311133/tools/bin/../lib/gcc/arm-none-eabi/9.3.1/../../../../arm-none-eabi/lib/thumb/v7e-m+fp/hard\libcr_c.a(remove.o)
                0x0000c980                remove
 .text._do_fflush
                0x0000c994       0x40 e:/nxp/mcuxpressoide_11.3.0_5222/ide/plugins/com.nxp.mcuxpresso.tools.win32_11.3.0.202008311133/tools/bin/../lib/gcc/arm-none-eabi/9.3.1/../../../../arm-none-eabi/lib/thumb/v7e-m+fp/hard\libcr_c.a(_do_fflush.o)
                0x0000c994                _do_fflush
 .text.__aeabi_division_uldivmod
                0x0000c9d4      0x174 e:/nxp/mcuxpressoide_11.3.0_5222/ide/plugins/com.nxp.mcuxpresso.tools.win32_11.3.0.202008311133/tools/bin/../lib/gcc/arm-none-eabi/9.3.1/thumb/v7e-m+fp/hard\libcr_eabihelpers.a(division_64.o)
                0x0000c9d4                __aeabi_uldivmod
                0x0000c9d8                __bhs_ldivmod1
 .text.__aeabi_division_idiv0
                0x0000cb48        0x2 e:/nxp/mcuxpressoide_11.3.0_5222/ide/plugins/com.nxp.mcuxpresso.tools.win32_11.3.0.202008311133/tools/bin/../lib/gcc/arm-none-eabi/9.3.1/thumb/v7e-m+fp/hard\libcr_eabihelpers.a(division_idiv0.o)
                0x0000cb48                __aeabi_idiv0
 .text.__aeabi_d2iz
                0x0000cb4a       0x40 e:/nxp/mcuxpressoide_11.3.0_5222/ide/plugins/com.nxp.mcuxpresso.tools.win32_11.3.0.202008311133/tools/bin/../lib/gcc/arm-none-eabi/9.3.1/thumb/v7e-m+fp/hard\libcr_eabihelpers.a(double.o)
                0x0000cb4a                __aeabi_d2iz
 .text.__aeabi_d2uiz
                0x0000cb8a       0x30 e:/nxp/mcuxpressoide_11.3.0_5222/ide/plugins/com.nxp.mcuxpresso.tools.win32_11.3.0.202008311133/tools/bin/../lib/gcc/arm-none-eabi/9.3.1/thumb/v7e-m+fp/hard\libcr_eabihelpers.a(double.o)
                0x0000cb8a                __aeabi_d2uiz
 .text.__bhs_ui2d
                0x0000cbba       0x46 e:/nxp/mcuxpressoide_11.3.0_5222/ide/plugins/com.nxp.mcuxpresso.tools.win32_11.3.0.202008311133/tools/bin/../lib/gcc/arm-none-eabi/9.3.1/thumb/v7e-m+fp/hard\libcr_eabihelpers.a(double.o)
                0x0000cbba                __bhs_ui2d
 .text.__aeabi_i2d
                0x0000cc00       0x12 e:/nxp/mcuxpressoide_11.3.0_5222/ide/plugins/com.nxp.mcuxpresso.tools.win32_11.3.0.202008311133/tools/bin/../lib/gcc/arm-none-eabi/9.3.1/thumb/v7e-m+fp/hard\libcr_eabihelpers.a(double.o)
                0x0000cc00                __aeabi_i2d
 .text.__aeabi_ui2d
                0x0000cc12        0x8 e:/nxp/mcuxpressoide_11.3.0_5222/ide/plugins/com.nxp.mcuxpresso.tools.win32_11.3.0.202008311133/tools/bin/../lib/gcc/arm-none-eabi/9.3.1/thumb/v7e-m+fp/hard\libcr_eabihelpers.a(double.o)
                0x0000cc12                __aeabi_ui2d
 .text.__aeabi_dcmpeq
                0x0000cc1a       0x30 e:/nxp/mcuxpressoide_11.3.0_5222/ide/plugins/com.nxp.mcuxpresso.tools.win32_11.3.0.202008311133/tools/bin/../lib/gcc/arm-none-eabi/9.3.1/thumb/v7e-m+fp/hard\libcr_eabihelpers.a(double.o)
                0x0000cc1a                __aeabi_dcmpeq
 .text.__aeabi_dcmplt
                0x0000cc4a       0x56 e:/nxp/mcuxpressoide_11.3.0_5222/ide/plugins/com.nxp.mcuxpresso.tools.win32_11.3.0.202008311133/tools/bin/../lib/gcc/arm-none-eabi/9.3.1/thumb/v7e-m+fp/hard\libcr_eabihelpers.a(double.o)
                0x0000cc4a                __aeabi_dcmplt
 .text.__aeabi_dcmpgt
                0x0000cca0       0x56 e:/nxp/mcuxpressoide_11.3.0_5222/ide/plugins/com.nxp.mcuxpresso.tools.win32_11.3.0.202008311133/tools/bin/../lib/gcc/arm-none-eabi/9.3.1/thumb/v7e-m+fp/hard\libcr_eabihelpers.a(double.o)
                0x0000cca0                __aeabi_dcmpgt
 .text.__aeabi_dcmple
                0x0000ccf6       0x56 e:/nxp/mcuxpressoide_11.3.0_5222/ide/plugins/com.nxp.mcuxpresso.tools.win32_11.3.0.202008311133/tools/bin/../lib/gcc/arm-none-eabi/9.3.1/thumb/v7e-m+fp/hard\libcr_eabihelpers.a(double.o)
                0x0000ccf6                __aeabi_dcmple
 .text.__aeabi_dcmpge
                0x0000cd4c       0x5c e:/nxp/mcuxpressoide_11.3.0_5222/ide/plugins/com.nxp.mcuxpresso.tools.win32_11.3.0.202008311133/tools/bin/../lib/gcc/arm-none-eabi/9.3.1/thumb/v7e-m+fp/hard\libcr_eabihelpers.a(double.o)
                0x0000cd4c                __aeabi_dcmpge
 .text.__aeabi_memset_lowlevel
                0x0000cda8       0x32 e:/nxp/mcuxpressoide_11.3.0_5222/ide/plugins/com.nxp.mcuxpresso.tools.win32_11.3.0.202008311133/tools/bin/../lib/gcc/arm-none-eabi/9.3.1/thumb/v7e-m+fp/hard\libcr_eabihelpers.a(memcpy.o)
                0x0000cda8                __aeabi_lowlevel_memset
 .text.__sys_close
                0x0000cdda        0xc e:/nxp/mcuxpressoide_11.3.0_5222/ide/plugins/com.nxp.mcuxpresso.tools.win32_11.3.0.202008311133/tools/bin/../lib/gcc/arm-none-eabi/9.3.1/../../../../arm-none-eabi/lib/thumb/v7e-m+fp/hard\libcr_semihost_nf.a(__sys_close.o)
                0x0000cdda                __sys_close
 .text.__sys_flen
                0x0000cde6        0xc e:/nxp/mcuxpressoide_11.3.0_5222/ide/plugins/com.nxp.mcuxpresso.tools.win32_11.3.0.202008311133/tools/bin/../lib/gcc/arm-none-eabi/9.3.1/../../../../arm-none-eabi/lib/thumb/v7e-m+fp/hard\libcr_semihost_nf.a(__sys_flen.o)
                0x0000cde6                __sys_flen
 .text.__sys_istty
                0x0000cdf2        0xc e:/nxp/mcuxpressoide_11.3.0_5222/ide/plugins/com.nxp.mcuxpresso.tools.win32_11.3.0.202008311133/tools/bin/../lib/gcc/arm-none-eabi/9.3.1/../../../../arm-none-eabi/lib/thumb/v7e-m+fp/hard\libcr_semihost_nf.a(__sys_istty.o)
                0x0000cdf2                __sys_istty
 .text.__sys_read
                0x0000cdfe        0xc e:/nxp/mcuxpressoide_11.3.0_5222/ide/plugins/com.nxp.mcuxpresso.tools.win32_11.3.0.202008311133/tools/bin/../lib/gcc/arm-none-eabi/9.3.1/../../../../arm-none-eabi/lib/thumb/v7e-m+fp/hard\libcr_semihost_nf.a(__sys_read.o)
                0x0000cdfe                __sys_read
 .text.__sys_readc
                0x0000ce0a        0x8 e:/nxp/mcuxpressoide_11.3.0_5222/ide/plugins/com.nxp.mcuxpresso.tools.win32_11.3.0.202008311133/tools/bin/../lib/gcc/arm-none-eabi/9.3.1/../../../../arm-none-eabi/lib/thumb/v7e-m+fp/hard\libcr_semihost_nf.a(__sys_readc.o)
                0x0000ce0a                __sys_readc
                0x0000ce0a                __readc
 .text.__sys_remove
                0x0000ce12        0xc e:/nxp/mcuxpressoide_11.3.0_5222/ide/plugins/com.nxp.mcuxpresso.tools.win32_11.3.0.202008311133/tools/bin/../lib/gcc/arm-none-eabi/9.3.1/../../../../arm-none-eabi/lib/thumb/v7e-m+fp/hard\libcr_semihost_nf.a(__sys_remove.o)
                0x0000ce12                __sys_remove
 .text.__sys_seek
                0x0000ce1e        0xc e:/nxp/mcuxpressoide_11.3.0_5222/ide/plugins/com.nxp.mcuxpresso.tools.win32_11.3.0.202008311133/tools/bin/../lib/gcc/arm-none-eabi/9.3.1/../../../../arm-none-eabi/lib/thumb/v7e-m+fp/hard\libcr_semihost_nf.a(__sys_seek.o)
                0x0000ce1e                __sys_seek
 .text.__sys_tmpnam
                0x0000ce2a        0xc e:/nxp/mcuxpressoide_11.3.0_5222/ide/plugins/com.nxp.mcuxpresso.tools.win32_11.3.0.202008311133/tools/bin/../lib/gcc/arm-none-eabi/9.3.1/../../../../arm-none-eabi/lib/thumb/v7e-m+fp/hard\libcr_semihost_nf.a(__sys_tmpnam.o)
                0x0000ce2a                __sys_tmpnam
 .text.__sys_write
                0x0000ce36        0xc e:/nxp/mcuxpressoide_11.3.0_5222/ide/plugins/com.nxp.mcuxpresso.tools.win32_11.3.0.202008311133/tools/bin/../lib/gcc/arm-none-eabi/9.3.1/../../../../arm-none-eabi/lib/thumb/v7e-m+fp/hard\libcr_semihost_nf.a(__sys_write.o)
                0x0000ce36                __sys_write
 *(SORT_BY_ALIGNMENT(.rodata) SORT_BY_ALIGNMENT(.rodata.*) SORT_BY_ALIGNMENT(.constdata) SORT_BY_ALIGNMENT(.constdata.*))
 *fill*         0x0000ce42        0x6 ff
 .rodata.a1.5322
                0x0000ce48       0x88 e:/nxp/mcuxpressoide_11.3.0_5222/ide/plugins/com.nxp.mcuxpresso.tools.win32_11.3.0.202008311133/tools/bin/../lib/gcc/arm-none-eabi/9.3.1/../../../../arm-none-eabi/lib/thumb/v7e-m+fp/hard\libcr_c.a(pow.o)
 .rodata.a2.5323
                0x0000ced0       0x40 e:/nxp/mcuxpressoide_11.3.0_5222/ide/plugins/com.nxp.mcuxpresso.tools.win32_11.3.0.202008311133/tools/bin/../lib/gcc/arm-none-eabi/9.3.1/../../../../arm-none-eabi/lib/thumb/v7e-m+fp/hard\libcr_c.a(pow.o)
 .rodata.ADC16_GetChannelConversionValue.str1.4
                0x0000cf10       0x81 ./source/CDK66_KC4D.o
 *fill*         0x0000cf91        0x3 ff
 .rodata.PIT_GetDefaultConfig.str1.4
                0x0000cf94       0x4a ./source/CDK66_KC4D.o
 *fill*         0x0000cfde        0x2 ff
 .rodata.PcCmdProcess.str1.4
                0x0000cfe0       0x7b ./source/CDK66_KC4D.o
 .rodata.Get_01_Value.str1.4
                0x0000d05b       0x7b ./source/CDK66_KC4D.o
                                  0x5 (size before relaxing)
 *fill*         0x0000d05b        0x1 ff
 .rodata.FindMidLine.str1.4
                0x0000d05c        0xe ./source/CDK66_KC4D.o
 *fill*         0x0000d06a        0x2 ff
 .rodata.main.str1.4
                0x0000d06c      0x1b1 ./source/CDK66_KC4D.o
 *fill*         0x0000d21d        0x3 ff
 .rodata.s_adc16Bases
                0x0000d220        0x8 ./drivers/fsl_adc16.o
 .rodata.s_adc16Clocks
                0x0000d228        0x8 ./drivers/fsl_adc16.o
 .rodata.ADC16_GetInstance.str1.4
                0x0000d230       0x36 ./drivers/fsl_adc16.o
 *fill*         0x0000d266        0x2 ff
 .rodata.ADC16_Init.str1.4
                0x0000d268       0x21 ./drivers/fsl_adc16.o
 *fill*         0x0000d289        0x3 ff
 .rodata.ADC16_SetChannelConfig.str1.4
                0x0000d28c       0x52 ./drivers/fsl_adc16.o
 *fill*         0x0000d2de        0x2 ff
 .rodata.ADC16_GetChannelStatusFlags.str1.4
                0x0000d2e0       0x30 ./drivers/fsl_adc16.o
 .rodata.CLOCK_GetMcgExtClkFreq.str1.4
                0x0000d310       0x4e ./drivers/fsl_clock.o
 *fill*         0x0000d35e        0x2 ff
 .rodata.CLOCK_GetOsc0ErClkUndivFreq.str1.4
                0x0000d360       0x1f ./drivers/fsl_clock.o
 *fill*         0x0000d37f        0x1 ff
 .rodata.CLOCK_GetOsc0ErClkDivFreq.str1.4
                0x0000d380       0x1f ./drivers/fsl_clock.o
 *fill*         0x0000d39f        0x1 ff
 .rodata.CLOCK_GetEr32kClkFreq.str1.4
                0x0000d3a0       0x20 ./drivers/fsl_clock.o
 .rodata.CLOCK_GetPll0Freq.str1.4
                0x0000d3c0       0x1e ./drivers/fsl_clock.o
 *fill*         0x0000d3de        0x2 ff
 .rodata.CLOCK_EnablePll0.str1.4
                0x0000d3e0       0x1b ./drivers/fsl_clock.o
 *fill*         0x0000d3fb        0x1 ff
 .rodata.CLOCK_SetPbeMode.str1.4
                0x0000d3fc       0x1b ./drivers/fsl_clock.o
 *fill*         0x0000d417        0x1 ff
 .rodata.CLOCK_BootToPeeMode.str1.4
                0x0000d418       0x1b ./drivers/fsl_clock.o
 *fill*         0x0000d433        0x1 ff
 .rodata.fllFactorTable.8351
                0x0000d434       0x10 ./drivers/fsl_clock.o
 .rodata.DMAMUX_GetInstance.str1.4
                0x0000d444       0x38 ./drivers/fsl_dmamux.o
 .rodata.SPI0_DriverIRQHandler.str1.4
                0x0000d47c       0x2b ./drivers/fsl_dspi.o
 *fill*         0x0000d4a7        0x1 ff
 .rodata.SPI1_DriverIRQHandler.str1.4
                0x0000d4a8       0x2b ./drivers/fsl_dspi.o
 *fill*         0x0000d4d3        0x1 ff
 .rodata.SPI2_DriverIRQHandler.str1.4
                0x0000d4d4       0x2b ./drivers/fsl_dspi.o
 *fill*         0x0000d4ff        0x1 ff
 .rodata.EDMA_GetInstance.str1.4
                0x0000d500       0x34 ./drivers/fsl_edma.o
 .rodata.EDMA_Init.str1.4
                0x0000d534       0x21 ./drivers/fsl_edma.o
 *fill*         0x0000d555        0x3 ff
 .rodata.EDMA_ResetChannel.str1.4
                0x0000d558       0x46 ./drivers/fsl_edma.o
 *fill*         0x0000d59e        0x2 ff
 .rodata.EDMA_SetTransferConfig.str1.4
                0x0000d5a0       0xa0 ./drivers/fsl_edma.o
 .rodata.EDMA_SetChannelPreemptionConfig.str1.4
                0x0000d640       0x69 ./drivers/fsl_edma.o
 *fill*         0x0000d6a9        0x3 ff
 .rodata.EDMA_SetBandWidth.str1.4
                0x0000d6ac       0x46 ./drivers/fsl_edma.o
 *fill*         0x0000d6f2        0x2 ff
 .rodata.EDMA_TcdReset.str1.4
                0x0000d6f4       0x50 ./drivers/fsl_edma.o
 .rodata.EDMA_TcdSetTransferConfig.str1.4
                0x0000d744      0x159 ./drivers/fsl_edma.o
 *fill*         0x0000d89d        0x3 ff
 .rodata.EDMA_GetChannelStatusFlags.str1.4
                0x0000d8a0       0x46 ./drivers/fsl_edma.o
 *fill*         0x0000d8e6        0x2 ff
 .rodata.EDMA_HandleIRQ.str1.4
                0x0000d8e8       0x22 ./drivers/fsl_edma.o
 *fill*         0x0000d90a        0x2 ff
 .rodata.CAN0_DriverIRQHandler.str1.4
                0x0000d90c       0x31 ./drivers/fsl_flexcan.o
 *fill*         0x0000d93d        0x3 ff
 .rodata.CAN1_DriverIRQHandler.str1.4
                0x0000d940       0x31 ./drivers/fsl_flexcan.o
 *fill*         0x0000d971        0x3 ff
 .rodata.s_ftmBases
                0x0000d974       0x10 ./drivers/fsl_ftm.o
 .rodata.s_ftmClocks
                0x0000d984       0x10 ./drivers/fsl_ftm.o
 .rodata.FTM_GetInstance.str1.4
                0x0000d994       0x29 ./drivers/fsl_ftm.o
 *fill*         0x0000d9bd        0x3 ff
 .rodata.FTM_SetPwmSync.str1.4
                0x0000d9c0       0x3b ./drivers/fsl_ftm.o
 *fill*         0x0000d9fb        0x1 ff
 .rodata.FTM_SetReloadPoints.str1.4
                0x0000d9fc       0x21 ./drivers/fsl_ftm.o
 *fill*         0x0000da1d        0x3 ff
 .rodata.FTM_Init.str1.4
                0x0000da20       0x18 ./drivers/fsl_ftm.o
 .rodata.FTM_SetupPwm.str1.4
                0x0000da38       0xcc ./drivers/fsl_ftm.o
 .rodata.s_portBases
                0x0000db04       0x14 ./drivers/fsl_gpio.o
 .rodata.s_gpioBases
                0x0000db18       0x14 ./drivers/fsl_gpio.o
 .rodata.GPIO_GetInstance.str1.4
                0x0000db2c       0x34 ./drivers/fsl_gpio.o
 .rodata.GPIO_PinInit.str1.4
                0x0000db60       0x21 ./drivers/fsl_gpio.o
 *fill*         0x0000db81        0x3 ff
 .rodata.s_i2cDividerTable
                0x0000db84       0x80 ./drivers/fsl_i2c.o
 .rodata.s_i2cClocks
                0x0000dc04       0x10 ./drivers/fsl_i2c.o
 .rodata.s_i2cBases
                0x0000dc14       0x10 ./drivers/fsl_i2c.o
 .rodata.I2C_GetInstance.str1.4
                0x0000dc24       0x33 ./drivers/fsl_i2c.o
 *fill*         0x0000dc57        0x1 ff
 .rodata.I2C_MasterInit.str1.4
                0x0000dc58       0x4b ./drivers/fsl_i2c.o
 *fill*         0x0000dca3        0x1 ff
 .rodata.I2C_MasterGetDefaultConfig.str1.4
                0x0000dca4       0x26 ./drivers/fsl_i2c.o
 *fill*         0x0000dcca        0x2 ff
 .rodata.I2C_MasterTransferBlocking.str1.4
                0x0000dccc       0x1f ./drivers/fsl_i2c.o
 *fill*         0x0000dceb        0x1 ff
 .rodata.PIT_GetInstance.str1.4
                0x0000dcec       0x32 ./drivers/fsl_pit.o
 *fill*         0x0000dd1e        0x2 ff
 .rodata.PIT_Init.str1.4
                0x0000dd20       0x1f ./drivers/fsl_pit.o
 *fill*         0x0000dd3f        0x1 ff
 .rodata.RTC_CheckDatetimeFormat.str1.4
                0x0000dd40       0x21 ./drivers/fsl_rtc.o
 *fill*         0x0000dd61        0x3 ff
 .rodata        0x0000dd64       0x2a ./drivers/fsl_rtc.o
 *fill*         0x0000dd8e        0x2 ff
 .rodata.RTC_ConvertDatetimeToSeconds.str1.4
                0x0000dd90       0x21 ./drivers/fsl_rtc.o
 *fill*         0x0000ddb1        0x3 ff
 .rodata.RTC_ConvertSecondsToDatetime.str1.4
                0x0000ddb4       0x22 ./drivers/fsl_rtc.o
 *fill*         0x0000ddd6        0x2 ff
 .rodata.RTC_Init.str1.4
                0x0000ddd8       0x20 ./drivers/fsl_rtc.o
 .rodata.RTC_GetDefaultConfig.str1.4
                0x0000ddf8       0x20 ./drivers/fsl_rtc.o
 .rodata.RTC_SetDatetime.str1.4
                0x0000de18       0x22 ./drivers/fsl_rtc.o
 *fill*         0x0000de3a        0x2 ff
 .rodata.RTC_GetDatetime.str1.4
                0x0000de3c       0x22 ./drivers/fsl_rtc.o
 *fill*         0x0000de5e        0x2 ff
 .rodata.I2S0_Tx_DriverIRQHandler.str1.4
                0x0000de60       0x2c ./drivers/fsl_sai.o
 .rodata.I2S0_Rx_DriverIRQHandler.str1.4
                0x0000de8c       0x2c ./drivers/fsl_sai.o
 .rodata.SDHC_DriverIRQHandler.str1.4
                0x0000deb8       0x2b ./drivers/fsl_sdhc.o
 *fill*         0x0000dee3        0x1 ff
 .rodata.s_uartBases
                0x0000dee4       0x14 ./drivers/fsl_uart.o
 .rodata.s_uartClock
                0x0000def8       0x14 ./drivers/fsl_uart.o
 .rodata.UART_GetInstance.str1.4
                0x0000df0c       0x2c ./drivers/fsl_uart.o
 .rodata.UART_Init.str1.4
                0x0000df38       0xf4 ./drivers/fsl_uart.o
 .rodata.mcgConfig_BOARD_BootClockRUN
                0x0000e02c        0xc ./board/clock_config.o
                0x0000e02c                mcgConfig_BOARD_BootClockRUN
 .rodata.simConfig_BOARD_BootClockRUN
                0x0000e038        0x8 ./board/clock_config.o
                0x0000e038                simConfig_BOARD_BootClockRUN
 .rodata.oscConfig_BOARD_BootClockRUN
                0x0000e040        0x8 ./board/clock_config.o
                0x0000e040                oscConfig_BOARD_BootClockRUN
 .rodata.EDMA_EnableAutoStopRequest.str1.4
                0x0000e048       0x72 ./board/peripherals.o
 *fill*         0x0000e0ba        0x2 ff
 .rodata.EDMA_EnableChannelRequest.str1.4
                0x0000e0bc       0x72 ./board/peripherals.o
 *fill*         0x0000e12e        0x2 ff
 .rodata.DMAMUX_EnableChannel.str1.4
                0x0000e130       0x73 ./board/peripherals.o
 *fill*         0x0000e1a3        0x1 ff
 .rodata.DMAMUX_SetSource.str1.4
                0x0000e1a4       0x74 ./board/peripherals.o
 .rodata.DMA_config
                0x0000e218        0x4 ./board/peripherals.o
                0x0000e218                DMA_config
 .rodata.DMA_CH0_preemption_config
                0x0000e21c        0x3 ./board/peripherals.o
                0x0000e21c                DMA_CH0_preemption_config
 *fill*         0x0000e21f        0x1 ff
 .rodata.ADC0_config
                0x0000e220        0x9 ./board/peripherals.o
                0x0000e220                ADC0_config
 *fill*         0x0000e229        0x3 ff
 .rodata.ADC1_config
                0x0000e22c        0x9 ./board/peripherals.o
                0x0000e22c                ADC1_config
 *fill*         0x0000e235        0x3 ff
 .rodata.FTM0_config
                0x0000e238       0x1c ./board/peripherals.o
                0x0000e238                FTM0_config
 .rodata.FTM0_pwmSignalParams
                0x0000e254       0x14 ./board/peripherals.o
                0x0000e254                FTM0_pwmSignalParams
 .rodata.FTM3_config
                0x0000e268       0x1c ./board/peripherals.o
                0x0000e268                FTM3_config
 .rodata.FTM3_pwmSignalParams
                0x0000e284        0xa ./board/peripherals.o
                0x0000e284                FTM3_pwmSignalParams
 *fill*         0x0000e28e        0x2 ff
 .rodata.UART0_config
                0x0000e290       0x10 ./board/peripherals.o
                0x0000e290                UART0_config
 .rodata        0x0000e2a0        0x2 ./board/pin_mux.o
 *fill*         0x0000e2a2        0x2 ff
 .rodata.MT9V034_Init.str1.4
                0x0000e2a4       0x10 ./CDK66/CDK66_MT9V034.o
 .rodata.F6x8   0x0000e2b4      0x228 ./CDK66/CDK66_OLED.o
                0x0000e2b4                F6x8
 .rodata.F8X16  0x0000e4dc      0x5f0 ./CDK66/CDK66_OLED.o
                0x0000e4dc                F8X16
 .rodata.__num_Ciob_streams
                0x0000eacc        0x4 e:/nxp/mcuxpressoide_11.3.0_5222/ide/plugins/com.nxp.mcuxpresso.tools.win32_11.3.0.202008311133/tools/bin/../lib/gcc/arm-none-eabi/9.3.1/../../../../arm-none-eabi/lib/thumb/v7e-m+fp/hard\libcr_semihost_nf.a(__ciob.o)
                0x0000eacc                __num_Ciob_streams
 .rodata.__assertion_failed.str1.1
                0x0000ead0       0x15 e:/nxp/mcuxpressoide_11.3.0_5222/ide/plugins/com.nxp.mcuxpresso.tools.win32_11.3.0.202008311133/tools/bin/../lib/gcc/arm-none-eabi/9.3.1/../../../../arm-none-eabi/lib/thumb/v7e-m+fp/hard\libcr_semihost_nf.a(_cr_assert.o)
 .rodata._Csys_alloc.str1.1
                0x0000eae5       0x18 e:/nxp/mcuxpressoide_11.3.0_5222/ide/plugins/com.nxp.mcuxpresso.tools.win32_11.3.0.202008311133/tools/bin/../lib/gcc/arm-none-eabi/9.3.1/../../../../arm-none-eabi/lib/thumb/v7e-m+fp/hard\libcr_c.a(alloc.o)
 .rodata.fp_display.str1.1
                0x0000eafd       0x32 e:/nxp/mcuxpressoide_11.3.0_5222/ide/plugins/com.nxp.mcuxpresso.tools.win32_11.3.0.202008311133/tools/bin/../lib/gcc/arm-none-eabi/9.3.1/../../../../arm-none-eabi/lib/thumb/v7e-m+fp/hard\libcr_c.a(fpprintf.o)
                                 0x35 (size before relaxing)
 .rodata._initio.str1.1
                0x0000eb2f        0x4 e:/nxp/mcuxpressoide_11.3.0_5222/ide/plugins/com.nxp.mcuxpresso.tools.win32_11.3.0.202008311133/tools/bin/../lib/gcc/arm-none-eabi/9.3.1/../../../../arm-none-eabi/lib/thumb/v7e-m+fp/hard\libcr_c.a(initio.o)
 .rodata.__vfprintf.str1.1
                0x0000eb33       0x31 e:/nxp/mcuxpressoide_11.3.0_5222/ide/plugins/com.nxp.mcuxpresso.tools.win32_11.3.0.202008311133/tools/bin/../lib/gcc/arm-none-eabi/9.3.1/../../../../arm-none-eabi/lib/thumb/v7e-m+fp/hard\libcr_c.a(printf.o)
                                 0x38 (size before relaxing)
 .rodata.__ctype
                0x0000eb64      0x180 e:/nxp/mcuxpressoide_11.3.0_5222/ide/plugins/com.nxp.mcuxpresso.tools.win32_11.3.0.202008311133/tools/bin/../lib/gcc/arm-none-eabi/9.3.1/../../../../arm-none-eabi/lib/thumb/v7e-m+fp/hard\libcr_c.a(ctype.o)
                0x0000eb64                __ctype
                0x0000ece8                . = ALIGN (0x8)
 *fill*         0x0000ece4        0x4 ff

.glue_7         0x0000ece8        0x0
 .glue_7        0x0000ece8        0x0 linker stubs
