core_cm4.h:1679:22:__NVIC_EnableIRQ	16	static
fsl_common.h:484:28:EnableIRQ	16	static
fsl_gpio.h:162:20:GPIO_PinWrite	32	static
fsl_gpio.h:182:20:GPIO_PortSet	16	static
fsl_gpio.h:193:20:GPIO_PortClear	16	static
fsl_gpio.h:223:24:GPIO_PinRead	16	static
fsl_adc16.h:487:24:ADC16_GetChannelConversionValue	16	static
fsl_ftm.h:963:20:FTM_SetSoftwareTrigger	16	static
fsl_uart.h:558:23:UART_ReadByte	16	static
fsl_pit.h:105:20:PIT_GetDefaultConfig	16	static
fsl_pit.h:159:20:PIT_EnableInterrupts	24	static
fsl_pit.h:220:20:PIT_ClearStatusFlags	24	static
fsl_pit.h:246:20:PIT_SetTimerPeriod	24	static
fsl_pit.h:286:20:PIT_StartTimer	16	static
CDK66_Ref2.c:98:6:PORTB_IRQHandler	16	static
CDK66_Ref2.c:136:6:CCD_delay	16	static
CDK66_Ref2.c:144:6:CollectCCD	16	static
CDK66_Ref2.c:178:6:PcCmdProcess	56	static
CDK66_Ref2.c:204:6:UART0_RX_TX_IRQHandler	16	static
CDK66_Ref2.c:259:6:InitPITs	24	static
CDK66_Ref2.c:276:6:ShowNumHEX	24	static
CDK66_Ref2.c:285:6:ShowNumDEC	24	static
CDK66_Ref2.c:294:6:ShowNumOFF	8	static
CDK66_Ref2.c:300:6:PIT0_IRQHandler	8	static
CDK66_Ref2.c:315:6:CDK66_Analog_Input	32	static
CDK66_Ref2.c:364:6:Update_ServoUS	24	static
CDK66_Ref2.c:381:5:main	312	static
