core_cm4.h:1679:22:__NVIC_EnableIRQ	16	static
fsl_common.h:484:28:EnableIRQ	16	static
fsl_gpio.h:162:20:GPIO_PinWrite	32	static
fsl_gpio.h:182:20:GPIO_PortSet	16	static
fsl_gpio.h:193:20:GPIO_PortClear	16	static
fsl_gpio.h:204:20:GPIO_PortToggle	16	static
fsl_gpio.h:223:24:GPIO_PinRead	16	static
fsl_edma.h:644:20:EDMA_EnableChannelRequest	16	static
fsl_adc16.h:487:24:ADC16_GetChannelConversionValue	16	static
fsl_uart.h:558:23:UART_ReadByte	16	static
fsl_pit.h:105:20:PIT_GetDefaultConfig	16	static
fsl_pit.h:159:20:PIT_EnableInterrupts	24	static
fsl_pit.h:220:20:PIT_ClearStatusFlags	24	static
fsl_pit.h:246:20:PIT_SetTimerPeriod	24	static
fsl_pit.h:286:20:PIT_StartTimer	16	static
CDK66_Ref3.c:107:6:DMA_CAM_Repeat	16	static
CDK66_Ref3.c:131:6:DMA0_DMA16_IRQHandler	16	static
CDK66_Ref3.c:159:6:PORTB_IRQHandler	16	static
CDK66_Ref3.c:206:6:CCD_delay	16	static
CDK66_Ref3.c:214:6:CollectCCD	16	static
CDK66_Ref3.c:248:6:PcCmdProcess	56	static
CDK66_Ref3.c:273:6:UART0_RX_TX_IRQHandler	16	static
CDK66_Ref3.c:328:6:InitPITs	24	static
CDK66_Ref3.c:345:6:ShowNumHEX	24	static
CDK66_Ref3.c:354:6:ShowNumDEC	24	static
CDK66_Ref3.c:363:6:ShowNumOFF	8	static
CDK66_Ref3.c:369:6:PIT0_IRQHandler	8	static
CDK66_Ref3.c:384:6:CDK66_Analog_Input	32	static
CDK66_Ref3.c:478:6:Get_Use_Image	24	static
CDK66_Ref3.c:495:9:GetOSTU	336	static
CDK66_Ref3.c:555:6:Get_01_Value	48	static
CDK66_Ref3.c:594:6:Draw_View	16	static
CDK66_Ref3.c:618:6:SendImage	16	static
CDK66_Ref3.c:635:5:main	424	static
