core_cm4.h:1679:22:__NVIC_EnableIRQ	16	static
fsl_common.h:484:28:EnableIRQ	16	static
fsl_gpio.h:162:20:GPIO_PinWrite	32	static
fsl_gpio.h:182:20:GPIO_PortSet	16	static
fsl_gpio.h:193:20:GPIO_PortClear	16	static
fsl_gpio.h:204:20:GPIO_PortToggle	16	static
fsl_gpio.h:223:24:GPIO_PinRead	16	static
fsl_adc16.h:487:24:ADC16_GetChannelConversionValue	16	static
fsl_ftm.h:963:20:FTM_SetSoftwareTrigger	16	static
fsl_uart.h:558:23:UART_ReadByte	16	static
fsl_pit.h:105:20:PIT_GetDefaultConfig	16	static
fsl_pit.h:159:20:PIT_EnableInterrupts	24	static
fsl_pit.h:220:20:PIT_ClearStatusFlags	24	static
fsl_pit.h:246:20:PIT_SetTimerPeriod	24	static
fsl_pit.h:286:20:PIT_StartTimer	16	static
fsl_rtc.h:361:20:RTC_StartTimer	16	static
fsl_rtc.h:373:20:RTC_StopTimer	16	static
CDK66_KC4D.c:125:6:DMA_CAM_Repeat	16	static
CDK66_KC4D.c:153:6:DMA_DMA_CH_INT_DONE_0_IRQHANDLER	16	static
CDK66_KC4D.c:181:6:PORTB_IRQHandler	16	static
CDK66_KC4D.c:242:6:CCD_delay	16	static
CDK66_KC4D.c:250:6:CollectCCD	16	static
CDK66_KC4D.c:286:6:LinearCameraFlush	16	static
CDK66_KC4D.c:308:6:Get_01_Value_CCD	40	static
CDK66_KC4D.c:325:6:LinearCameraOneShot	16	static
CDK66_KC4D.c:366:6:Draw_LinearView	24	static
CDK66_KC4D.c:413:6:PcCmdProcess	64	static
CDK66_KC4D.c:449:6:UART0_RX_TX_IRQHandler	16	static
CDK66_KC4D.c:504:6:InitPITs	24	static
CDK66_KC4D.c:521:6:ShowNumHEX	24	static
CDK66_KC4D.c:530:6:ShowNumDEC	24	static
CDK66_KC4D.c:539:6:ShowNumOFF	8	static
CDK66_KC4D.c:545:6:PIT0_IRQHandler	8	static
CDK66_KC4D.c:560:6:CDK66_Analog_Input	32	static
CDK66_KC4D.c:636:20:Update_ServoUS	24	static
CDK66_KC4D.c:654:6:Get_Use_Image	24	static
CDK66_KC4D.c:670:9:GetOTSU	336	static
CDK66_KC4D.c:730:6:Get_01_Value	48	static
CDK66_KC4D.c:769:6:Draw_CameraView	16	static
CDK66_KC4D.c:792:6:SendImage	16	static
CDK66_KC4D.c:808:6:CCDGaus	296	static
CDK66_KC4D.c:821:6:SendCCDData	24	static
CDK66_KC4D.c:834:6:LDC	32	static
CDK66_KC4D.c:840:9:FindMidLine	40	static
CDK66_KC4D.c:866:5:main	208	static
