core_cm4.h:1679:22:__NVIC_EnableIRQ	16	static
fsl_common.h:484:28:EnableIRQ	16	static
fsl_gpio.h:162:20:GPIO_PinWrite	32	static
fsl_gpio.h:182:20:GPIO_PortSet	16	static
fsl_gpio.h:193:20:GPIO_PortClear	16	static
fsl_gpio.h:204:20:GPIO_PortToggle	16	static
fsl_gpio.h:223:24:GPIO_PinRead	16	static
fsl_adc16.h:487:24:ADC16_GetChannelConversionValue	16	static
fsl_ftm.h:963:20:FTM_SetSoftwareTrigger	16	static
fsl_uart.h:558:23:UART_ReadByte	16	static
fsl_pit.h:105:20:PIT_GetDefaultConfig	16	static
fsl_pit.h:159:20:PIT_EnableInterrupts	24	static
fsl_pit.h:220:20:PIT_ClearStatusFlags	24	static
fsl_pit.h:246:20:PIT_SetTimerPeriod	24	static
fsl_pit.h:286:20:PIT_StartTimer	16	static
CDK66_Ref5.c:111:6:DMA_CAM_Repeat	16	static
CDK66_Ref5.c:139:6:DMA_DMA_CH_INT_DONE_0_IRQHANDLER	16	static
CDK66_Ref5.c:167:6:PORTB_IRQHandler	16	static
CDK66_Ref5.c:226:6:CCD_delay	16	static
CDK66_Ref5.c:234:6:CollectCCD	16	static
CDK66_Ref5.c:270:6:LinearCameraFlush	16	static
CDK66_Ref5.c:291:6:LinearCameraOneShot	16	static
CDK66_Ref5.c:329:6:Draw_LinearView	16	static
CDK66_Ref5.c:367:6:PcCmdProcess	56	static
CDK66_Ref5.c:392:6:UART0_RX_TX_IRQHandler	16	static
CDK66_Ref5.c:447:6:InitPITs	24	static
CDK66_Ref5.c:464:6:ShowNumHEX	24	static
CDK66_Ref5.c:473:6:ShowNumDEC	24	static
CDK66_Ref5.c:482:6:ShowNumOFF	8	static
CDK66_Ref5.c:488:6:PIT0_IRQHandler	8	static
CDK66_Ref5.c:503:6:CDK66_Analog_Input	32	static
CDK66_Ref5.c:579:20:Update_ServoUS	24	static
CDK66_Ref5.c:597:6:Get_Use_Image	24	static
CDK66_Ref5.c:613:9:GetOTSU	336	static
CDK66_Ref5.c:673:6:Get_01_Value	48	static
CDK66_Ref5.c:712:6:Draw_CameraView	16	static
CDK66_Ref5.c:735:6:SendImage	16	static
CDK66_Ref5.c:754:5:main	424	static
