core_cm4.h:1679:22:__NVIC_EnableIRQ	16	static
fsl_common.h:484:28:EnableIRQ	16	static
fsl_gpio.h:182:20:GPIO_PortSet	16	static
fsl_gpio.h:193:20:GPIO_PortClear	16	static
fsl_gpio.h:223:24:GPIO_PinRead	16	static
fsl_uart.h:558:23:UART_ReadByte	16	static
fsl_pit.h:105:20:PIT_GetDefaultConfig	16	static
fsl_pit.h:159:20:PIT_EnableInterrupts	24	static
fsl_pit.h:220:20:PIT_ClearStatusFlags	24	static
fsl_pit.h:246:20:PIT_SetTimerPeriod	24	static
fsl_pit.h:286:20:PIT_StartTimer	16	static
CDK66_Ref1.c:73:6:PORTB_IRQHandler	16	static
CDK66_Ref1.c:111:6:PcCmdProcess	64	static
CDK66_Ref1.c:137:6:UART0_RX_TX_IRQHandler	16	static
CDK66_Ref1.c:193:6:InitPITs	24	static
CDK66_Ref1.c:210:6:ShowNumHEX	24	static
CDK66_Ref1.c:219:6:ShowNumDEC	24	static
CDK66_Ref1.c:228:6:ShowNumOFF	8	static
CDK66_Ref1.c:234:6:PIT0_IRQHandler	8	static
CDK66_Ref1.c:250:5:main	16	static
